Component: ARM Compiler 5.06 update 4 (build 422) Tool: armlink [4d35d2]

==============================================================================

Section Cross References

    display.o(.ARM.exidx) refers to display.o(i._ZN7Display13setDimentionsEv) for i._ZN7Display13setDimentionsEv
    display.o(.ARM.exidx) refers to display.o(i._ZN7Display6getFPSEv) for i._ZN7Display6getFPSEv
    display.o(.ARM.exidx) refers to display.o(i._ZN7Display6setFPSEt) for i._ZN7Display6setFPSEt
    display.o(.ARM.exidx) refers to display.o(i._ZN7Display4initEv) for i._ZN7Display4initEv
    display.o(.ARM.exidx) refers to display.o(i._ZN7Display4drawEv) for i._ZN7Display4drawEv
    display_ili9341.o(i.DMA1_Channel3_IRQHandler) refers to stm32f10x_gpio.o(i.GPIO_WriteBit) for GPIO_WriteBit
    display_ili9341.o(i.DMA1_Channel3_IRQHandler) refers to stm32f10x_dma.o(i.DMA_Cmd) for DMA_Cmd
    display_ili9341.o(i.DMA1_Channel3_IRQHandler) refers to stm32f10x_dma.o(i.DMA_ClearITPendingBit) for DMA_ClearITPendingBit
    display_ili9341.o(i.DMA1_Channel3_IRQHandler) refers to display_ili9341.o(.data) for sendLineDone
    display_ili9341.o(i.TIM3_IRQHandler) refers to display_ili9341.o(.data) for frameCounter
    display_ili9341.o(i.TIM4_IRQHandler) refers to display_ili9341.o(.data) for allowFrame
    display_ili9341.o(i._ZN15Display_ILI934110writeData8Eh) refers to stm32f10x_gpio.o(i.GPIO_WriteBit) for GPIO_WriteBit
    display_ili9341.o(i._ZN15Display_ILI934110writeData8Eh) refers to stm32f10x_spi.o(i.SPI_I2S_GetFlagStatus) for SPI_I2S_GetFlagStatus
    display_ili9341.o(i._ZN15Display_ILI934111writeData16Et) refers to stm32f10x_gpio.o(i.GPIO_WriteBit) for GPIO_WriteBit
    display_ili9341.o(i._ZN15Display_ILI934111writeData16Et) refers to stm32f10x_spi.o(i.SPI_I2S_GetFlagStatus) for SPI_I2S_GetFlagStatus
    display_ili9341.o(i._ZN15Display_ILI934112displayClearEh) refers to display_ili9341.o(i._ZN15Display_ILI93416setColEtt) for Display_ILI9341::setCol(unsigned short, unsigned short)
    display_ili9341.o(i._ZN15Display_ILI934112displayClearEh) refers to display_ili9341.o(i._ZN15Display_ILI93417setPageEtt) for Display_ILI9341::setPage(unsigned short, unsigned short)
    display_ili9341.o(i._ZN15Display_ILI934112displayClearEh) refers to display_ili9341.o(i._ZN15Display_ILI93417sendCMDEh) for Display_ILI9341::sendCMD(unsigned char)
    display_ili9341.o(i._ZN15Display_ILI934112displayClearEh) refers to stm32f10x_gpio.o(i.GPIO_WriteBit) for GPIO_WriteBit
    display_ili9341.o(i._ZN15Display_ILI934112displayClearEh) refers to display_ili9341.o(i._ZN15Display_ILI93417initDMAEPt) for Display_ILI9341::initDMA(unsigned short*)
    display_ili9341.o(i._ZN15Display_ILI934112displayClearEh) refers to stm32f10x_dma.o(i.DMA_Cmd) for DMA_Cmd
    display_ili9341.o(i._ZN15Display_ILI934112displayClearEh) refers to display_ili9341.o(.bss) for line1
    display_ili9341.o(i._ZN15Display_ILI934112displayClearEh) refers to display_ili9341.o(.data) for sendLineDone
    display_ili9341.o(i._ZN15Display_ILI934112initFPSTimerEt) refers to stm32f10x_rcc.o(i.RCC_GetClocksFreq) for RCC_GetClocksFreq
    display_ili9341.o(i._ZN15Display_ILI934112initFPSTimerEt) refers to stm32f10x_rcc.o(i.RCC_APB1PeriphClockCmd) for RCC_APB1PeriphClockCmd
    display_ili9341.o(i._ZN15Display_ILI934112initFPSTimerEt) refers to display_ili9341.o(i._Z16__NVIC_EnableIRQ4IRQn) for __NVIC_EnableIRQ(IRQn)
    display_ili9341.o(i._ZN15Display_ILI93414drawEv) refers to display_ili9341.o(i._ZN15Display_ILI93417sendCMDEh) for Display_ILI9341::sendCMD(unsigned char)
    display_ili9341.o(i._ZN15Display_ILI93414drawEv) refers to stm32f10x_gpio.o(i.GPIO_WriteBit) for GPIO_WriteBit
    display_ili9341.o(i._ZN15Display_ILI93414drawEv) refers to engine.o(i._ZN6Engine9parseLineEsPt) for Engine::parseLine(short, unsigned short*)
    display_ili9341.o(i._ZN15Display_ILI93414drawEv) refers to display_ili9341.o(i._ZN15Display_ILI93417initDMAEPt) for Display_ILI9341::initDMA(unsigned short*)
    display_ili9341.o(i._ZN15Display_ILI93414drawEv) refers to stm32f10x_dma.o(i.DMA_Cmd) for DMA_Cmd
    display_ili9341.o(i._ZN15Display_ILI93414drawEv) refers to engine.o(i._ZN6Engine5clearEv) for Engine::clear()
    display_ili9341.o(i._ZN15Display_ILI93414drawEv) refers to display_ili9341.o(.bss) for line1
    display_ili9341.o(i._ZN15Display_ILI93414drawEv) refers to display_ili9341.o(.data) for sendLineDone
    display_ili9341.o(i._ZN15Display_ILI93414initEv) refers to stm32f10x_rcc.o(i.RCC_AHBPeriphClockCmd) for RCC_AHBPeriphClockCmd
    display_ili9341.o(i._ZN15Display_ILI93414initEv) refers to stm32f10x_gpio.o(i.GPIO_Init) for GPIO_Init
    display_ili9341.o(i._ZN15Display_ILI93414initEv) refers to stm32f10x_gpio.o(i.GPIO_WriteBit) for GPIO_WriteBit
    display_ili9341.o(i._ZN15Display_ILI93414initEv) refers to helpers.o(i._Z11delayByLoopj) for delayByLoop(unsigned)
[...]
    ../clib/memcpset.s                       0x00000000   Number         0  memcpy.o ABSOLUTE
    ../clib/memcpset.s                       0x00000000   Number         0  rt_memclr.o ABSOLUTE
    ../clib/memcpset.s                       0x00000000   Number         0  rt_memcpy_w.o ABSOLUTE
    ../clib/memcpset.s                       0x00000000   Number         0  rt_memcpy_v6.o ABSOLUTE
    ../clib/signal.c                         0x00000000   Number         0  defsig_abrt_formal.o ABSOLUTE
    ../clib/signal.c                         0x00000000   Number         0  defsig_pvfn_inner.o ABSOLUTE
    ../clib/signal.c                         0x00000000   Number         0  defsig_rtred_inner.o ABSOLUTE
    ../clib/signal.c                         0x00000000   Number         0  defsig_rtmem_outer.o ABSOLUTE
    ../clib/signal.c                         0x00000000   Number         0  defsig_rtmem_formal.o ABSOLUTE
    ../clib/signal.c                         0x00000000   Number         0  defsig_general.o ABSOLUTE
    ../clib/signal.c                         0x00000000   Number         0  defsig_fpe_inner.o ABSOLUTE
    ../clib/signal.c                         0x00000000   Number         0  defsig_stak_inner.o ABSOLUTE
    ../clib/signal.c                         0x00000000   Number         0  __raise.o ABSOLUTE
    ../clib/signal.c                         0x00000000   Number         0  defsig_exit.o ABSOLUTE
    ../clib/signal.c                         0x00000000   Number         0  defsig_abrt_inner.o ABSOLUTE
    ../clib/signal.c                         0x00000000   Number         0  defsig_rtmem_inner.o ABSOLUTE
    ../clib/signal.c                         0x00000000   Number         0  defsig_cppl_inner.o ABSOLUTE
    ../clib/signal.c                         0x00000000   Number         0  defsig_segv_inner.o ABSOLUTE
    ../clib/signal.c                         0x00000000   Number         0  defsig_other.o ABSOLUTE
    ../clib/signal.c                         0x00000000   Number         0  defsig_abrt_outer.o ABSOLUTE
    ../clib/signal.s                         0x00000000   Number         0  defsig.o ABSOLUTE
    ../clib/stdlib.c                         0x00000000   Number         0  exit.o ABSOLUTE
    ../clib/stdlib.c                         0x00000000   Number         0  abort.o ABSOLUTE
    ../clib/string.c                         0x00000000   Number         0  strlen.o ABSOLUTE
    ../fplib/fpinit.s                        0x00000000   Number         0  fpinit.o ABSOLUTE
    D:\Keil_v5\ARM\PACK\Keil\STM32F1xx_DFP\2.3.0\Device\StdPeriph_Driver\src\misc.c 0x00000000   Number         0  misc.o ABSOLUTE
    D:\Keil_v5\ARM\PACK\Keil\STM32F1xx_DFP\2.3.0\Device\StdPeriph_Driver\src\stm32f10x_adc.c 0x00000000   Number         0  stm32f10x_adc.o ABSOLUTE
    D:\Keil_v5\ARM\PACK\Keil\STM32F1xx_DFP\2.3.0\Device\StdPeriph_Driver\src\stm32f10x_dma.c 0x00000000   Number         0  stm32f10x_dma.o ABSOLUTE
    D:\Keil_v5\ARM\PACK\Keil\STM32F1xx_DFP\2.3.0\Device\StdPeriph_Driver\src\stm32f10x_flash.c 0x00000000   Number         0  stm32f10x_flash.o ABSOLUTE
    D:\Keil_v5\ARM\PACK\Keil\STM32F1xx_DFP\2.3.0\Device\StdPeriph_Driver\src\stm32f10x_gpio.c 0x00000000   Number         0  stm32f10x_gpio.o ABSOLUTE
    D:\Keil_v5\ARM\PACK\Keil\STM32F1xx_DFP\2.3.0\Device\StdPeriph_Driver\src\stm32f10x_rcc.c 0x00000000   Number         0  stm32f10x_rcc.o ABSOLUTE
    D:\Keil_v5\ARM\PACK\Keil\STM32F1xx_DFP\2.3.0\Device\StdPeriph_Driver\src\stm32f10x_spi.c 0x00000000   Number         0  stm32f10x_spi.o ABSOLUTE
    D:\Keil_v5\ARM\PACK\Keil\STM32F1xx_DFP\2.3.0\Device\StdPeriph_Driver\src\stm32f10x_tim.c 0x00000000   Number         0  stm32f10x_tim.o ABSOLUTE
    D:\Keil_v5\ARM\PACK\Keil\STM32F1xx_DFP\2.3.0\Device\StdPeriph_Driver\src\stm32f10x_usart.c 0x00000000   Number         0  stm32f10x_usart.o ABSOLUTE
    D:\Keil_v5\ARM\PACK\Keil\STM32F1xx_DFP\2.3.0\RTE_Driver\GPIO_STM32F10x.c 0x00000000   Number         0  gpio_stm32f10x.o ABSOLUTE
    D:\\Keil_v5\\ARM\\PACK\\Keil\\STM32F1xx_DFP\\2.3.0\\Device\\StdPeriph_Driver\\src\\misc.c 0x00000000   Number         0  misc.o ABSOLUTE
    D:\\Keil_v5\\ARM\\PACK\\Keil\\STM32F1xx_DFP\\2.3.0\\Device\\StdPeriph_Driver\\src\\stm32f10x_adc.c 0x00000000   Number         0  stm32f10x_adc.o ABSOLUTE
    D:\\Keil_v5\\ARM\\PACK\\Keil\\STM32F1xx_DFP\\2.3.0\\Device\\StdPeriph_Driver\\src\\stm32f10x_dma.c 0x00000000   Number         0  stm32f10x_dma.o ABSOLUTE
    D:\\Keil_v5\\ARM\\PACK\\Keil\\STM32F1xx_DFP\\2.3.0\\Device\\StdPeriph_Driver\\src\\stm32f10x_flash.c 0x00000000   Number         0  stm32f10x_flash.o ABSOLUTE
    D:\\Keil_v5\\ARM\\PACK\\Keil\\STM32F1xx_DFP\\2.3.0\\Device\\StdPeriph_Driver\\src\\stm32f10x_gpio.c 0x00000000   Number         0  stm32f10x_gpio.o ABSOLUTE
    D:\\Keil_v5\\ARM\\PACK\\Keil\\STM32F1xx_DFP\\2.3.0\\Device\\StdPeriph_Driver\\src\\stm32f10x_rcc.c 0x00000000   Number         0  stm32f10x_rcc.o ABSOLUTE
    D:\\Keil_v5\\ARM\\PACK\\Keil\\STM32F1xx_DFP\\2.3.0\\Device\\StdPeriph_Driver\\src\\stm32f10x_spi.c 0x00000000   Number         0  stm32f10x_spi.o ABSOLUTE
    D:\\Keil_v5\\ARM\\PACK\\Keil\\STM32F1xx_DFP\\2.3.0\\Device\\StdPeriph_Driver\\src\\stm32f10x_tim.c 0x00000000   Number         0  stm32f10x_tim.o ABSOLUTE
    D:\\Keil_v5\\ARM\\PACK\\Keil\\STM32F1xx_DFP\\2.3.0\\Device\\StdPeriph_Driver\\src\\stm32f10x_usart.c 0x00000000   Number         0  stm32f10x_usart.o ABSOLUTE
    D:\\Keil_v5\\ARM\\PACK\\Keil\\STM32F1xx_DFP\\2.3.0\\RTE_Driver\\GPIO_STM32F10x.c 0x00000000   Number         0  gpio_stm32f10x.o ABSOLUTE
    RTE\Device\STM32F103C8\startup_stm32f10x_md.s 0x00000000   Number         0  startup_stm32f10x_md.o ABSOLUTE
    RTE\Device\STM32F103C8\system_stm32f10x.c 0x00000000   Number         0  system_stm32f10x.o ABSOLUTE
    RTE\\Device\\STM32F103C8\\system_stm32f10x.c 0x00000000   Number         0  system_stm32f10x.o ABSOLUTE
    dc.s                                     0x00000000   Number         0  dc.o ABSOLUTE
    display.cpp                              0x00000000   Number         0  display.o ABSOLUTE
    display.cpp                              0x00000000   Number         0  display.o ABSOLUTE
    display_ili9341.cpp                      0x00000000   Number         0  display_ili9341.o ABSOLUTE
    display_ili9341.cpp                      0x00000000   Number         0  display_ili9341.o ABSOLUTE
    engine.cpp                               0x00000000   Number         0  engine.o ABSOLUTE
    engine.cpp                               0x00000000   Number         0  engine.o ABSOLUTE
    hardware.cpp                             0x00000000   Number         0  hardware.o ABSOLUTE
    hardware.cpp                             0x00000000   Number         0  hardware.o ABSOLUTE
    helpers.cpp                              0x00000000   Number         0  helpers.o ABSOLUTE
    helpers.cpp                              0x00000000   Number         0  helpers.o ABSOLUTE
    input.cpp                                0x00000000   Number         0  input.o ABSOLUTE
    input.cpp                                0x00000000   Number         0  input.o ABSOLUTE
    main.cpp                                 0x00000000   Number         0  main.o ABSOLUTE
    main.cpp                                 0x00000000   Number         0  main.o ABSOLUTE
    mem.cpp                                  0x00000000   Number         0  mem.o ABSOLUTE
    sdcard.cpp                               0x00000000   Number         0  sdcard.o ABSOLUTE
    sdcard.cpp                               0x00000000   Number         0  sdcard.o ABSOLUTE
    terminal.cpp                             0x00000000   Number         0  terminal.o ABSOLUTE
    terminal.cpp                             0x00000000   Number         0  terminal.o ABSOLUTE
    text.cpp                                 0x00000000   Number         0  text.o ABSOLUTE
    text.cpp                                 0x00000000   Number         0  text.o ABSOLUTE
    vex_loader.cpp                           0x00000000   Number         0  vex_loader.o ABSOLUTE
    vex_loader.cpp                           0x00000000   Number         0  vex_loader.o ABSOLUTE
    RESET                                    0x08000000   Section      236  startup_stm32f10x_md.o(RESET)
    !!!main                                  0x080000ec   Section        8  __main.o(!!!main)
    !!!scatter                               0x080000f4   Section       52  __scatter.o(!!!scatter)
    !!handler_copy                           0x08000128   Section       26  __scatter_copy.o(!!handler_copy)
    !!handler_zi                             0x08000144   Section       28  __scatter_zi.o(!!handler_zi)
    .ARM.Collect$$libinit$$00000000          0x08000160   Section        2  libinit.o(.ARM.Collect$$libinit$$00000000)
    .ARM.Collect$$libinit$$00000002          0x08000162   Section        0  libinit2.o(.ARM.Collect$$libinit$$00000002)
    .ARM.Collect$$libinit$$00000004          0x08000162   Section        0  libinit2.o(.ARM.Collect$$libinit$$00000004)
    .ARM.Collect$$libinit$$0000000A          0x08000162   Section        0  libinit2.o(.ARM.Collect$$libinit$$0000000A)
    .ARM.Collect$$libinit$$0000000C          0x08000162   Section        0  libinit2.o(.ARM.Collect$$libinit$$0000000C)
    .ARM.Collect$$libinit$$0000000E          0x08000162   Section        0  libinit2.o(.ARM.Collect$$libinit$$0000000E)
    .ARM.Collect$$libinit$$00000011          0x08000162   Section        0  libinit2.o(.ARM.Collect$$libinit$$00000011)
    .ARM.Collect$$libinit$$00000013          0x08000162   Section        0  libinit2.o(.ARM.Collect$$libinit$$00000013)
    .ARM.Collect$$libinit$$00000015          0x08000162   Section        0  libinit2.o(.ARM.Collect$$libinit$$00000015)
    .ARM.Collect$$libinit$$00000017          0x08000162   Section        0  libinit2.o(.ARM.Collect$$libinit$$00000017)
    .ARM.Collect$$libinit$$00000019          0x08000162   Section        0  libinit2.o(.ARM.Collect$$libinit$$00000019)
    .ARM.Collect$$libinit$$0000001B          0x08000162   Section        0  libinit2.o(.ARM.Collect$$libinit$$0000001B)
    .ARM.Collect$$libinit$$0000001D          0x08000162   Section        0  libinit2.o(.ARM.Collect$$libinit$$0000001D)
    .ARM.Collect$$libinit$$0000001F          0x08000162   Section        0  libinit2.o(.ARM.Collect$$libinit$$0000001F)
    .ARM.Collect$$libinit$$00000021          0x08000162   Section        0  libinit2.o(.ARM.Collect$$libinit$$00000021)
    .ARM.Collect$$libinit$$00000023          0x08000162   Section        0  libinit2.o(.ARM.Collect$$libinit$$00000023)
    .ARM.Collect$$libinit$$00000025          0x08000162   Section        0  libinit2.o(.ARM.Collect$$libinit$$00000025)
    .ARM.Collect$$libinit$$0000002C          0x08000162   Section        0  libinit2.o(.ARM.Collect$$libinit$$0000002C)
    .ARM.Collect$$libinit$$0000002E          0x08000162   Section        0  libinit2.o(.ARM.Collect$$libinit$$0000002E)
    .ARM.Collect$$libinit$$00000030          0x08000162   Section        0  libinit2.o(.ARM.Collect$$libinit$$00000030)
    .ARM.Collect$$libinit$$00000031          0x08000162   Section        4  libinit2.o(.ARM.Collect$$libinit$$00000031)
    .ARM.Collect$$libinit$$00000032          0x08000166   Section        0  libinit2.o(.ARM.Collect$$libinit$$00000032)
    .ARM.Collect$$libinit$$00000033          0x08000166   Section        2  libinit2.o(.ARM.Collect$$libinit$$00000033)
    .ARM.Collect$$libshutdown$$00000000      0x08000168   Section        2  libshutdown.o(.ARM.Collect$$libshutdown$$00000000)
    .ARM.Collect$$libshutdown$$00000002      0x0800016a   Section        0  libshutdown2.o(.ARM.Collect$$libshutdown$$00000002)
    .ARM.Collect$$libshutdown$$00000004      0x0800016a   Section        0  libshutdown2.o(.ARM.Collect$$libshutdown$$00000004)
    .ARM.Collect$$libshutdown$$00000007      0x0800016a   Section        0  libshutdown2.o(.ARM.Collect$$libshutdown$$00000007)
    .ARM.Collect$$libshutdown$$0000000A      0x0800016a   Section        0  libshutdown2.o(.ARM.Collect$$libshutdown$$0000000A)
    .ARM.Collect$$libshutdown$$0000000C      0x0800016a   Section        0  libshutdown2.o(.ARM.Collect$$libshutdown$$0000000C)
    .ARM.Collect$$libshutdown$$0000000F      0x0800016a   Section        0  libshutdown2.o(.ARM.Collect$$libshutdown$$0000000F)
    .ARM.Collect$$libshutdown$$00000010      0x0800016a   Section        2  libshutdown2.o(.ARM.Collect$$libshutdown$$00000010)
    .ARM.Collect$$rtentry$$00000000          0x0800016c   Section        0  __rtentry.o(.ARM.Collect$$rtentry$$00000000)
    .ARM.Collect$$rtentry$$00000002          0x0800016c   Section        0  __rtentry2.o(.ARM.Collect$$rtentry$$00000002)
    .ARM.Collect$$rtentry$$00000004          0x0800016c   Section        6  __rtentry4.o(.ARM.Collect$$rtentry$$00000004)
    .ARM.Collect$$rtentry$$00000009          0x08000172   Section        0  __rtentry2.o(.ARM.Collect$$rtentry$$00000009)
    .ARM.Collect$$rtentry$$0000000A          0x08000172   Section        4  __rtentry2.o(.ARM.Collect$$rtentry$$0000000A)
    .ARM.Collect$$rtentry$$0000000C          0x08000176   Section        0  __rtentry2.o(.ARM.Collect$$rtentry$$0000000C)
    .ARM.Collect$$rtentry$$0000000D          0x08000176   Section        8  __rtentry2.o(.ARM.Collect$$rtentry$$0000000D)
    .ARM.Collect$$rtexit$$00000000           0x0800017e   Section        2  rtexit.o(.ARM.Collect$$rtexit$$00000000)
    .ARM.Collect$$rtexit$$00000002           0x08000180   Section        0  rtexit2.o(.ARM.Collect$$rtexit$$00000002)
    .ARM.Collect$$rtexit$$00000003           0x08000180   Section        4  rtexit2.o(.ARM.Collect$$rtexit$$00000003)
    .ARM.Collect$$rtexit$$00000004           0x08000184   Section        6  rtexit2.o(.ARM.Collect$$rtexit$$00000004)
    .text                                    0x0800018c   Section       64  startup_stm32f10x_md.o(.text)
    .text                                    0x080001cc   Section        0  strlen.o(.text)
    .text                                    0x0800020a   Section      138  rt_memcpy_v6.o(.text)
    .text                                    0x08000294   Section        8  memcpy.o(.text)
    .text                                    0x0800029c   Section       22  memset.o(.text)
    .text                                    0x080002b2   Section       16  aeabi_memset.o(.text)
    .text                                    0x080002c2   Section       68  rt_memclr.o(.text)
    .text                                    0x08000306   Section        0  heapauxi.o(.text)
    .text                                    0x0800030c   Section        0  init_aeabi.o(.text)
    .text                                    0x08000330   Section      100  rt_memcpy_w.o(.text)
    .text                                    0x08000394   Section       78  rt_memclr_w.o(.text)
    .text                                    0x080003e2   Section       74  sys_stackheap_outer.o(.text)
    .text                                    0x0800042c   Section        0  exit.o(.text)
    .text                                    0x08000440   Section        0  sys_exit.o(.text)
    .text                                    0x0800044c   Section        8  libspace.o(.text)
    .text                                    0x08000454   Section        2  use_no_semi.o(.text)
    .text                                    0x08000456   Section        0  indicate_semi.o(.text)
    i.ADC_AutoInjectedConvCmd                0x08000456   Section        0  stm32f10x_adc.o(i.ADC_AutoInjectedConvCmd)
    i.ADC_Cmd                                0x0800046c   Section        0  stm32f10x_adc.o(i.ADC_Cmd)
    i.ADC_ExternalTrigInjectedConvConfig     0x08000482   Section        0  stm32f10x_adc.o(i.ADC_ExternalTrigInjectedConvConfig)
    i.ADC_GetCalibrationStatus               0x08000492   Section        0  stm32f10x_adc.o(i.ADC_GetCalibrationStatus)
    i.ADC_GetInjectedConversionValue         0x080004a6   Section        0  stm32f10x_adc.o(i.ADC_GetInjectedConversionValue)
    i.ADC_GetResetCalibrationStatus          0x080004c2   Section        0  stm32f10x_adc.o(i.ADC_GetResetCalibrationStatus)
    i.ADC_Init                               0x080004d8   Section        0  stm32f10x_adc.o(i.ADC_Init)
    i.ADC_InjectedChannelConfig              0x08000528   Section        0  stm32f10x_adc.o(i.ADC_InjectedChannelConfig)
    i.ADC_InjectedSequencerLengthConfig      0x080005aa   Section        0  stm32f10x_adc.o(i.ADC_InjectedSequencerLengthConfig)
    i.ADC_ResetCalibration                   0x080005c2   Section        0  stm32f10x_adc.o(i.ADC_ResetCalibration)
    i.ADC_SoftwareStartInjectedConvCmd       0x080005cc   Section        0  stm32f10x_adc.o(i.ADC_SoftwareStartInjectedConvCmd)
    i.ADC_StartCalibration                   0x080005e2   Section        0  stm32f10x_adc.o(i.ADC_StartCalibration)
    i.DMA1_Channel3_IRQHandler               0x080005ec   Section        0  display_ili9341.o(i.DMA1_Channel3_IRQHandler)
    i.DMA_ClearITPendingBit                  0x0800061c   Section        0  stm32f10x_dma.o(i.DMA_ClearITPendingBit)
    i.DMA_Cmd                                0x08000638   Section        0  stm32f10x_dma.o(i.DMA_Cmd)
    i.DMA_ITConfig                           0x08000650   Section        0  stm32f10x_dma.o(i.DMA_ITConfig)
    i.DMA_Init                               0x08000662   Section        0  stm32f10x_dma.o(i.DMA_Init)
    i.GPIO_Init                              0x0800069e   Section        0  stm32f10x_gpio.o(i.GPIO_Init)
    i.GPIO_WriteBit                          0x080007b4   Section        0  stm32f10x_gpio.o(i.GPIO_WriteBit)
    i.RCC_ADCCLKConfig                       0x080007c0   Section        0  stm32f10x_rcc.o(i.RCC_ADCCLKConfig)
    i.RCC_AHBPeriphClockCmd                  0x080007d8   Section        0  stm32f10x_rcc.o(i.RCC_AHBPeriphClockCmd)
    i.RCC_APB1PeriphClockCmd                 0x080007f8   Section        0  stm32f10x_rcc.o(i.RCC_APB1PeriphClockCmd)
    i.RCC_APB2PeriphClockCmd                 0x08000818   Section        0  stm32f10x_rcc.o(i.RCC_APB2PeriphClockCmd)
    i.RCC_GetClocksFreq                      0x08000838   Section        0  stm32f10x_rcc.o(i.RCC_GetClocksFreq)
    i.SPI_Cmd                                0x0800090c   Section        0  stm32f10x_spi.o(i.SPI_Cmd)
    i.SPI_I2S_DMACmd                         0x08000924   Section        0  stm32f10x_spi.o(i.SPI_I2S_DMACmd)
    i.SPI_I2S_GetFlagStatus                  0x08000936   Section        0  stm32f10x_spi.o(i.SPI_I2S_GetFlagStatus)
    i.SPI_Init                               0x08000948   Section        0  stm32f10x_spi.o(i.SPI_Init)
    i.SetSysClock                            0x08000984   Section        0  system_stm32f10x.o(i.SetSysClock)
    SetSysClock                              0x08000985   Thumb Code     8  system_stm32f10x.o(i.SetSysClock)
    i.SetSysClockTo72                        0x0800098c   Section        0  system_stm32f10x.o(i.SetSysClockTo72)
    SetSysClockTo72                          0x0800098d   Thumb Code   214  system_stm32f10x.o(i.SetSysClockTo72)
    i.SystemInit                             0x08000a6c   Section        0  system_stm32f10x.o(i.SystemInit)
    i.TIM2_IRQHandler                        0x08000acc   Section        0  hardware.o(i.TIM2_IRQHandler)
    i.TIM3_IRQHandler                        0x08000aec   Section        0  display_ili9341.o(i.TIM3_IRQHandler)
    i.TIM4_IRQHandler                        0x08000b14   Section        0  display_ili9341.o(i.TIM4_IRQHandler)
    i._Z10FSReadFilePcP10FileWorker          0x08000b30   Section        0  sdcard.o(i._Z10FSReadFilePcP10FileWorker)
    i._Z10SDGetDWordj                        0x08000b78   Section        0  sdcard.o(i._Z10SDGetDWordj)
    i._Z10SDSetDWordji                       0x08000bac   Section        0  sdcard.o(i._Z10SDSetDWordji)
    i._Z10clearTimerv                        0x08000bdc   Section        0  hardware.o(i._Z10clearTimerv)
    i._Z11FSWriteFilePKcP10FileWorker        0x08000be8   Section        0  sdcard.o(i._Z11FSWriteFilePKcP10FileWorker)
    i._Z11checkHeaderP13VexMainHeaderi       0x08000d98   Section        0  vex_loader.o(i._Z11checkHeaderP13VexMainHeaderi)
    i._Z11clearMemoryPKhj                    0x08000dd0   Section        0  vex_loader.o(i._Z11clearMemoryPKhj)
    i._Z11delayByLoopj                       0x08000e18   Section        0  helpers.o(i._Z11delayByLoopj)
    i._Z11displaySyncv                       0x08000e24   Section        0  vex_loader.o(i._Z11displaySyncv)
    i._Z11flash_readyv                       0x08000e34   Section        0  vex_loader.o(i._Z11flash_readyv)
    i._Z12FSGetClusterPKcP8FileInfoPiS3_     0x08000e48   Section        0  sdcard.o(i._Z12FSGetClusterPKcP8FileInfoPiS3_)
    i._Z12SDReadSectorj                      0x08000fb4   Section        0  sdcard.o(i._Z12SDReadSectorj)
    i._Z12initHardwarev                      0x08001044   Section        0  hardware.o(i._Z12initHardwarev)
    i._Z12unlockMemoryv                      0x08001240   Section        0  vex_loader.o(i._Z12unlockMemoryv)
    i._Z13SDSendCommandhj                    0x08001258   Section        0  sdcard.o(i._Z13SDSendCommandhj)
    i._Z13SDWriteSectorj                     0x080012fc   Section        0  sdcard.o(i._Z13SDWriteSectorj)
    i._Z13debugInternalv                     0x08001394   Section        0  vex_loader.o(i._Z13debugInternalv)
    i._Z14FSClearClusteri                    0x080013dc   Section        0  sdcard.o(i._Z14FSClearClusteri)
    i._Z14FSReadNextFilePciP15DirectoryReaderP8FileInfo 0x08001414   Section        0  sdcard.o(i._Z14FSReadNextFilePciP15DirectoryReaderP8FileInfo)
    i._Z16FSGetStartSectori                  0x0800155c   Section        0  sdcard.o(i._Z16FSGetStartSectori)
    i._Z16FSMakeNewClusterv                  0x08001578   Section        0  sdcard.o(i._Z16FSMakeNewClusterv)
    i._Z16__NVIC_EnableIRQ4IRQn              0x080015c4   Section        0  display_ili9341.o(i._Z16__NVIC_EnableIRQ4IRQn)
    __NVIC_EnableIRQ(IRQn)                   0x080015c5   Thumb Code    26  display_ili9341.o(i._Z16__NVIC_EnableIRQ4IRQn)
    i._Z17FSGetClusterValuei                 0x080015e0   Section        0  sdcard.o(i._Z17FSGetClusterValuei)
    i._Z17FSSetClusterValueii                0x08001614   Section        0  sdcard.o(i._Z17FSSetClusterValueii)
    i._Z17getTimerWithClearv                 0x08001658   Section        0  hardware.o(i._Z17getTimerWithClearv)
    i._Z19FSGetEmptyFilePlaceiPiS_           0x08001668   Section        0  sdcard.o(i._Z19FSGetEmptyFilePlaceiPiS_)
    i._Z19getAdcValueForXAxisv               0x080016e8   Section        0  hardware.o(i._Z19getAdcValueForXAxisv)
    i._Z19getAdcValueForYAxisv               0x08001700   Section        0  hardware.o(i._Z19getAdcValueForYAxisv)
    i._Z20FSRemoveClusterChaini              0x08001718   Section        0  sdcard.o(i._Z20FSRemoveClusterChaini)
    i._Z23FSGetNameFromFileStructPhPc        0x08001742   Section        0  sdcard.o(i._Z23FSGetNameFromFileStructPhPc)
    i._Z3cmpPcS_                             0x080017b0   Section        0  helpers.o(i._Z3cmpPcS_)
    i._Z3runPcPh                             0x080017cc   Section        0  vex_loader.o(i._Z3runPcPh)
    i._Z4cmpiPcS_                            0x080017ea   Section        0  helpers.o(i._Z4cmpiPcS_)
    i._Z4itoaiPc                             0x08001814   Section        0  helpers.o(i._Z4itoaiPc)
    i._Z4sCmpPcS_                            0x0800185e   Section        0  vex_loader.o(i._Z4sCmpPcS_)
    i._Z6FSReadP10FileWorkerPvj              0x0800188c   Section        0  sdcard.o(i._Z6FSReadP10FileWorkerPvj)
    i._Z6SDInitv                             0x08001938   Section        0  sdcard.o(i._Z6SDInitv)
    i._Z6getCmdPc                            0x080019f8   Section        0  vex_loader.o(i._Z6getCmdPc)
    i._Z6getFPSv                             0x08001dd4   Section        0  vex_loader.o(i._Z6getFPSv)
    i._Z6setFPSt                             0x08001de4   Section        0  vex_loader.o(i._Z6setFPSt)
    i._Z7FSCloseP10FileWorker                0x08001df8   Section        0  sdcard.o(i._Z7FSCloseP10FileWorker)
    i._Z7FSWriteP10FileWorkerPKvi            0x08001e24   Section        0  sdcard.o(i._Z7FSWriteP10FileWorkerPKvi)
    i._Z7messagePc                           0x08001ed0   Section        0  main.o(i._Z7messagePc)
    i._Z7reversePc                           0x08001ef0   Section        0  helpers.o(i._Z7reversePc)
    i._Z7runGamev                            0x08001f18   Section        0  vex_loader.o(i._Z7runGamev)
    i._Z7spiReadv                            0x08001f30   Section        0  sdcard.o(i._Z7spiReadv)
    i._Z7spiSendh                            0x08001f3c   Section        0  sdcard.o(i._Z7spiSendh)
    i._Z7toUpperc                            0x08001f70   Section        0  helpers.o(i._Z7toUpperc)
    i._Z8SDEnablePh                          0x08001f88   Section        0  sdcard.o(i._Z8SDEnablePh)
    i._Z8getTimerv                           0x08002060   Section        0  hardware.o(i._Z8getTimerv)
    i._Z8loadGamePcPh                        0x0800206c   Section        0  vex_loader.o(i._Z8loadGamePcPh)
    i._Z8saveCodePKhS0_j                     0x08002260   Section        0  vex_loader.o(i._Z8saveCodePKhS0_j)
    i._Z9FSReadDirPcP15DirectoryReader       0x080022b8   Section        0  sdcard.o(i._Z9FSReadDirPcP15DirectoryReader)
    i._Z9SDGetBytej                          0x080022f0   Section        0  sdcard.o(i._Z9SDGetBytej)
    i._Z9SDGetWordj                          0x08002300   Section        0  sdcard.o(i._Z9SDGetWordj)
    i._Z9SDSetWordjs                         0x0800231c   Section        0  sdcard.o(i._Z9SDSetWordjs)
    i._ZN15Display_ILI934110writeData8Eh     0x08002338   Section        0  display_ili9341.o(i._ZN15Display_ILI934110writeData8Eh)
    i._ZN15Display_ILI934111writeData16Et    0x08002364   Section        0  display_ili9341.o(i._ZN15Display_ILI934111writeData16Et)
    i._ZN15Display_ILI934112displayClearEh   0x080023a8   Section        0  display_ili9341.o(i._ZN15Display_ILI934112displayClearEh)
    i._ZN15Display_ILI934112initFPSTimerEt   0x08002434   Section        0  display_ili9341.o(i._ZN15Display_ILI934112initFPSTimerEt)
    i._ZN15Display_ILI93414drawEv            0x08002494   Section        0  display_ili9341.o(i._ZN15Display_ILI93414drawEv)
    i._ZN15Display_ILI93414initEv            0x08002540   Section        0  display_ili9341.o(i._ZN15Display_ILI93414initEv)
    i._ZN15Display_ILI93416getFPSEv          0x0800285c   Section        0  display_ili9341.o(i._ZN15Display_ILI93416getFPSEv)
    i._ZN15Display_ILI93416setColEtt         0x08002868   Section        0  display_ili9341.o(i._ZN15Display_ILI93416setColEtt)
    i._ZN15Display_ILI93416setFPSEt          0x0800288a   Section        0  display_ili9341.o(i._ZN15Display_ILI93416setFPSEt)
    i._ZN15Display_ILI93417initDMAEPt        0x0800289c   Section        0  display_ili9341.o(i._ZN15Display_ILI93417initDMAEPt)
    i._ZN15Display_ILI93417sendCMDEh         0x08002904   Section        0  display_ili9341.o(i._ZN15Display_ILI93417sendCMDEh)
    i._ZN15Display_ILI93417setPageEtt        0x08002944   Section        0  display_ili9341.o(i._ZN15Display_ILI93417setPageEtt)
    i._ZN15Display_ILI93419initTimerEv       0x08002968   Section        0  display_ili9341.o(i._ZN15Display_ILI93419initTimerEv)
    i._ZN4Text13displayStringEPKchttb        0x080029c4   Section        0  text.o(i._ZN4Text13displayStringEPKchttb)
    i._ZN5Input8getStateEh                   0x08002ac4   Section        0  input.o(i._ZN5Input8getStateEh)
    i._ZN5Input8getXAxisEv                   0x08002ae4   Section        0  input.o(i._ZN5Input8getXAxisEv)
    i._ZN5Input8getYAxisEv                   0x08002afe   Section        0  input.o(i._ZN5Input8getYAxisEv)
    i._ZN6Engine10setPaletteEPKt             0x08002b18   Section        0  engine.o(i._ZN6Engine10setPaletteEPKt)
    i._ZN6Engine12setFillColorEh             0x08002b24   Section        0  engine.o(i._ZN6Engine12setFillColorEh)
    i._ZN6Engine12setLineClearEb             0x08002b40   Section        0  engine.o(i._ZN6Engine12setLineClearEb)
    i._ZN6Engine13displaySpriteEPKhsssshb    0x08002b4c   Section        0  engine.o(i._ZN6Engine13displaySpriteEPKhsssshb)
    i._ZN6Engine15setSpriteMemoryEPhj        0x08002c50   Section        0  engine.o(i._ZN6Engine15setSpriteMemoryEPhj)
    i._ZN6Engine19displaySpriteMatrixEPK6Matrixasssshb 0x08002c80   Section        0  engine.o(i._ZN6Engine19displaySpriteMatrixEPK6Matrixasssshb)
    i._ZN6Engine20displaySpriteBitMaskEPKhhsshshb 0x08002e0c   Section        0  engine.o(i._ZN6Engine20displaySpriteBitMaskEPKhhsshshb)
    i._ZN6Engine21displaySpriteByteMaskEPKhhsssshb 0x08002f44   Section        0  engine.o(i._ZN6Engine21displaySpriteByteMaskEPKhhsssshb)
    i._ZN6Engine5clearEv                     0x08003080   Section        0  engine.o(i._ZN6Engine5clearEv)
    i._ZN6Engine9parseLineEsPt               0x0800308c   Section        0  engine.o(i._ZN6Engine9parseLineEsPt)
    i.__sti___8_main_cpp_display             0x0800360c   Section        0  main.o(i.__sti___8_main_cpp_display)
    __sti___8_main_cpp_display               0x0800360d   Thumb Code    10  main.o(i.__sti___8_main_cpp_display)
    i.main                                   0x08003624   Section        0  main.o(i.main)
    .constdata                               0x08003774   Section       20  engine.o(.constdata)
    defColorPallete                          0x08003774   Data          20  engine.o(.constdata)
    .constdata                               0x08003788   Section       12  input.o(.constdata)
    butEq                                    0x08003788   Data          12  input.o(.constdata)
    .constdata                               0x08003794   Section      528  text.o(.constdata)
    symbols                                  0x08003794   Data         432  text.o(.constdata)
    minus                                    0x08003944   Data          12  text.o(.constdata)
    plus                                     0x08003950   Data          12  text.o(.constdata)
    quote                                    0x0800395c   Data          12  text.o(.constdata)
    dot                                      0x08003968   Data          12  text.o(.constdata)
    comma                                    0x08003974   Data          12  text.o(.constdata)
    ground                                   0x08003980   Data          12  text.o(.constdata)
    tilda                                    0x0800398c   Data          12  text.o(.constdata)
    slash                                    0x08003998   Data          12  text.o(.constdata)
    .constdata__ZTV15Display_ILI9341         0x080039a4   Section       28  display_ili9341.o(.constdata__ZTV15Display_ILI9341)
    .constdata__ZTV7Display                  0x080039c0   Section       28  display.o(.constdata__ZTV7Display)
    .init_array                              0x080039fc   Section        4  main.o(.init_array)
    .init_array                              0x08003a00   Section        0  init_aeabi.o(.init_array)
    .data                                    0x20000000   Section        7  display_ili9341.o(.data)
    .data                                    0x20000008   Section       16  engine.o(.data)
    .data                                    0x20000018   Section        4  hardware.o(.data)
    .data                                    0x2000001c   Section        8  main.o(.data)
    .data                                    0x20000024   Section        8  mem.o(.data)
    .data                                    0x2000002c   Section        4  vex_loader.o(.data)
    .data                                    0x20000030   Section       36  sdcard.o(.data)
    .data                                    0x20000054   Section       20  stm32f10x_rcc.o(.data)
    APBAHBPrescTable                         0x20000054   Data          16  stm32f10x_rcc.o(.data)
    ADCPrescTable                            0x20000064   Data           4  stm32f10x_rcc.o(.data)
    .bss                                     0x20000068   Section     1284  display_ili9341.o(.bss)
    .bss                                     0x2000056c   Section    16384  mem.o(.bss)
    .bss                                     0x2000456c   Section       96  libspace.o(.bss)
    HEAP                                     0x200045d0   Section      512  startup_stm32f10x_md.o(HEAP)
    Heap_Mem                                 0x200045d0   Data         512  startup_stm32f10x_md.o(HEAP)
    STACK                                    0x200047d0   Section     1024  startup_stm32f10x_md.o(STACK)
    Stack_Mem                                0x200047d0   Data        1024  startup_stm32f10x_md.o(STACK)
    __initial_sp                             0x20004bd0   Data           0  startup_stm32f10x_md.o(STACK)

    Global Symbols

    Symbol Name                              Value     Ov Type        Size  Object(Section)

    BuildAttributes$$THM_ISAv4$P$D$K$B$S$PE$A:L22UL41UL21$X:L11$S22US41US21$IEEE1$IW$USESV6$~STKCKD$USESV7$~SHL$OTIME$ROPI$EBA8$UX$STANDARDLIB$REQ8$PRES8$EABIv2 0x00000000   Number         0  anon$$obj.o ABSOLUTE
    __ARM_use_no_argv                        0x00000000   Number         0  main.o ABSOLUTE
    __ARM::default_unexpected_handler()       - Undefined Weak Reference
    __ARM_exceptions_buffer_required          - Undefined Weak Reference
    __ARM_exceptions_init                     - Undefined Weak Reference
    __alloca_initialize                       - Undefined Weak Reference
    __arm_preinit_                            - Undefined Weak Reference
    __cxa_finalize                            - Undefined Weak Reference
    __rt_locale                               - Undefined Weak Reference
    __sigvec_lookup                           - Undefined Weak Reference
    __user_heap_extent                        - Undefined Weak Reference
    _atexit_init                              - Undefined Weak Reference
    _call_atexit_fns                          - Undefined Weak Reference
    _clock_init                               - Undefined Weak Reference
    _fp_trap_init                             - Undefined Weak Reference
    _fp_trap_shutdown                         - Undefined Weak Reference
    _get_lc_collate                           - Undefined Weak Reference
    _get_lc_ctype                             - Undefined Weak Reference
    _get_lc_monetary                          - Undefined Weak Reference
    _get_lc_numeric                           - Undefined Weak Reference
    _get_lc_time                              - Undefined Weak Reference
    _getenv_init                              - Undefined Weak Reference
    _handle_redirection                       - Undefined Weak Reference
    _initio                                   - Undefined Weak Reference
    _mutex_acquire                            - Undefined Weak Reference
    _mutex_free                               - Undefined Weak Reference
    _mutex_release                            - Undefined Weak Reference
    _rand_init                                - Undefined Weak Reference
    _signal_finish                            - Undefined Weak Reference
    _signal_init                              - Undefined Weak Reference
    _terminateio                              - Undefined Weak Reference
    __Vectors_Size                           0x000000ec   Number         0  startup_stm32f10x_md.o ABSOLUTE
    __Vectors                                0x08000000   Data           4  startup_stm32f10x_md.o(RESET)
    __Vectors_End                            0x080000ec   Data           0  startup_stm32f10x_md.o(RESET)
    __main                                   0x080000ed   Thumb Code     8  __main.o(!!!main)
    __scatterload                            0x080000f5   Thumb Code     0  __scatter.o(!!!scatter)
    __scatterload_rt2                        0x080000f5   Thumb Code    44  __scatter.o(!!!scatter)
    __scatterload_rt2_thumb_only             0x080000f5   Thumb Code     0  __scatter.o(!!!scatter)
    __scatterload_null                       0x08000103   Thumb Code     0  __scatter.o(!!!scatter)
    __scatterload_copy                       0x08000129   Thumb Code    26  __scatter_copy.o(!!handler_copy)
    __scatterload_zeroinit                   0x08000145   Thumb Code    28  __scatter_zi.o(!!handler_zi)
    __rt_lib_init                            0x08000161   Thumb Code     0  libinit.o(.ARM.Collect$$libinit$$00000000)
    __rt_lib_init_alloca_1                   0x08000163   Thumb Code     0  libinit2.o(.ARM.Collect$$libinit$$0000002E)
    __rt_lib_init_argv_1                     0x08000163   Thumb Code     0  libinit2.o(.ARM.Collect$$libinit$$0000002C)
    __rt_lib_init_atexit_1                   0x08000163   Thumb Code     0  libinit2.o(.ARM.Collect$$libinit$$0000001B)
    __rt_lib_init_clock_1                    0x08000163   Thumb Code     0  libinit2.o(.ARM.Collect$$libinit$$00000021)
    __rt_lib_init_cpp_2                      0x08000163   Thumb Code     0  libinit2.o(.ARM.Collect$$libinit$$00000031)
    __rt_lib_init_exceptions_1               0x08000163   Thumb Code     0  libinit2.o(.ARM.Collect$$libinit$$00000030)
    __rt_lib_init_fp_1                       0x08000163   Thumb Code     0  libinit2.o(.ARM.Collect$$libinit$$00000002)
    __rt_lib_init_fp_trap_1                  0x08000163   Thumb Code     0  libinit2.o(.ARM.Collect$$libinit$$0000001F)
    __rt_lib_init_getenv_1                   0x08000163   Thumb Code     0  libinit2.o(.ARM.Collect$$libinit$$00000023)
    __rt_lib_init_heap_1                     0x08000163   Thumb Code     0  libinit2.o(.ARM.Collect$$libinit$$0000000A)
    __rt_lib_init_lc_collate_1               0x08000163   Thumb Code     0  libinit2.o(.ARM.Collect$$libinit$$00000011)
    __rt_lib_init_lc_ctype_1                 0x08000163   Thumb Code     0  libinit2.o(.ARM.Collect$$libinit$$00000013)
    __rt_lib_init_lc_monetary_1              0x08000163   Thumb Code     0  libinit2.o(.ARM.Collect$$libinit$$00000015)
    __rt_lib_init_lc_numeric_1               0x08000163   Thumb Code     0  libinit2.o(.ARM.Collect$$libinit$$00000017)
    __rt_lib_init_lc_time_1                  0x08000163   Thumb Code     0  libinit2.o(.ARM.Collect$$libinit$$00000019)
    __rt_lib_init_preinit_1                  0x08000163   Thumb Code     0  libinit2.o(.ARM.Collect$$libinit$$00000004)
    __rt_lib_init_rand_1                     0x08000163   Thumb Code     0  libinit2.o(.ARM.Collect$$libinit$$0000000E)
    __rt_lib_init_signal_1                   0x08000163   Thumb Code     0  libinit2.o(.ARM.Collect$$libinit$$0000001D)
    __rt_lib_init_stdio_1                    0x08000163   Thumb Code     0  libinit2.o(.ARM.Collect$$libinit$$00000025)
    __rt_lib_init_user_alloc_1               0x08000163   Thumb Code     0  libinit2.o(.ARM.Collect$$libinit$$0000000C)
    __rt_lib_init_cpp_1                      0x08000167   Thumb Code     0  libinit2.o(.ARM.Collect$$libinit$$00000032)
    __rt_lib_init_return                     0x08000167   Thumb Code     0  libinit2.o(.ARM.Collect$$libinit$$00000033)
    __rt_lib_shutdown                        0x08000169   Thumb Code     0  libshutdown.o(.ARM.Collect$$libshutdown$$00000000)
    __rt_lib_shutdown_cpp_1                  0x0800016b   Thumb Code     0  libshutdown2.o(.ARM.Collect$$libshutdown$$00000002)
    __rt_lib_shutdown_fp_trap_1              0x0800016b   Thumb Code     0  libshutdown2.o(.ARM.Collect$$libshutdown$$00000007)
    __rt_lib_shutdown_heap_1                 0x0800016b   Thumb Code     0  libshutdown2.o(.ARM.Collect$$libshutdown$$0000000F)
    __rt_lib_shutdown_return                 0x0800016b   Thumb Code     0  libshutdown2.o(.ARM.Collect$$libshutdown$$00000010)
    __rt_lib_shutdown_signal_1               0x0800016b   Thumb Code     0  libshutdown2.o(.ARM.Collect$$libshutdown$$0000000A)
    __rt_lib_shutdown_stdio_1                0x0800016b   Thumb Code     0  libshutdown2.o(.ARM.Collect$$libshutdown$$00000004)
    __rt_lib_shutdown_user_alloc_1           0x0800016b   Thumb Code     0  libshutdown2.o(.ARM.Collect$$libshutdown$$0000000C)
    __rt_entry                               0x0800016d   Thumb Code     0  __rtentry.o(.ARM.Collect$$rtentry$$00000000)
    __rt_entry_presh_1                       0x0800016d   Thumb Code     0  __rtentry2.o(.ARM.Collect$$rtentry$$00000002)
    __rt_entry_sh                            0x0800016d   Thumb Code     0  __rtentry4.o(.ARM.Collect$$rtentry$$00000004)
    __rt_entry_li                            0x08000173   Thumb Code     0  __rtentry2.o(.ARM.Collect$$rtentry$$0000000A)
    __rt_entry_postsh_1                      0x08000173   Thumb Code     0  __rtentry2.o(.ARM.Collect$$rtentry$$00000009)
    __rt_entry_main                          0x08000177   Thumb Code     0  __rtentry2.o(.ARM.Collect$$rtentry$$0000000D)
    __rt_entry_postli_1                      0x08000177   Thumb Code     0  __rtentry2.o(.ARM.Collect$$rtentry$$0000000C)
    __rt_exit                                0x0800017f   Thumb Code     0  rtexit.o(.ARM.Collect$$rtexit$$00000000)
    __rt_exit_ls                             0x08000181   Thumb Code     0  rtexit2.o(.ARM.Collect$$rtexit$$00000003)
    __rt_exit_prels_1                        0x08000181   Thumb Code     0  rtexit2.o(.ARM.Collect$$rtexit$$00000002)
    __rt_exit_exit                           0x08000185   Thumb Code     0  rtexit2.o(.ARM.Collect$$rtexit$$00000004)
    Reset_Handler                            0x0800018d   Thumb Code     8  startup_stm32f10x_md.o(.text)
    NMI_Handler                              0x08000195   Thumb Code     2  startup_stm32f10x_md.o(.text)
    HardFault_Handler                        0x08000197   Thumb Code     2  startup_stm32f10x_md.o(.text)
    MemManage_Handler                        0x08000199   Thumb Code     2  startup_stm32f10x_md.o(.text)
    BusFault_Handler                         0x0800019b   Thumb Code     2  startup_stm32f10x_md.o(.text)
    UsageFault_Handler                       0x0800019d   Thumb Code     2  startup_stm32f10x_md.o(.text)
    SVC_Handler                              0x0800019f   Thumb Code     2  startup_stm32f10x_md.o(.text)
    DebugMon_Handler                         0x080001a1   Thumb Code     2  startup_stm32f10x_md.o(.text)
    PendSV_Handler                           0x080001a3   Thumb Code     2  startup_stm32f10x_md.o(.text)
    SysTick_Handler                          0x080001a5   Thumb Code     2  startup_stm32f10x_md.o(.text)
    ADC1_2_IRQHandler                        0x080001a7   Thumb Code     0  startup_stm32f10x_md.o(.text)
    CAN1_RX1_IRQHandler                      0x080001a7   Thumb Code     0  startup_stm32f10x_md.o(.text)
    CAN1_SCE_IRQHandler                      0x080001a7   Thumb Code     0  startup_stm32f10x_md.o(.text)
    DMA1_Channel1_IRQHandler                 0x080001a7   Thumb Code     0  startup_stm32f10x_md.o(.text)
    DMA1_Channel2_IRQHandler                 0x080001a7   Thumb Code     0  startup_stm32f10x_md.o(.text)
    DMA1_Channel4_IRQHandler                 0x080001a7   Thumb Code     0  startup_stm32f10x_md.o(.text)
    DMA1_Channel5_IRQHandler                 0x080001a7   Thumb Code     0  startup_stm32f10x_md.o(.text)
    DMA1_Channel6_IRQHandler                 0x080001a7   Thumb Code     0  startup_stm32f10x_md.o(.text)
    DMA1_Channel7_IRQHandler                 0x080001a7   Thumb Code     0  startup_stm32f10x_md.o(.text)
    EXTI0_IRQHandler                         0x080001a7   Thumb Code     0  startup_stm32f10x_md.o(.text)
    EXTI15_10_IRQHandler                     0x080001a7   Thumb Code     0  startup_stm32f10x_md.o(.text)
    EXTI1_IRQHandler                         0x080001a7   Thumb Code     0  startup_stm32f10x_md.o(.text)
    EXTI2_IRQHandler                         0x080001a7   Thumb Code     0  startup_stm32f10x_md.o(.text)
    EXTI3_IRQHandler                         0x080001a7   Thumb Code     0  startup_stm32f10x_md.o(.text)
    EXTI4_IRQHandler                         0x080001a7   Thumb Code     0  startup_stm32f10x_md.o(.text)
    EXTI9_5_IRQHandler                       0x080001a7   Thumb Code     0  startup_stm32f10x_md.o(.text)
    FLASH_IRQHandler                         0x080001a7   Thumb Code     0  startup_stm32f10x_md.o(.text)
    I2C1_ER_IRQHandler                       0x080001a7   Thumb Code     0  startup_stm32f10x_md.o(.text)
    I2C1_EV_IRQHandler                       0x080001a7   Thumb Code     0  startup_stm32f10x_md.o(.text)
    I2C2_ER_IRQHandler                       0x080001a7   Thumb Code     0  startup_stm32f10x_md.o(.text)
    I2C2_EV_IRQHandler                       0x080001a7   Thumb Code     0  startup_stm32f10x_md.o(.text)
    PVD_IRQHandler                           0x080001a7   Thumb Code     0  startup_stm32f10x_md.o(.text)
    RCC_IRQHandler                           0x080001a7   Thumb Code     0  startup_stm32f10x_md.o(.text)
    RTCAlarm_IRQHandler                      0x080001a7   Thumb Code     0  startup_stm32f10x_md.o(.text)
    RTC_IRQHandler                           0x080001a7   Thumb Code     0  startup_stm32f10x_md.o(.text)
    SPI1_IRQHandler                          0x080001a7   Thumb Code     0  startup_stm32f10x_md.o(.text)
    SPI2_IRQHandler                          0x080001a7   Thumb Code     0  startup_stm32f10x_md.o(.text)
    TAMPER_IRQHandler                        0x080001a7   Thumb Code     0  startup_stm32f10x_md.o(.text)
    TIM1_BRK_IRQHandler                      0x080001a7   Thumb Code     0  startup_stm32f10x_md.o(.text)
    TIM1_CC_IRQHandler                       0x080001a7   Thumb Code     0  startup_stm32f10x_md.o(.text)
    TIM1_TRG_COM_IRQHandler                  0x080001a7   Thumb Code     0  startup_stm32f10x_md.o(.text)
    TIM1_UP_IRQHandler                       0x080001a7   Thumb Code     0  startup_stm32f10x_md.o(.text)
    USART1_IRQHandler                        0x080001a7   Thumb Code     0  startup_stm32f10x_md.o(.text)
    USART2_IRQHandler                        0x080001a7   Thumb Code     0  startup_stm32f10x_md.o(.text)
    USART3_IRQHandler                        0x080001a7   Thumb Code     0  startup_stm32f10x_md.o(.text)
    USBWakeUp_IRQHandler                     0x080001a7   Thumb Code     0  startup_stm32f10x_md.o(.text)
    USB_HP_CAN1_TX_IRQHandler                0x080001a7   Thumb Code     0  startup_stm32f10x_md.o(.text)
    USB_LP_CAN1_RX0_IRQHandler               0x080001a7   Thumb Code     0  startup_stm32f10x_md.o(.text)
    WWDG_IRQHandler                          0x080001a7   Thumb Code     0  startup_stm32f10x_md.o(.text)
    __user_initial_stackheap                 0x080001a9   Thumb Code     0  startup_stm32f10x_md.o(.text)
    strlen                                   0x080001cd   Thumb Code    62  strlen.o(.text)
    __aeabi_memcpy                           0x0800020b   Thumb Code     0  rt_memcpy_v6.o(.text)
    __rt_memcpy                              0x0800020b   Thumb Code   138  rt_memcpy_v6.o(.text)
    _memcpy_lastbytes                        0x08000271   Thumb Code     0  rt_memcpy_v6.o(.text)
    memcpy                                   0x08000295   Thumb Code     8  memcpy.o(.text)
    memset                                   0x0800029d   Thumb Code    22  memset.o(.text)
    __aeabi_memset                           0x080002b3   Thumb Code    16  aeabi_memset.o(.text)
    __aeabi_memclr                           0x080002c3   Thumb Code     0  rt_memclr.o(.text)
    __rt_memclr                              0x080002c3   Thumb Code    68  rt_memclr.o(.text)
    _memset                                  0x080002c7   Thumb Code     0  rt_memclr.o(.text)
    __use_two_region_memory                  0x08000307   Thumb Code     2  heapauxi.o(.text)
    __rt_heap_escrow                         0x08000309   Thumb Code     2  heapauxi.o(.text)
    __rt_heap_expand                         0x0800030b   Thumb Code     2  heapauxi.o(.text)
    __cpp_initialize__aeabi_                 0x0800030d   Thumb Code    26  init_aeabi.o(.text)
    __aeabi_memcpy4                          0x08000331   Thumb Code     0  rt_memcpy_w.o(.text)
    __aeabi_memcpy8                          0x08000331   Thumb Code     0  rt_memcpy_w.o(.text)
    __rt_memcpy_w                            0x08000331   Thumb Code   100  rt_memcpy_w.o(.text)
    _memcpy_lastbytes_aligned                0x08000379   Thumb Code     0  rt_memcpy_w.o(.text)
    __aeabi_memclr4                          0x08000395   Thumb Code     0  rt_memclr_w.o(.text)
    __aeabi_memclr8                          0x08000395   Thumb Code     0  rt_memclr_w.o(.text)
    __rt_memclr_w                            0x08000395   Thumb Code    78  rt_memclr_w.o(.text)
    _memset_w                                0x08000399   Thumb Code     0  rt_memclr_w.o(.text)
    __user_setup_stackheap                   0x080003e3   Thumb Code    74  sys_stackheap_outer.o(.text)
    exit                                     0x0800042d   Thumb Code    18  exit.o(.text)
    _sys_exit                                0x08000441   Thumb Code     8  sys_exit.o(.text)
    __user_libspace                          0x0800044d   Thumb Code     8  libspace.o(.text)
    __user_perproc_libspace                  0x0800044d   Thumb Code     0  libspace.o(.text)
    __user_perthread_libspace                0x0800044d   Thumb Code     0  libspace.o(.text)
    __I$use$semihosting                      0x08000455   Thumb Code     0  use_no_semi.o(.text)
    __use_no_semihosting_swi                 0x08000455   Thumb Code     2  use_no_semi.o(.text)
    ADC_AutoInjectedConvCmd                  0x08000457   Thumb Code    22  stm32f10x_adc.o(i.ADC_AutoInjectedConvCmd)
    __semihosting_library_function           0x08000457   Thumb Code     0  indicate_semi.o(.text)
    ADC_Cmd                                  0x0800046d   Thumb Code    22  stm32f10x_adc.o(i.ADC_Cmd)
    ADC_ExternalTrigInjectedConvConfig       0x08000483   Thumb Code    16  stm32f10x_adc.o(i.ADC_ExternalTrigInjectedConvConfig)
    ADC_GetCalibrationStatus                 0x08000493   Thumb Code    20  stm32f10x_adc.o(i.ADC_GetCalibrationStatus)
    ADC_GetInjectedConversionValue           0x080004a7   Thumb Code    28  stm32f10x_adc.o(i.ADC_GetInjectedConversionValue)
    ADC_GetResetCalibrationStatus            0x080004c3   Thumb Code    20  stm32f10x_adc.o(i.ADC_GetResetCalibrationStatus)
    ADC_Init                                 0x080004d9   Thumb Code    70  stm32f10x_adc.o(i.ADC_Init)
    ADC_InjectedChannelConfig                0x08000529   Thumb Code   130  stm32f10x_adc.o(i.ADC_InjectedChannelConfig)
    ADC_InjectedSequencerLengthConfig        0x080005ab   Thumb Code    24  stm32f10x_adc.o(i.ADC_InjectedSequencerLengthConfig)
    ADC_ResetCalibration                     0x080005c3   Thumb Code    10  stm32f10x_adc.o(i.ADC_ResetCalibration)
    ADC_SoftwareStartInjectedConvCmd         0x080005cd   Thumb Code    22  stm32f10x_adc.o(i.ADC_SoftwareStartInjectedConvCmd)
    ADC_StartCalibration                     0x080005e3   Thumb Code    10  stm32f10x_adc.o(i.ADC_StartCalibration)
    DMA1_Channel3_IRQHandler                 0x080005ed   Thumb Code    36  display_ili9341.o(i.DMA1_Channel3_IRQHandler)
    DMA_ClearITPendingBit                    0x0800061d   Thumb Code    18  stm32f10x_dma.o(i.DMA_ClearITPendingBit)
    DMA_Cmd                                  0x08000639   Thumb Code    24  stm32f10x_dma.o(i.DMA_Cmd)
    DMA_ITConfig                             0x08000651   Thumb Code    18  stm32f10x_dma.o(i.DMA_ITConfig)
    DMA_Init                                 0x08000663   Thumb Code    60  stm32f10x_dma.o(i.DMA_Init)
    GPIO_Init                                0x0800069f   Thumb Code   278  stm32f10x_gpio.o(i.GPIO_Init)
    GPIO_WriteBit                            0x080007b5   Thumb Code    10  stm32f10x_gpio.o(i.GPIO_WriteBit)
    RCC_ADCCLKConfig                         0x080007c1   Thumb Code    18  stm32f10x_rcc.o(i.RCC_ADCCLKConfig)
    RCC_AHBPeriphClockCmd                    0x080007d9   Thumb Code    26  stm32f10x_rcc.o(i.RCC_AHBPeriphClockCmd)
    RCC_APB1PeriphClockCmd                   0x080007f9   Thumb Code    26  stm32f10x_rcc.o(i.RCC_APB1PeriphClockCmd)
    RCC_APB2PeriphClockCmd                   0x08000819   Thumb Code    26  stm32f10x_rcc.o(i.RCC_APB2PeriphClockCmd)
    RCC_GetClocksFreq                        0x08000839   Thumb Code   192  stm32f10x_rcc.o(i.RCC_GetClocksFreq)
    SPI_Cmd                                  0x0800090d   Thumb Code    24  stm32f10x_spi.o(i.SPI_Cmd)
    SPI_I2S_DMACmd                           0x08000925   Thumb Code    18  stm32f10x_spi.o(i.SPI_I2S_DMACmd)
    SPI_I2S_GetFlagStatus                    0x08000937   Thumb Code    18  stm32f10x_spi.o(i.SPI_I2S_GetFlagStatus)
    SPI_Init                                 0x08000949   Thumb Code    60  stm32f10x_spi.o(i.SPI_Init)
    SystemInit                               0x08000a6d   Thumb Code    78  system_stm32f10x.o(i.SystemInit)
    TIM2_IRQHandler                          0x08000acd   Thumb Code    28  hardware.o(i.TIM2_IRQHandler)
    TIM3_IRQHandler                          0x08000aed   Thumb Code    28  display_ili9341.o(i.TIM3_IRQHandler)
    TIM4_IRQHandler                          0x08000b15   Thumb Code    20  display_ili9341.o(i.TIM4_IRQHandler)
    FSReadFile(char*, FileWorker*)           0x08000b31   Thumb Code    66  sdcard.o(i._Z10FSReadFilePcP10FileWorker)
    SDGetDWord(unsigned)                     0x08000b79   Thumb Code    46  sdcard.o(i._Z10SDGetDWordj)
    SDSetDWord(unsigned, int)                0x08000bad   Thumb Code    44  sdcard.o(i._Z10SDSetDWordji)
    clearTimer()                             0x08000bdd   Thumb Code     8  hardware.o(i._Z10clearTimerv)
    FSWriteFile(const char*, FileWorker*)    0x08000be9   Thumb Code   426  sdcard.o(i._Z11FSWriteFilePKcP10FileWorker)
    checkHeader(VexMainHeader*, int)         0x08000d99   Thumb Code    56  vex_loader.o(i._Z11checkHeaderP13VexMainHeaderi)
    clearMemory(const unsigned char*, unsigned) 0x08000dd1   Thumb Code    68  vex_loader.o(i._Z11clearMemoryPKhj)
    delayByLoop(unsigned)                    0x08000e19   Thumb Code    12  helpers.o(i._Z11delayByLoopj)
    displaySync()                            0x08000e25   Thumb Code    10  vex_loader.o(i._Z11displaySyncv)
    flash_ready()                            0x08000e35   Thumb Code    14  vex_loader.o(i._Z11flash_readyv)
    FSGetCluster(const char*, FileInfo*, int*, int*) 0x08000e49   Thumb Code   348  sdcard.o(i._Z12FSGetClusterPKcP8FileInfoPiS3_)
    SDReadSector(unsigned)                   0x08000fb5   Thumb Code   126  sdcard.o(i._Z12SDReadSectorj)
    initHardware()                           0x08001045   Thumb Code   486  hardware.o(i._Z12initHardwarev)
    unlockMemory()                           0x08001241   Thumb Code    12  vex_loader.o(i._Z12unlockMemoryv)
    SDSendCommand(unsigned char, unsigned)   0x08001259   Thumb Code   158  sdcard.o(i._Z13SDSendCommandhj)
    SDWriteSector(unsigned)                  0x080012fd   Thumb Code   138  sdcard.o(i._Z13SDWriteSectorj)
    debugInternal()                          0x08001395   Thumb Code    56  vex_loader.o(i._Z13debugInternalv)
    FSClearCluster(int)                      0x080013dd   Thumb Code    46  sdcard.o(i._Z14FSClearClusteri)
    FSReadNextFile(char*, int, DirectoryReader*, FileInfo*) 0x08001415   Thumb Code   314  sdcard.o(i._Z14FSReadNextFilePciP15DirectoryReaderP8FileInfo)
    FSGetStartSector(int)                    0x0800155d   Thumb Code    18  sdcard.o(i._Z16FSGetStartSectori)
    FSMakeNewCluster()                       0x08001579   Thumb Code    70  sdcard.o(i._Z16FSMakeNewClusterv)
    FSGetClusterValue(int)                   0x080015e1   Thumb Code    46  sdcard.o(i._Z17FSGetClusterValuei)
    FSSetClusterValue(int, int)              0x08001615   Thumb Code    64  sdcard.o(i._Z17FSSetClusterValueii)
    getTimerWithClear()                      0x08001659   Thumb Code    12  hardware.o(i._Z17getTimerWithClearv)
    FSGetEmptyFilePlace(int, int*, int*)     0x08001669   Thumb Code   120  sdcard.o(i._Z19FSGetEmptyFilePlaceiPiS_)
    getAdcValueForXAxis()                    0x080016e9   Thumb Code    18  hardware.o(i._Z19getAdcValueForXAxisv)
    getAdcValueForYAxis()                    0x08001701   Thumb Code    18  hardware.o(i._Z19getAdcValueForYAxisv)
    FSRemoveClusterChain(int)                0x08001719   Thumb Code    42  sdcard.o(i._Z20FSRemoveClusterChaini)
    FSGetNameFromFileStruct(unsigned char*, char*) 0x08001743   Thumb Code   110  sdcard.o(i._Z23FSGetNameFromFileStructPhPc)
    cmp(char*, char*)                        0x080017b1   Thumb Code    28  helpers.o(i._Z3cmpPcS_)
    run(char*, unsigned char*)               0x080017cd   Thumb Code    30  vex_loader.o(i._Z3runPcPh)
    cmpi(char*, char*)                       0x080017eb   Thumb Code    42  helpers.o(i._Z4cmpiPcS_)
    itoa(int, char*)                         0x08001815   Thumb Code    74  helpers.o(i._Z4itoaiPc)
    sCmp(char*, char*)                       0x0800185f   Thumb Code    46  vex_loader.o(i._Z4sCmpPcS_)
    FSRead(FileWorker*, void*, unsigned)     0x0800188d   Thumb Code   164  sdcard.o(i._Z6FSReadP10FileWorkerPvj)
    SDInit()                                 0x08001939   Thumb Code   184  sdcard.o(i._Z6SDInitv)
    getCmd(char*)                            0x080019f9   Thumb Code   456  vex_loader.o(i._Z6getCmdPc)
    getFPS()                                 0x08001dd5   Thumb Code    10  vex_loader.o(i._Z6getFPSv)
    setFPS(unsigned short)                   0x08001de5   Thumb Code    14  vex_loader.o(i._Z6setFPSt)
    FSClose(FileWorker*)                     0x08001df9   Thumb Code    44  sdcard.o(i._Z7FSCloseP10FileWorker)
    FSWrite(FileWorker*, const void*, int)   0x08001e25   Thumb Code   164  sdcard.o(i._Z7FSWriteP10FileWorkerPKvi)
    message(char*)                           0x08001ed1   Thumb Code    28  main.o(i._Z7messagePc)
    reverse(char*)                           0x08001ef1   Thumb Code    38  helpers.o(i._Z7reversePc)
    runGame()                                0x08001f19   Thumb Code    18  vex_loader.o(i._Z7runGamev)
    spiRead()                                0x08001f31   Thumb Code    10  sdcard.o(i._Z7spiReadv)
    spiSend(unsigned char)                   0x08001f3d   Thumb Code    46  sdcard.o(i._Z7spiSendh)
    toUpper(char)                            0x08001f71   Thumb Code    22  helpers.o(i._Z7toUpperc)
    SDEnable(unsigned char*)                 0x08001f89   Thumb Code   180  sdcard.o(i._Z8SDEnablePh)
    getTimer()                               0x08002061   Thumb Code     6  hardware.o(i._Z8getTimerv)
    loadGame(char*, unsigned char*)          0x0800206d   Thumb Code   488  vex_loader.o(i._Z8loadGamePcPh)
    saveCode(const unsigned char*, const unsigned char*, unsigned) 0x08002261   Thumb Code    84  vex_loader.o(i._Z8saveCodePKhS0_j)
    FSReadDir(char*, DirectoryReader*)       0x080022b9   Thumb Code    50  sdcard.o(i._Z9FSReadDirPcP15DirectoryReader)
    SDGetByte(unsigned)                      0x080022f1   Thumb Code    10  sdcard.o(i._Z9SDGetBytej)
    SDGetWord(unsigned)                      0x08002301   Thumb Code    24  sdcard.o(i._Z9SDGetWordj)
    SDSetWord(unsigned, short)               0x0800231d   Thumb Code    22  sdcard.o(i._Z9SDSetWordjs)
    Display_ILI9341::writeData8(unsigned char) 0x08002339   Thumb Code    36  display_ili9341.o(i._ZN15Display_ILI934110writeData8Eh)
    Display_ILI9341::writeData16(unsigned short) 0x08002365   Thumb Code    58  display_ili9341.o(i._ZN15Display_ILI934111writeData16Et)
    Display_ILI9341::displayClear(unsigned char) 0x080023a9   Thumb Code   124  display_ili9341.o(i._ZN15Display_ILI934112displayClearEh)
    Display_ILI9341::initFPSTimer(unsigned short) 0x08002435   Thumb Code    92  display_ili9341.o(i._ZN15Display_ILI934112initFPSTimerEt)
    Display_ILI9341::draw()                  0x08002495   Thumb Code   144  display_ili9341.o(i._ZN15Display_ILI93414drawEv)
    Display_ILI9341::init()                  0x08002541   Thumb Code   788  display_ili9341.o(i._ZN15Display_ILI93414initEv)
    Display_ILI9341::getFPS()                0x0800285d   Thumb Code     8  display_ili9341.o(i._ZN15Display_ILI93416getFPSEv)
    Display_ILI9341::setCol(unsigned short, unsigned short) 0x08002869   Thumb Code    34  display_ili9341.o(i._ZN15Display_ILI93416setColEtt)
    Display_ILI9341::setFPS(unsigned short)  0x0800288b   Thumb Code    18  display_ili9341.o(i._ZN15Display_ILI93416setFPSEt)
    Display_ILI9341::initDMA(unsigned short*) 0x0800289d   Thumb Code    96  display_ili9341.o(i._ZN15Display_ILI93417initDMAEPt)
    Display_ILI9341::sendCMD(unsigned char)  0x08002905   Thumb Code    56  display_ili9341.o(i._ZN15Display_ILI93417sendCMDEh)
    Display_ILI9341::setPage(unsigned short, unsigned short) 0x08002945   Thumb Code    34  display_ili9341.o(i._ZN15Display_ILI93417setPageEtt)
    Display_ILI9341::initTimer()             0x08002969   Thumb Code    86  display_ili9341.o(i._ZN15Display_ILI93419initTimerEv)
    Text::displayString(const char*, unsigned char, unsigned short, unsigned short, bool) 0x080029c5   Thumb Code   218  text.o(i._ZN4Text13displayStringEPKchttb)
    Input::getState(unsigned char)           0x08002ac5   Thumb Code    24  input.o(i._ZN5Input8getStateEh)
    Input::getXAxis()                        0x08002ae5   Thumb Code    26  input.o(i._ZN5Input8getXAxisEv)
    Input::getYAxis()                        0x08002aff   Thumb Code    26  input.o(i._ZN5Input8getYAxisEv)
    Engine::setPalette(const unsigned short*) 0x08002b19   Thumb Code     6  engine.o(i._ZN6Engine10setPaletteEPKt)
    Engine::setFillColor(unsigned char)      0x08002b25   Thumb Code    24  engine.o(i._ZN6Engine12setFillColorEh)
    Engine::setLineClear(bool)               0x08002b41   Thumb Code     6  engine.o(i._ZN6Engine12setLineClearEb)
    Engine::displaySprite(const unsigned char*, short, short, short, short, unsigned char, bool) 0x08002b4d   Thumb Code   248  engine.o(i._ZN6Engine13displaySpriteEPKhsssshb)
    Engine::setSpriteMemory(unsigned char*, unsigned) 0x08002c51   Thumb Code    26  engine.o(i._ZN6Engine15setSpriteMemoryEPhj)
    Engine::displaySpriteMatrix(const Matrix*, signed char, short, short, short, short, unsigned char, bool) 0x08002c81   Thumb Code   384  engine.o(i._ZN6Engine19displaySpriteMatrixEPK6Matrixasssshb)
    Engine::displaySpriteBitMask(const unsigned char*, unsigned char, short, short, unsigned char, short, unsigned char, bool) 0x08002e0d   Thumb Code   300  engine.o(i._ZN6Engine20displaySpriteBitMaskEPKhhsshshb)
    Engine::displaySpriteByteMask(const unsigned char*, unsigned char, short, short, short, short, unsigned char, bool) 0x08002f45   Thumb Code   302  engine.o(i._ZN6Engine21displaySpriteByteMaskEPKhhsssshb)
    Engine::clear()                          0x08003081   Thumb Code     8  engine.o(i._ZN6Engine5clearEv)
    Engine::parseLine(short, unsigned short*) 0x0800308d   Thumb Code  1400  engine.o(i._ZN6Engine9parseLineEsPt)
    main                                     0x08003625   Thumb Code   186  main.o(i.main)
    vtable for Display_ILI9341               0x080039a4   Data          28  display_ili9341.o(.constdata__ZTV15Display_ILI9341)
    vtable for Display                       0x080039c0   Data          28  display.o(.constdata__ZTV7Display)
    Region$$Table$$Base                      0x080039dc   Number         0  anon$$obj.o(Region$$Table)
    Region$$Table$$Limit                     0x080039fc   Number         0  anon$$obj.o(Region$$Table)
    SHT$$INIT_ARRAY$$Base                    0x080039fc   Number         0  main.o(.init_array)
    SHT$$INIT_ARRAY$$Limit                   0x08003a00   Number         0  init_aeabi.o(.init_array)
    sendLineDone                             0x20000000   Data           1  display_ili9341.o(.data)
    frameCounter                             0x20000002   Data           2  display_ili9341.o(.data)
    frameRate                                0x20000004   Data           2  display_ili9341.o(.data)
    allowFrame                               0x20000006   Data           1  display_ili9341.o(.data)
    spriteCash                               0x20000008   Data           4  engine.o(.data)
    spriteCount                              0x2000000c   Data           1  engine.o(.data)
    fillColor                                0x2000000d   Data           1  engine.o(.data)
    maxSprites                               0x2000000e   Data           2  engine.o(.data)
    lineClear                                0x20000010   Data           1  engine.o(.data)
    colorPallete                             0x20000014   Data           4  engine.o(.data)
    tmrCounter                               0x20000018   Data           4  hardware.o(.data)
    display                                  0x2000001c   Data           8  main.o(.data)
    fileRom                                  0x20000024   Data           4  mem.o(.data)
    gameRom                                  0x20000028   Data           4  mem.o(.data)
    entryPoint                               0x2000002c   Data           4  vex_loader.o(.data)
    buffer                                   0x20000030   Data           4  sdcard.o(.data)
    SDHC                                     0x20000034   Data           1  sdcard.o(.data)
    SDError                                  0x20000035   Data           1  sdcard.o(.data)
    currentSector                            0x20000038   Data           4  sdcard.o(.data)
    sectorsPerCluster                        0x2000003c   Data           1  sdcard.o(.data)
    fatCount                                 0x2000003d   Data           1  sdcard.o(.data)
    fatSize                                  0x20000040   Data           4  sdcard.o(.data)
    fatStartAddr                             0x20000044   Data           4  sdcard.o(.data)
    cluster2Addr                             0x20000048   Data           4  sdcard.o(.data)
    rootClusterAddr                          0x2000004c   Data           4  sdcard.o(.data)
    rootAddr                                 0x20000050   Data           4  sdcard.o(.data)
    line1                                    0x20000068   Data         642  display_ili9341.o(.bss)
    line2                                    0x200002ea   Data         642  display_ili9341.o(.bss)
    ram                                      0x2000056c   Data       16384  mem.o(.bss)
    __libspace_start                         0x2000456c   Data          96  libspace.o(.bss)
    __temporary_stack_top$libspace           0x200045cc   Data           0  libspace.o(.bss)



==============================================================================

Memory Map of the image

  Image Entry point : 0x0800018d

  Load Region LR_1 (Base: 0x08000000, Size: 0x00003a68, Max: 0xffffffff, ABSOLUTE)

    Execution Region ER_RO (Base: 0x08000000, Size: 0x00003a00, Max: 0xffffffff, ABSOLUTE)

    Base Addr    Size         Type   Attr      Idx    E Section Name        Object

    0x08000000   0x000000ec   Data   RO         2962    RESET               startup_stm32f10x_md.o
    0x080000ec   0x00000008   Code   RO         3029  * !!!main             c_w.l(__main.o)
    0x080000f4   0x00000034   Code   RO         3448    !!!scatter          c_w.l(__scatter.o)
    0x08000128   0x0000001a   Code   RO         3450    !!handler_copy      c_w.l(__scatter_copy.o)
    0x08000142   0x00000002   PAD
    0x08000144   0x0000001c   Code   RO         3452    !!handler_zi        c_w.l(__scatter_zi.o)
    0x08000160   0x00000002   Code   RO         3314    .ARM.Collect$$libinit$$00000000  c_w.l(libinit.o)
    0x08000162   0x00000000   Code   RO         3149    .ARM.Collect$$libinit$$00000002  c_w.l(libinit2.o)
    0x08000162   0x00000000   Code   RO         3151    .ARM.Collect$$libinit$$00000004  c_w.l(libinit2.o)
    0x08000162   0x00000000   Code   RO         3154    .ARM.Collect$$libinit$$0000000A  c_w.l(libinit2.o)
    0x08000162   0x00000000   Code   RO         3156    .ARM.Collect$$libinit$$0000000C  c_w.l(libinit2.o)
    0x08000162   0x00000000   Code   RO         3158    .ARM.Collect$$libinit$$0000000E  c_w.l(libinit2.o)
    0x08000162   0x00000000   Code   RO         3161    .ARM.Collect$$libinit$$00000011  c_w.l(libinit2.o)
    0x08000162   0x00000000   Code   RO         3163    .ARM.Collect$$libinit$$00000013  c_w.l(libinit2.o)
    0x08000162   0x00000000   Code   RO         3165    .ARM.Collect$$libinit$$00000015  c_w.l(libinit2.o)
    0x08000162   0x00000000   Code   RO         3167    .ARM.Collect$$libinit$$00000017  c_w.l(libinit2.o)
    0x08000162   0x00000000   Code   RO         3169    .ARM.Collect$$libinit$$00000019  c_w.l(libinit2.o)
    0x08000162   0x00000000   Code   RO         3171    .ARM.Collect$$libinit$$0000001B  c_w.l(libinit2.o)
    0x08000162   0x00000000   Code   RO         3173    .ARM.Collect$$libinit$$0000001D  c_w.l(libinit2.o)
    0x08000162   0x00000000   Code   RO         3175    .ARM.Collect$$libinit$$0000001F  c_w.l(libinit2.o)
    0x08000162   0x00000000   Code   RO         3177    .ARM.Collect$$libinit$$00000021  c_w.l(libinit2.o)
    0x08000162   0x00000000   Code   RO         3179    .ARM.Collect$$libinit$$00000023  c_w.l(libinit2.o)
    0x08000162   0x00000000   Code   RO         3181    .ARM.Collect$$libinit$$00000025  c_w.l(libinit2.o)
    0x08000162   0x00000000   Code   RO         3185    .ARM.Collect$$libinit$$0000002C  c_w.l(libinit2.o)
    0x08000162   0x00000000   Code   RO         3187    .ARM.Collect$$libinit$$0000002E  c_w.l(libinit2.o)
    0x08000162   0x00000000   Code   RO         3189    .ARM.Collect$$libinit$$00000030  c_w.l(libinit2.o)
    0x08000162   0x00000004   Code   RO         3190    .ARM.Collect$$libinit$$00000031  c_w.l(libinit2.o)
    0x08000166   0x00000000   Code   RO         3191    .ARM.Collect$$libinit$$00000032  c_w.l(libinit2.o)
    0x08000166   0x00000002   Code   RO         3192    .ARM.Collect$$libinit$$00000033  c_w.l(libinit2.o)
    0x08000168   0x00000002   Code   RO         3407    .ARM.Collect$$libshutdown$$00000000  c_w.l(libshutdown.o)
    0x0800016a   0x00000000   Code   RO         3417    .ARM.Collect$$libshutdown$$00000002  c_w.l(libshutdown2.o)
    0x0800016a   0x00000000   Code   RO         3419    .ARM.Collect$$libshutdown$$00000004  c_w.l(libshutdown2.o)
    0x0800016a   0x00000000   Code   RO         3422    .ARM.Collect$$libshutdown$$00000007  c_w.l(libshutdown2.o)
    0x0800016a   0x00000000   Code   RO         3425    .ARM.Collect$$libshutdown$$0000000A  c_w.l(libshutdown2.o)
    0x0800016a   0x00000000   Code   RO         3427    .ARM.Collect$$libshutdown$$0000000C  c_w.l(libshutdown2.o)
    0x0800016a   0x00000000   Code   RO         3430    .ARM.Collect$$libshutdown$$0000000F  c_w.l(libshutdown2.o)
    0x0800016a   0x00000002   Code   RO         3431    .ARM.Collect$$libshutdown$$00000010  c_w.l(libshutdown2.o)
    0x0800016c   0x00000000   Code   RO         3143    .ARM.Collect$$rtentry$$00000000  c_w.l(__rtentry.o)
    0x0800016c   0x00000000   Code   RO         3207    .ARM.Collect$$rtentry$$00000002  c_w.l(__rtentry2.o)
    0x0800016c   0x00000006   Code   RO         3219    .ARM.Collect$$rtentry$$00000004  c_w.l(__rtentry4.o)
    0x08000172   0x00000000   Code   RO         3209    .ARM.Collect$$rtentry$$00000009  c_w.l(__rtentry2.o)
    0x08000172   0x00000004   Code   RO         3210    .ARM.Collect$$rtentry$$0000000A  c_w.l(__rtentry2.o)
    0x08000176   0x00000000   Code   RO         3212    .ARM.Collect$$rtentry$$0000000C  c_w.l(__rtentry2.o)
    0x08000176   0x00000008   Code   RO         3213    .ARM.Collect$$rtentry$$0000000D  c_w.l(__rtentry2.o)
    0x0800017e   0x00000002   Code   RO         3327    .ARM.Collect$$rtexit$$00000000  c_w.l(rtexit.o)
    0x08000180   0x00000000   Code   RO         3376    .ARM.Collect$$rtexit$$00000002  c_w.l(rtexit2.o)
    0x08000180   0x00000004   Code   RO         3377    .ARM.Collect$$rtexit$$00000003  c_w.l(rtexit2.o)
    0x08000184   0x00000006   Code   RO         3378    .ARM.Collect$$rtexit$$00000004  c_w.l(rtexit2.o)
    0x0800018a   0x00000002   PAD
    0x0800018c   0x00000040   Code   RO         2963  * .text               startup_stm32f10x_md.o
    0x080001cc   0x0000003e   Code   RO         3015    .text               c_w.l(strlen.o)
    0x0800020a   0x0000008a   Code   RO         3017    .text               c_w.l(rt_memcpy_v6.o)
    0x08000294   0x00000008   Code   RO         3019    .text               c_w.l(memcpy.o)
    0x0800029c   0x00000016   Code   RO         3021    .text               c_w.l(memset.o)
    0x080002b2   0x00000010   Code   RO         3023    .text               c_w.l(aeabi_memset.o)
    0x080002c2   0x00000044   Code   RO         3025    .text               c_w.l(rt_memclr.o)
    0x08000306   0x00000006   Code   RO         3027    .text               c_w.l(heapauxi.o)
    0x0800030c   0x00000024   Code   RO         3034    .text               c_w.l(init_aeabi.o)
    0x08000330   0x00000064   Code   RO         3144    .text               c_w.l(rt_memcpy_w.o)
    0x08000394   0x0000004e   Code   RO         3146    .text               c_w.l(rt_memclr_w.o)
    0x080003e2   0x0000004a   Code   RO         3238    .text               c_w.l(sys_stackheap_outer.o)
    0x0800042c   0x00000012   Code   RO         3301    .text               c_w.l(exit.o)
    0x0800043e   0x00000002   PAD
    0x08000440   0x0000000c   Code   RO         3320    .text               c_w.l(sys_exit.o)
    0x0800044c   0x00000008   Code   RO         3322    .text               c_w.l(libspace.o)
    0x08000454   0x00000002   Code   RO         3372    .text               c_w.l(use_no_semi.o)
    0x08000456   0x00000000   Code   RO         3374    .text               c_w.l(indicate_semi.o)
    0x08000456   0x00000016   Code   RO         1168    i.ADC_AutoInjectedConvCmd  stm32f10x_adc.o
    0x0800046c   0x00000016   Code   RO         1171    i.ADC_Cmd           stm32f10x_adc.o
    0x08000482   0x00000010   Code   RO         1178    i.ADC_ExternalTrigInjectedConvConfig  stm32f10x_adc.o
    0x08000492   0x00000014   Code   RO         1179    i.ADC_GetCalibrationStatus  stm32f10x_adc.o
    0x080004a6   0x0000001c   Code   RO         1184    i.ADC_GetInjectedConversionValue  stm32f10x_adc.o
    0x080004c2   0x00000014   Code   RO         1185    i.ADC_GetResetCalibrationStatus  stm32f10x_adc.o
    0x080004d6   0x00000002   PAD
    0x080004d8   0x00000050   Code   RO         1189    i.ADC_Init          stm32f10x_adc.o
    0x08000528   0x00000082   Code   RO         1190    i.ADC_InjectedChannelConfig  stm32f10x_adc.o
    0x080005aa   0x00000018   Code   RO         1192    i.ADC_InjectedSequencerLengthConfig  stm32f10x_adc.o
    0x080005c2   0x0000000a   Code   RO         1194    i.ADC_ResetCalibration  stm32f10x_adc.o
    0x080005cc   0x00000016   Code   RO         1197    i.ADC_SoftwareStartInjectedConvCmd  stm32f10x_adc.o
    0x080005e2   0x0000000a   Code   RO         1198    i.ADC_StartCalibration  stm32f10x_adc.o
    0x080005ec   0x00000030   Code   RO          121    i.DMA1_Channel3_IRQHandler  display_ili9341.o
    0x0800061c   0x0000001c   Code   RO         1400    i.DMA_ClearITPendingBit  stm32f10x_dma.o
    0x08000638   0x00000018   Code   RO         1401    i.DMA_Cmd           stm32f10x_dma.o
    0x08000650   0x00000012   Code   RO         1406    i.DMA_ITConfig      stm32f10x_dma.o
    0x08000662   0x0000003c   Code   RO         1407    i.DMA_Init          stm32f10x_dma.o
    0x0800069e   0x00000116   Code   RO         1675    i.GPIO_Init         stm32f10x_gpio.o
    0x080007b4   0x0000000a   Code   RO         1686    i.GPIO_WriteBit     stm32f10x_gpio.o
    0x080007be   0x00000002   PAD
    0x080007c0   0x00000018   Code   RO         1795    i.RCC_ADCCLKConfig  stm32f10x_rcc.o
    0x080007d8   0x00000020   Code   RO         1796    i.RCC_AHBPeriphClockCmd  stm32f10x_rcc.o
    0x080007f8   0x00000020   Code   RO         1797    i.RCC_APB1PeriphClockCmd  stm32f10x_rcc.o
    0x08000818   0x00000020   Code   RO         1799    i.RCC_APB2PeriphClockCmd  stm32f10x_rcc.o
    0x08000838   0x000000d4   Code   RO         1807    i.RCC_GetClocksFreq  stm32f10x_rcc.o
    0x0800090c   0x00000018   Code   RO         2012    i.SPI_Cmd           stm32f10x_spi.o
    0x08000924   0x00000012   Code   RO         2018    i.SPI_I2S_DMACmd    stm32f10x_spi.o
    0x08000936   0x00000012   Code   RO         2020    i.SPI_I2S_GetFlagStatus  stm32f10x_spi.o
    0x08000948   0x0000003c   Code   RO         2025    i.SPI_Init          stm32f10x_spi.o
    0x08000984   0x00000008   Code   RO         2970    i.SetSysClock       system_stm32f10x.o
    0x0800098c   0x000000e0   Code   RO         2971    i.SetSysClockTo72   system_stm32f10x.o
    0x08000a6c   0x00000060   Code   RO         2973    i.SystemInit        system_stm32f10x.o
    0x08000acc   0x00000020   Code   RO          369    i.TIM2_IRQHandler   hardware.o
    0x08000aec   0x00000028   Code   RO          122    i.TIM3_IRQHandler   display_ili9341.o
    0x08000b14   0x0000001c   Code   RO          123    i.TIM4_IRQHandler   display_ili9341.o
    0x08000b30   0x00000048   Code   RO          807    i._Z10FSReadFilePcP10FileWorker  sdcard.o
    0x08000b78   0x00000034   Code   RO          808    i._Z10SDGetDWordj   sdcard.o
    0x08000bac   0x00000030   Code   RO          809    i._Z10SDSetDWordji  sdcard.o
    0x08000bdc   0x0000000c   Code   RO          370    i._Z10clearTimerv   hardware.o
    0x08000be8   0x000001b0   Code   RO          811    i._Z11FSWriteFilePKcP10FileWorker  sdcard.o
    0x08000d98   0x00000038   Code   RO          629    i._Z11checkHeaderP13VexMainHeaderi  vex_loader.o
    0x08000dd0   0x00000048   Code   RO          630    i._Z11clearMemoryPKhj  vex_loader.o
    0x08000e18   0x0000000c   Code   RO          443    i._Z11delayByLoopj  helpers.o
    0x08000e24   0x00000010   Code   RO          631    i._Z11displaySyncv  vex_loader.o
    0x08000e34   0x00000014   Code   RO          632    i._Z11flash_readyv  vex_loader.o
    0x08000e48   0x0000016c   Code   RO          812    i._Z12FSGetClusterPKcP8FileInfoPiS3_  sdcard.o
    0x08000fb4   0x00000090   Code   RO          813    i._Z12SDReadSectorj  sdcard.o
    0x08001044   0x000001fc   Code   RO          371    i._Z12initHardwarev  hardware.o
    0x08001240   0x00000018   Code   RO          633    i._Z12unlockMemoryv  vex_loader.o
    0x08001258   0x000000a4   Code   RO          814    i._Z13SDSendCommandhj  sdcard.o
    0x080012fc   0x00000098   Code   RO          815    i._Z13SDWriteSectorj  sdcard.o
    0x08001394   0x00000048   Code   RO          634    i._Z13debugInternalv  vex_loader.o
    0x080013dc   0x00000038   Code   RO          816    i._Z14FSClearClusteri  sdcard.o
    0x08001414   0x00000148   Code   RO          817    i._Z14FSReadNextFilePciP15DirectoryReaderP8FileInfo  sdcard.o
    0x0800155c   0x0000001c   Code   RO          818    i._Z16FSGetStartSectori  sdcard.o
    0x08001578   0x0000004c   Code   RO          819    i._Z16FSMakeNewClusterv  sdcard.o
    0x080015c4   0x0000001a   Code   RO          124    i._Z16__NVIC_EnableIRQ4IRQn  display_ili9341.o
    0x080015de   0x00000002   PAD
    0x080015e0   0x00000034   Code   RO          820    i._Z17FSGetClusterValuei  sdcard.o
    0x08001614   0x00000044   Code   RO          821    i._Z17FSSetClusterValueii  sdcard.o
    0x08001658   0x00000010   Code   RO          372    i._Z17getTimerWithClearv  hardware.o
    0x08001668   0x00000080   Code   RO          822    i._Z19FSGetEmptyFilePlaceiPiS_  sdcard.o
    0x080016e8   0x00000018   Code   RO          373    i._Z19getAdcValueForXAxisv  hardware.o
    0x08001700   0x00000018   Code   RO          374    i._Z19getAdcValueForYAxisv  hardware.o
    0x08001718   0x0000002a   Code   RO          823    i._Z20FSRemoveClusterChaini  sdcard.o
    0x08001742   0x0000006e   Code   RO          824    i._Z23FSGetNameFromFileStructPhPc  sdcard.o
    0x080017b0   0x0000001c   Code   RO          444    i._Z3cmpPcS_        helpers.o
    0x080017cc   0x0000001e   Code   RO          635    i._Z3runPcPh        vex_loader.o
    0x080017ea   0x0000002a   Code   RO          445    i._Z4cmpiPcS_       helpers.o
    0x08001814   0x0000004a   Code   RO          446    i._Z4itoaiPc        helpers.o
    0x0800185e   0x0000002e   Code   RO          636    i._Z4sCmpPcS_       vex_loader.o
    0x0800188c   0x000000ac   Code   RO          825    i._Z6FSReadP10FileWorkerPvj  sdcard.o
    0x08001938   0x000000c0   Code   RO          827    i._Z6SDInitv        sdcard.o
    0x080019f8   0x000003dc   Code   RO          637    i._Z6getCmdPc       vex_loader.o
    0x08001dd4   0x00000010   Code   RO          638    i._Z6getFPSv        vex_loader.o
    0x08001de4   0x00000014   Code   RO          639    i._Z6setFPSt        vex_loader.o
    0x08001df8   0x0000002c   Code   RO          829    i._Z7FSCloseP10FileWorker  sdcard.o
    0x08001e24   0x000000ac   Code   RO          830    i._Z7FSWriteP10FileWorkerPKvi  sdcard.o
    0x08001ed0   0x00000020   Code   RO          541    i._Z7messagePc      main.o
    0x08001ef0   0x00000026   Code   RO          447    i._Z7reversePc      helpers.o
    0x08001f16   0x00000002   PAD
    0x08001f18   0x00000018   Code   RO          640    i._Z7runGamev       vex_loader.o
    0x08001f30   0x0000000a   Code   RO          831    i._Z7spiReadv       sdcard.o
    0x08001f3a   0x00000002   PAD
    0x08001f3c   0x00000034   Code   RO          832    i._Z7spiSendh       sdcard.o
    0x08001f70   0x00000016   Code   RO          448    i._Z7toUpperc       helpers.o
    0x08001f86   0x00000002   PAD
    0x08001f88   0x000000d8   Code   RO          833    i._Z8SDEnablePh     sdcard.o
    0x08002060   0x0000000c   Code   RO          375    i._Z8getTimerv      hardware.o
    0x0800206c   0x000001f4   Code   RO          641    i._Z8loadGamePcPh   vex_loader.o
    0x08002260   0x00000058   Code   RO          642    i._Z8saveCodePKhS0_j  vex_loader.o
    0x080022b8   0x00000038   Code   RO          834    i._Z9FSReadDirPcP15DirectoryReader  sdcard.o
    0x080022f0   0x00000010   Code   RO          836    i._Z9SDGetBytej     sdcard.o
    0x08002300   0x0000001c   Code   RO          837    i._Z9SDGetWordj     sdcard.o
    0x0800231c   0x0000001c   Code   RO          839    i._Z9SDSetWordjs    sdcard.o
    0x08002338   0x0000002c   Code   RO          125    i._ZN15Display_ILI934110writeData8Eh  display_ili9341.o
    0x08002364   0x00000044   Code   RO          126    i._ZN15Display_ILI934111writeData16Et  display_ili9341.o
    0x080023a8   0x0000008c   Code   RO          127    i._ZN15Display_ILI934112displayClearEh  display_ili9341.o
    0x08002434   0x00000060   Code   RO          128    i._ZN15Display_ILI934112initFPSTimerEt  display_ili9341.o
    0x08002494   0x000000ac   Code   RO          130    i._ZN15Display_ILI93414drawEv  display_ili9341.o
    0x08002540   0x0000031c   Code   RO          131    i._ZN15Display_ILI93414initEv  display_ili9341.o
    0x0800285c   0x0000000c   Code   RO          133    i._ZN15Display_ILI93416getFPSEv  display_ili9341.o
    0x08002868   0x00000022   Code   RO          134    i._ZN15Display_ILI93416setColEtt  display_ili9341.o
    0x0800288a   0x00000012   Code   RO          135    i._ZN15Display_ILI93416setFPSEt  display_ili9341.o
    0x0800289c   0x00000068   Code   RO          136    i._ZN15Display_ILI93417initDMAEPt  display_ili9341.o
    0x08002904   0x00000040   Code   RO          137    i._ZN15Display_ILI93417sendCMDEh  display_ili9341.o
    0x08002944   0x00000022   Code   RO          138    i._ZN15Display_ILI93417setPageEtt  display_ili9341.o
    0x08002966   0x00000002   PAD
    0x08002968   0x0000005c   Code   RO          140    i._ZN15Display_ILI93419initTimerEv  display_ili9341.o
    0x080029c4   0x00000100   Code   RO          590    i._ZN4Text13displayStringEPKchttb  text.o
    0x08002ac4   0x00000020   Code   RO          503    i._ZN5Input8getStateEh  input.o
    0x08002ae4   0x0000001a   Code   RO          504    i._ZN5Input8getXAxisEv  input.o
    0x08002afe   0x0000001a   Code   RO          505    i._ZN5Input8getYAxisEv  input.o
    0x08002b18   0x0000000c   Code   RO          280    i._ZN6Engine10setPaletteEPKt  engine.o
    0x08002b24   0x0000001c   Code   RO          281    i._ZN6Engine12setFillColorEh  engine.o
    0x08002b40   0x0000000c   Code   RO          282    i._ZN6Engine12setLineClearEb  engine.o
    0x08002b4c   0x00000104   Code   RO          283    i._ZN6Engine13displaySpriteEPKhsssshb  engine.o
    0x08002c50   0x00000030   Code   RO          284    i._ZN6Engine15setSpriteMemoryEPhj  engine.o
    0x08002c80   0x0000018c   Code   RO          285    i._ZN6Engine19displaySpriteMatrixEPK6Matrixasssshb  engine.o
    0x08002e0c   0x00000138   Code   RO          286    i._ZN6Engine20displaySpriteBitMaskEPKhhsshshb  engine.o
    0x08002f44   0x0000013c   Code   RO          287    i._ZN6Engine21displaySpriteByteMaskEPKhhsssshb  engine.o
    0x08003080   0x0000000c   Code   RO          288    i._ZN6Engine5clearEv  engine.o
    0x0800308c   0x00000580   Code   RO          289    i._ZN6Engine9parseLineEsPt  engine.o
    0x0800360c   0x00000018   Code   RO          542    i.__sti___8_main_cpp_display  main.o
    0x08003624   0x00000150   Code   RO          543    i.main              main.o
    0x08003774   0x00000014   Data   RO          300    .constdata          engine.o
    0x08003788   0x0000000c   Data   RO          509    .constdata          input.o
    0x08003794   0x00000210   Data   RO          592    .constdata          text.o
    0x080039a4   0x0000001c   Data   RO          261    .constdata__ZTV15Display_ILI9341  display_ili9341.o
    0x080039c0   0x0000001c   Data   RO           48    .constdata__ZTV7Display  display.o
    0x080039dc   0x00000020   Data   RO         3446    Region$$Table       anon$$obj.o
    0x080039fc   0x00000004   Data   RO          548    .init_array         main.o
    0x08003a00   0x00000000   Data   RO         3032    .init_array         c_w.l(init_aeabi.o)


    Execution Region ER_RW (Base: 0x20000000, Size: 0x00000068, Max: 0xffffffff, ABSOLUTE)

    Base Addr    Size         Type   Attr      Idx    E Section Name        Object

    0x20000000   0x00000007   Data   RW          162    .data               display_ili9341.o
    0x20000007   0x00000001   PAD
    0x20000008   0x00000010   Data   RW          301    .data               engine.o
    0x20000018   0x00000004   Data   RW          383    .data               hardware.o
    0x2000001c   0x00000008   Data   RW          547    .data               main.o
    0x20000024   0x00000008   Data   RW          614    .data               mem.o
    0x2000002c   0x00000004   Data   RW          657    .data               vex_loader.o
    0x20000030   0x00000024   Data   RW          873    .data               sdcard.o
    0x20000054   0x00000014   Data   RW         1827    .data               stm32f10x_rcc.o


    Execution Region ER_ZI (Base: 0x20000068, Size: 0x00004b68, Max: 0xffffffff, ABSOLUTE)

    Base Addr    Size         Type   Attr      Idx    E Section Name        Object

    0x20000068   0x00000504   Zero   RW          161    .bss                display_ili9341.o
    0x2000056c   0x00004000   Zero   RW          613    .bss                mem.o
    0x2000456c   0x00000060   Zero   RW         3323    .bss                c_w.l(libspace.o)
    0x200045cc   0x00000004   PAD
    0x200045d0   0x00000200   Zero   RW         2961    HEAP                startup_stm32f10x_md.o
    0x200047d0   0x00000400   Zero   RW         2960    STACK               startup_stm32f10x_md.o


==============================================================================

Image component sizes


      Code (inc. data)   RO Data    RW Data    ZI Data      Debug   Object Name

         0          0         28          0          0     251424   display.o
      1816        132         28          7       1284      36495   display_ili9341.o
      2804        116         20         16          0       8301   engine.o
       628         52          0          4          0       5154   hardware.o
       216          0          0          0          0       2970   helpers.o
        84          8         12          0          0       2512   input.o
       392        168          4          8          0       2659   main.o
         0          0          0          8      16384        506   mem.o
         0          0          0          0          0     249828   misc.o
      3302        222          0         36          0      20403   sdcard.o
        64         26        236          0       1536        788   startup_stm32f10x_md.o
       404         10          0          0          0       9845   stm32f10x_adc.o
       130         10          0          0          0       4104   stm32f10x_dma.o
       288          0          0          0          0       2692   stm32f10x_gpio.o
       332         44          0         20          0       5793   stm32f10x_rcc.o
       120          0          0          0          0       3566   stm32f10x_spi.o
       328         28          0          0          0       1885   system_stm32f10x.o
       256         38        528          0          0       1736   text.o
      1972        610          0          4          0      10234   vex_loader.o

    ----------------------------------------------------------------------
     13150       1464        888        104      19204     620895   Object Totals
         0          0         32          0          0          0   (incl. Generated)
        14          0          0          1          0          0   (incl. Padding)

    ----------------------------------------------------------------------

      Code (inc. data)   RO Data    RW Data    ZI Data      Debug   Library Member Name

         8          0          0          0          0         68   __main.o
         0          0          0          0          0          0   __rtentry.o
        12          0          0          0          0          0   __rtentry2.o
         6          0          0          0          0          0   __rtentry4.o
        52          8          0          0          0          0   __scatter.o
        26          0          0          0          0          0   __scatter_copy.o
        28          0          0          0          0          0   __scatter_zi.o
        16          0          0          0          0         68   aeabi_memset.o
        18          0          0          0          0         80   exit.o
         6          0          0          0          0        152   heapauxi.o
         0          0          0          0          0          0   indicate_semi.o
        36         10          0          0          0         80   init_aeabi.o
         2          0          0          0          0          0   libinit.o
         6          0          0          0          0          0   libinit2.o
         2          0          0          0          0          0   libshutdown.o
         2          0          0          0          0          0   libshutdown2.o
         8          4          0          0         96         68   libspace.o
         8          0          0          0          0         76   memcpy.o
        22          0          0          0          0         76   memset.o
        68          0          0          0          0         68   rt_memclr.o
        78          0          0          0          0         80   rt_memclr_w.o
       138          0          0          0          0         68   rt_memcpy_v6.o
       100          0          0          0          0         80   rt_memcpy_w.o
         2          0          0          0          0          0   rtexit.o
        10          0          0          0          0          0   rtexit2.o
        62          0          0          0          0         76   strlen.o
        12          4          0          0          0         68   sys_exit.o
        74          0          0          0          0         80   sys_stackheap_outer.o
         2          0          0          0          0         68   use_no_semi.o

    ----------------------------------------------------------------------
       810         26          0          0        100       1256   Library Totals
         6          0          0          0          4          0   (incl. Padding)

    ----------------------------------------------------------------------

      Code (inc. data)   RO Data    RW Data    ZI Data      Debug   Library Name

       804         26          0          0         96       1256   c_w.l

    ----------------------------------------------------------------------
       810         26          0          0        100       1256   Library Totals

    ----------------------------------------------------------------------

==============================================================================


      Code (inc. data)   RO Data    RW Data    ZI Data      Debug   

     13960       1490        888        104      19304     615543   Grand Totals
     13960       1490        888        104      19304     615543   ELF Image Totals
     13960       1490        888        104          0          0   ROM Totals

==============================================================================

    Total RO  Size (Code + RO Data)                14848 (  14.50kB)
    Total RW  Size (RW Data + ZI Data)             19408 (  18.95kB)
    Total ROM Size (Code + RO Data + RW Data)      14952 (  14.60kB)

==============================================================================

