Component: ARM Compiler 5.06 update 6 (build 750) Tool: armlink [4d35ed]

==============================================================================

Section Cross References

    engine.o(i._ZN6Engine10setPaletteEPKt) refers to engine.o(.data) for colorPallete
    engine.o(i._ZN6Engine10setPaletteEPKt) refers to engine.o(.constdata) for defColorPallete
    engine.o(i._ZN6Engine11displayRectEhssssb) refers to engine.o(.data) for spriteCount
    engine.o(i._ZN6Engine12setFillColorEh) refers to engine.o(.data) for fillColor
    engine.o(i._ZN6Engine12setLineClearEb) refers to engine.o(.data) for lineClear
    engine.o(i._ZN6Engine13displaySpriteEPKhsssshb) refers to engine.o(.data) for spriteCount
    engine.o(i._ZN6Engine14setSpriteLimitEt) refers to engine.o(i._ZN6Engine15disableGraphicsEv) for Engine::disableGraphics()
    engine.o(i._ZN6Engine14setSpriteLimitEt) refers to mem.o(i._Z6mallocj) for malloc(unsigned)
    engine.o(i._ZN6Engine14setSpriteLimitEt) refers to engine.o(.data) for spriteCash
    engine.o(i._ZN6Engine15disableGraphicsEv) refers to mem.o(i._Z4freePv) for free(void*)
    engine.o(i._ZN6Engine15disableGraphicsEv) refers to engine.o(.data) for spriteCash
    engine.o(i._ZN6Engine17displayFilledRectEhssssb) refers to engine.o(.data) for spriteCount
    engine.o(i._ZN6Engine19displaySpriteMatrixEPK6Matrixasssshb) refers to engine.o(.data) for spriteCount
    engine.o(i._ZN6Engine20displaySpriteBitMaskEPKhhsshshb) refers to engine.o(.data) for spriteCount
    engine.o(i._ZN6Engine21displaySpriteByteMaskEPKhhsssshb) refers to engine.o(.data) for spriteCount
    engine.o(i._ZN6Engine5clearEv) refers to engine.o(.data) for spriteCount
    engine.o(i._ZN6Engine9parseLineEsPt) refers to aeabi_memset.o(.text) for __aeabi_memset
    engine.o(i._ZN6Engine9parseLineEsPt) refers to engine.o(.data) for lineClear
    engine.o(.ARM.exidx) refers to engine.o(i._ZN6Engine9parseLineEsPt) for i._ZN6Engine9parseLineEsPt
    engine.o(.ARM.exidx) refers to engine.o(i._ZN6Engine5clearEv) for i._ZN6Engine5clearEv
    engine.o(.ARM.exidx) refers to engine.o(i._ZN6Engine12setLineClearEb) for i._ZN6Engine12setLineClearEb
    engine.o(.ARM.exidx) refers to engine.o(i._ZN6Engine12setFillColorEh) for i._ZN6Engine12setFillColorEh
    engine.o(.ARM.exidx) refers to engine.o(i._ZN6Engine15disableGraphicsEv) for i._ZN6Engine15disableGraphicsEv
    engine.o(.ARM.exidx) refers to engine.o(i._ZN6Engine14setSpriteLimitEt) for i._ZN6Engine14setSpriteLimitEt
    engine.o(.ARM.exidx) refers to engine.o(i._ZN6Engine10setPaletteEPKt) for i._ZN6Engine10setPaletteEPKt
    engine.o(.ARM.exidx) refers to engine.o(i._ZN6Engine13displaySpriteEPKhsssshb) for i._ZN6Engine13displaySpriteEPKhsssshb
    engine.o(.ARM.exidx) refers to engine.o(i._ZN6Engine20displaySpriteBitMaskEPKhhsshshb) for i._ZN6Engine20displaySpriteBitMaskEPKhhsshshb
    engine.o(.ARM.exidx) refers to engine.o(i._ZN6Engine21displaySpriteByteMaskEPKhhsssshb) for i._ZN6Engine21displaySpriteByteMaskEPKhhsssshb
    engine.o(.ARM.exidx) refers to engine.o(i._ZN6Engine19displaySpriteMatrixEPK6Matrixasssshb) for i._ZN6Engine19displaySpriteMatrixEPK6Matrixasssshb
    engine.o(.ARM.exidx) refers to engine.o(i._ZN6Engine17displayFilledRectEhssssb) for i._ZN6Engine17displayFilledRectEhssssb
    engine.o(.ARM.exidx) refers to engine.o(i._ZN6Engine11displayRectEhssssb) for i._ZN6Engine11displayRectEhssssb
    hardware.o(i.TIM2_IRQHandler) refers to hardware.o(.data) for tmrCounter
    hardware.o(i._Z10clearTimerv) refers to hardware.o(.data) for tmrCounter
    hardware.o(i._Z12initHardwarev) refers to stm32f10x_rcc.o(i.RCC_APB2PeriphClockCmd) for RCC_APB2PeriphClockCmd
    hardware.o(i._Z12initHardwarev) refers to stm32f10x_rcc.o(i.RCC_ADCCLKConfig) for RCC_ADCCLKConfig
    hardware.o(i._Z12initHardwarev) refers to stm32f10x_rcc.o(i.RCC_AHBPeriphClockCmd) for RCC_AHBPeriphClockCmd
    hardware.o(i._Z12initHardwarev) refers to stm32f10x_gpio.o(i.GPIO_Init) for GPIO_Init
    hardware.o(i._Z12initHardwarev) refers to stm32f10x_adc.o(i.ADC_Init) for ADC_Init
    hardware.o(i._Z12initHardwarev) refers to stm32f10x_adc.o(i.ADC_InjectedSequencerLengthConfig) for ADC_InjectedSequencerLengthConfig
    hardware.o(i._Z12initHardwarev) refers to stm32f10x_adc.o(i.ADC_InjectedChannelConfig) for ADC_InjectedChannelConfig
    hardware.o(i._Z12initHardwarev) refers to stm32f10x_adc.o(i.ADC_ExternalTrigInjectedConvConfig) for ADC_ExternalTrigInjectedConvConfig
    hardware.o(i._Z12initHardwarev) refers to stm32f10x_adc.o(i.ADC_Cmd) for ADC_Cmd
    hardware.o(i._Z12initHardwarev) refers to stm32f10x_adc.o(i.ADC_ResetCalibration) for ADC_ResetCalibration
    hardware.o(i._Z12initHardwarev) refers to stm32f10x_adc.o(i.ADC_GetResetCalibrationStatus) for ADC_GetResetCalibrationStatus
    hardware.o(i._Z12initHardwarev) refers to stm32f10x_adc.o(i.ADC_StartCalibration) for ADC_StartCalibration
[...]
    main.cpp                                 0x00000000   Number         0  main.o ABSOLUTE
    mem.cpp                                  0x00000000   Number         0  mem.o ABSOLUTE
    mem.cpp                                  0x00000000   Number         0  mem.o ABSOLUTE
    sdcard.cpp                               0x00000000   Number         0  sdcard.o ABSOLUTE
    sdcard.cpp                               0x00000000   Number         0  sdcard.o ABSOLUTE
    sound.cpp                                0x00000000   Number         0  sound.o ABSOLUTE
    sound.cpp                                0x00000000   Number         0  sound.o ABSOLUTE
    terminal.cpp                             0x00000000   Number         0  terminal.o ABSOLUTE
    terminal.cpp                             0x00000000   Number         0  terminal.o ABSOLUTE
    text.cpp                                 0x00000000   Number         0  text.o ABSOLUTE
    text.cpp                                 0x00000000   Number         0  text.o ABSOLUTE
    vex_loader.cpp                           0x00000000   Number         0  vex_loader.o ABSOLUTE
    vex_loader.cpp                           0x00000000   Number         0  vex_loader.o ABSOLUTE
    RESET                                    0x08000000   Section      236  startup_stm32f10x_md.o(RESET)
    !!!main                                  0x080000ec   Section        8  __main.o(!!!main)
    !!!scatter                               0x080000f4   Section       52  __scatter.o(!!!scatter)
    !!handler_copy                           0x08000128   Section       26  __scatter_copy.o(!!handler_copy)
    !!handler_zi                             0x08000144   Section       28  __scatter_zi.o(!!handler_zi)
    .ARM.Collect$$libinit$$00000000          0x08000160   Section        2  libinit.o(.ARM.Collect$$libinit$$00000000)
    .ARM.Collect$$libinit$$00000002          0x08000162   Section        0  libinit2.o(.ARM.Collect$$libinit$$00000002)
    .ARM.Collect$$libinit$$00000004          0x08000162   Section        0  libinit2.o(.ARM.Collect$$libinit$$00000004)
    .ARM.Collect$$libinit$$0000000A          0x08000162   Section        0  libinit2.o(.ARM.Collect$$libinit$$0000000A)
    .ARM.Collect$$libinit$$0000000C          0x08000162   Section        0  libinit2.o(.ARM.Collect$$libinit$$0000000C)
    .ARM.Collect$$libinit$$0000000E          0x08000162   Section        0  libinit2.o(.ARM.Collect$$libinit$$0000000E)
    .ARM.Collect$$libinit$$00000011          0x08000162   Section        0  libinit2.o(.ARM.Collect$$libinit$$00000011)
    .ARM.Collect$$libinit$$00000013          0x08000162   Section        0  libinit2.o(.ARM.Collect$$libinit$$00000013)
    .ARM.Collect$$libinit$$00000015          0x08000162   Section        0  libinit2.o(.ARM.Collect$$libinit$$00000015)
    .ARM.Collect$$libinit$$00000017          0x08000162   Section        0  libinit2.o(.ARM.Collect$$libinit$$00000017)
    .ARM.Collect$$libinit$$00000019          0x08000162   Section        0  libinit2.o(.ARM.Collect$$libinit$$00000019)
    .ARM.Collect$$libinit$$0000001B          0x08000162   Section        0  libinit2.o(.ARM.Collect$$libinit$$0000001B)
    .ARM.Collect$$libinit$$0000001D          0x08000162   Section        0  libinit2.o(.ARM.Collect$$libinit$$0000001D)
    .ARM.Collect$$libinit$$0000001F          0x08000162   Section        0  libinit2.o(.ARM.Collect$$libinit$$0000001F)
    .ARM.Collect$$libinit$$00000021          0x08000162   Section        0  libinit2.o(.ARM.Collect$$libinit$$00000021)
    .ARM.Collect$$libinit$$00000023          0x08000162   Section        0  libinit2.o(.ARM.Collect$$libinit$$00000023)
    .ARM.Collect$$libinit$$00000025          0x08000162   Section        0  libinit2.o(.ARM.Collect$$libinit$$00000025)
    .ARM.Collect$$libinit$$0000002C          0x08000162   Section        0  libinit2.o(.ARM.Collect$$libinit$$0000002C)
    .ARM.Collect$$libinit$$0000002E          0x08000162   Section        0  libinit2.o(.ARM.Collect$$libinit$$0000002E)
    .ARM.Collect$$libinit$$00000030          0x08000162   Section        0  libinit2.o(.ARM.Collect$$libinit$$00000030)
    .ARM.Collect$$libinit$$00000032          0x08000162   Section        0  libinit2.o(.ARM.Collect$$libinit$$00000032)
    .ARM.Collect$$libinit$$00000033          0x08000162   Section        2  libinit2.o(.ARM.Collect$$libinit$$00000033)
    .ARM.Collect$$libshutdown$$00000000      0x08000164   Section        2  libshutdown.o(.ARM.Collect$$libshutdown$$00000000)
    .ARM.Collect$$libshutdown$$00000002      0x08000166   Section        0  libshutdown2.o(.ARM.Collect$$libshutdown$$00000002)
    .ARM.Collect$$libshutdown$$00000004      0x08000166   Section        0  libshutdown2.o(.ARM.Collect$$libshutdown$$00000004)
    .ARM.Collect$$libshutdown$$00000007      0x08000166   Section        0  libshutdown2.o(.ARM.Collect$$libshutdown$$00000007)
    .ARM.Collect$$libshutdown$$0000000A      0x08000166   Section        0  libshutdown2.o(.ARM.Collect$$libshutdown$$0000000A)
    .ARM.Collect$$libshutdown$$0000000C      0x08000166   Section        0  libshutdown2.o(.ARM.Collect$$libshutdown$$0000000C)
    .ARM.Collect$$libshutdown$$0000000F      0x08000166   Section        0  libshutdown2.o(.ARM.Collect$$libshutdown$$0000000F)
    .ARM.Collect$$libshutdown$$00000010      0x08000166   Section        2  libshutdown2.o(.ARM.Collect$$libshutdown$$00000010)
    .ARM.Collect$$rtentry$$00000000          0x08000168   Section        0  __rtentry.o(.ARM.Collect$$rtentry$$00000000)
    .ARM.Collect$$rtentry$$00000002          0x08000168   Section        0  __rtentry2.o(.ARM.Collect$$rtentry$$00000002)
    .ARM.Collect$$rtentry$$00000004          0x08000168   Section        6  __rtentry4.o(.ARM.Collect$$rtentry$$00000004)
    .ARM.Collect$$rtentry$$00000009          0x0800016e   Section        0  __rtentry2.o(.ARM.Collect$$rtentry$$00000009)
    .ARM.Collect$$rtentry$$0000000A          0x0800016e   Section        4  __rtentry2.o(.ARM.Collect$$rtentry$$0000000A)
    .ARM.Collect$$rtentry$$0000000C          0x08000172   Section        0  __rtentry2.o(.ARM.Collect$$rtentry$$0000000C)
    .ARM.Collect$$rtentry$$0000000D          0x08000172   Section        8  __rtentry2.o(.ARM.Collect$$rtentry$$0000000D)
    .ARM.Collect$$rtexit$$00000000           0x0800017a   Section        2  rtexit.o(.ARM.Collect$$rtexit$$00000000)
    .ARM.Collect$$rtexit$$00000002           0x0800017c   Section        0  rtexit2.o(.ARM.Collect$$rtexit$$00000002)
    .ARM.Collect$$rtexit$$00000003           0x0800017c   Section        4  rtexit2.o(.ARM.Collect$$rtexit$$00000003)
    .ARM.Collect$$rtexit$$00000004           0x08000180   Section        6  rtexit2.o(.ARM.Collect$$rtexit$$00000004)
    .text                                    0x08000188   Section       60  startup_stm32f10x_md.o(.text)
    .text                                    0x080001c4   Section        0  strlen.o(.text)
    .text                                    0x08000202   Section      138  rt_memcpy_v6.o(.text)
    .text                                    0x0800028c   Section        8  memcpy.o(.text)
    .text                                    0x08000294   Section       22  memset.o(.text)
    .text                                    0x080002aa   Section       16  aeabi_memset.o(.text)
    .text                                    0x080002ba   Section       68  rt_memclr.o(.text)
    .text                                    0x080002fe   Section       78  rt_memclr_w.o(.text)
    .text                                    0x0800034c   Section        0  heapauxi.o(.text)
    .text                                    0x08000352   Section      100  rt_memcpy_w.o(.text)
    .text                                    0x080003b6   Section       74  sys_stackheap_outer.o(.text)
    .text                                    0x08000400   Section        0  exit.o(.text)
    .text                                    0x08000414   Section        8  libspace.o(.text)
    .text                                    0x0800041c   Section        0  sys_exit.o(.text)
    .text                                    0x08000428   Section        2  use_no_semi.o(.text)
    .text                                    0x0800042a   Section        0  indicate_semi.o(.text)
    i.ADC_AutoInjectedConvCmd                0x0800042a   Section        0  stm32f10x_adc.o(i.ADC_AutoInjectedConvCmd)
    i.ADC_Cmd                                0x08000440   Section        0  stm32f10x_adc.o(i.ADC_Cmd)
    i.ADC_ExternalTrigInjectedConvConfig     0x08000456   Section        0  stm32f10x_adc.o(i.ADC_ExternalTrigInjectedConvConfig)
    i.ADC_GetCalibrationStatus               0x08000466   Section        0  stm32f10x_adc.o(i.ADC_GetCalibrationStatus)
    i.ADC_GetInjectedConversionValue         0x0800047a   Section        0  stm32f10x_adc.o(i.ADC_GetInjectedConversionValue)
    i.ADC_GetResetCalibrationStatus          0x08000496   Section        0  stm32f10x_adc.o(i.ADC_GetResetCalibrationStatus)
    i.ADC_Init                               0x080004ac   Section        0  stm32f10x_adc.o(i.ADC_Init)
    i.ADC_InjectedChannelConfig              0x080004fc   Section        0  stm32f10x_adc.o(i.ADC_InjectedChannelConfig)
    i.ADC_InjectedSequencerLengthConfig      0x0800057e   Section        0  stm32f10x_adc.o(i.ADC_InjectedSequencerLengthConfig)
    i.ADC_ResetCalibration                   0x08000596   Section        0  stm32f10x_adc.o(i.ADC_ResetCalibration)
    i.ADC_SoftwareStartInjectedConvCmd       0x080005a0   Section        0  stm32f10x_adc.o(i.ADC_SoftwareStartInjectedConvCmd)
    i.ADC_StartCalibration                   0x080005b6   Section        0  stm32f10x_adc.o(i.ADC_StartCalibration)
    i.DMA1_Channel3_IRQHandler               0x080005c0   Section        0  display_ili9341.o(i.DMA1_Channel3_IRQHandler)
    i.DMA_ClearITPendingBit                  0x080005f0   Section        0  stm32f10x_dma.o(i.DMA_ClearITPendingBit)
    i.DMA_Cmd                                0x0800060c   Section        0  stm32f10x_dma.o(i.DMA_Cmd)
    i.DMA_ITConfig                           0x08000624   Section        0  stm32f10x_dma.o(i.DMA_ITConfig)
    i.DMA_Init                               0x08000636   Section        0  stm32f10x_dma.o(i.DMA_Init)
    i.GPIO_Init                              0x08000672   Section        0  stm32f10x_gpio.o(i.GPIO_Init)
    i.GPIO_WriteBit                          0x08000788   Section        0  stm32f10x_gpio.o(i.GPIO_WriteBit)
    i.RCC_ADCCLKConfig                       0x08000794   Section        0  stm32f10x_rcc.o(i.RCC_ADCCLKConfig)
    i.RCC_AHBPeriphClockCmd                  0x080007ac   Section        0  stm32f10x_rcc.o(i.RCC_AHBPeriphClockCmd)
    i.RCC_APB1PeriphClockCmd                 0x080007cc   Section        0  stm32f10x_rcc.o(i.RCC_APB1PeriphClockCmd)
    i.RCC_APB2PeriphClockCmd                 0x080007ec   Section        0  stm32f10x_rcc.o(i.RCC_APB2PeriphClockCmd)
    i.RCC_GetClocksFreq                      0x0800080c   Section        0  stm32f10x_rcc.o(i.RCC_GetClocksFreq)
    i.SPI_Cmd                                0x080008e0   Section        0  stm32f10x_spi.o(i.SPI_Cmd)
    i.SPI_I2S_DMACmd                         0x080008f8   Section        0  stm32f10x_spi.o(i.SPI_I2S_DMACmd)
    i.SPI_I2S_GetFlagStatus                  0x0800090a   Section        0  stm32f10x_spi.o(i.SPI_I2S_GetFlagStatus)
    i.SPI_Init                               0x0800091c   Section        0  stm32f10x_spi.o(i.SPI_Init)
    i.SetSysClock                            0x08000958   Section        0  system_stm32f10x.o(i.SetSysClock)
    SetSysClock                              0x08000959   Thumb Code     8  system_stm32f10x.o(i.SetSysClock)
    i.SetSysClockTo72                        0x08000960   Section        0  system_stm32f10x.o(i.SetSysClockTo72)
    SetSysClockTo72                          0x08000961   Thumb Code   214  system_stm32f10x.o(i.SetSysClockTo72)
    i.SystemInit                             0x08000a40   Section        0  system_stm32f10x.o(i.SystemInit)
    i.TIM2_IRQHandler                        0x08000aa0   Section        0  hardware.o(i.TIM2_IRQHandler)
    i.TIM3_IRQHandler                        0x08000ac0   Section        0  sound.o(i.TIM3_IRQHandler)
    i.TIM4_IRQHandler                        0x08000b14   Section        0  display_ili9341.o(i.TIM4_IRQHandler)
    i._Z10FSCloseDirP15DirectoryReader       0x08000b30   Section        0  sdcard.o(i._Z10FSCloseDirP15DirectoryReader)
    i._Z10FSReadFilePc                       0x08000b44   Section        0  sdcard.o(i._Z10FSReadFilePc)
    i._Z10SDGetDWordj                        0x08000b8c   Section        0  sdcard.o(i._Z10SDGetDWordj)
    i._Z10SDSetDWordji                       0x08000bc0   Section        0  sdcard.o(i._Z10SDSetDWordji)
    i._Z10clearTimerv                        0x08000bf0   Section        0  hardware.o(i._Z10clearTimerv)
    i._Z10configInitv                        0x08000bfc   Section        0  config.o(i._Z10configInitv)
    i._Z10getFreeMemv                        0x08000c14   Section        0  mem.o(i._Z10getFreeMemv)
    i._Z10readConfigP10CoreConfigj           0x08000c5c   Section        0  config.o(i._Z10readConfigP10CoreConfigj)
    i._Z10saveConfigv                        0x08000ca4   Section        0  config.o(i._Z10saveConfigv)
    i._Z11FSWriteFilePKc                     0x08000cf0   Section        0  sdcard.o(i._Z11FSWriteFilePKc)
    i._Z11applyConfigP10CoreConfigj          0x08000eac   Section        0  config.o(i._Z11applyConfigP10CoreConfigj)
    i._Z11checkHeaderP13VexMainHeader        0x08000ed0   Section        0  vex_loader.o(i._Z11checkHeaderP13VexMainHeader)
    i._Z11clearMemoryPKh                     0x08000f0c   Section        0  vex_loader.o(i._Z11clearMemoryPKh)
    i._Z11delayByLoopj                       0x08000f54   Section        0  helpers.o(i._Z11delayByLoopj)
    i._Z11displaySyncv                       0x08000f60   Section        0  vex_loader.o(i._Z11displaySyncv)
    i._Z11flash_readyv                       0x08000f70   Section        0  vex_loader.o(i._Z11flash_readyv)
    i._Z12FSGetClusterPKcP8FileInfoPiS3_     0x08000f84   Section        0  sdcard.o(i._Z12FSGetClusterPKcP8FileInfoPiS3_)
    i._Z12SDReadSectorj                      0x0800110c   Section        0  sdcard.o(i._Z12SDReadSectorj)
    i._Z12disableSoundv                      0x080011a4   Section        0  sound.o(i._Z12disableSoundv)
    i._Z12enableMemoryPct                    0x080011ec   Section        0  mem.o(i._Z12enableMemoryPct)
    i._Z12initHardwarev                      0x08001224   Section        0  hardware.o(i._Z12initHardwarev)
    i._Z12unlockMemoryv                      0x08001444   Section        0  vex_loader.o(i._Z12unlockMemoryv)
    i._Z13SDClearBufferv                     0x0800145c   Section        0  sdcard.o(i._Z13SDClearBufferv)
    i._Z13SDSendCommandhj                    0x08001478   Section        0  sdcard.o(i._Z13SDSendCommandhj)
    i._Z13SDWriteSectorj                     0x0800151c   Section        0  sdcard.o(i._Z13SDWriteSectorj)
    i._Z13debugInternalv                     0x080015ec   Section        0  vex_loader.o(i._Z13debugInternalv)
    i._Z14FSClearClusteri                    0x08001634   Section        0  sdcard.o(i._Z14FSClearClusteri)
    i._Z14FSReadNextFileP15DirectoryReader   0x0800166c   Section        0  sdcard.o(i._Z14FSReadNextFileP15DirectoryReader)
    i._Z15SDControlBufferv                   0x0800179c   Section        0  sdcard.o(i._Z15SDControlBufferv)
    i._Z15enableSoundMonothPFtvE             0x080017d0   Section        0  sound.o(i._Z15enableSoundMonothPFtvE)
    i._Z16FSGetStartSectori                  0x08001894   Section        0  sdcard.o(i._Z16FSGetStartSectori)
    i._Z16FSMakeNewClusterv                  0x080018b0   Section        0  sdcard.o(i._Z16FSMakeNewClusterv)
    i._Z16__NVIC_EnableIRQ4IRQn              0x080018fc   Section        0  display_ili9341.o(i._Z16__NVIC_EnableIRQ4IRQn)
    __NVIC_EnableIRQ(IRQn)                   0x080018fd   Thumb Code    26  display_ili9341.o(i._Z16__NVIC_EnableIRQ4IRQn)
    i._Z17FSGetClusterValuei                 0x08001918   Section        0  sdcard.o(i._Z17FSGetClusterValuei)
    i._Z17FSSetClusterValueii                0x0800194c   Section        0  sdcard.o(i._Z17FSSetClusterValueii)
    i._Z17getTimerWithClearv                 0x0800198c   Section        0  hardware.o(i._Z17getTimerWithClearv)
    i._Z19FSGetEmptyFilePlaceiPiS_           0x0800199c   Section        0  sdcard.o(i._Z19FSGetEmptyFilePlaceiPiS_)
    i._Z19getAdcValueForXAxisv               0x08001a1c   Section        0  hardware.o(i._Z19getAdcValueForXAxisv)
    i._Z19getAdcValueForYAxisv               0x08001a34   Section        0  hardware.o(i._Z19getAdcValueForYAxisv)
    i._Z20FSRemoveClusterChaini              0x08001a4c   Section        0  sdcard.o(i._Z20FSRemoveClusterChaini)
    i._Z23FSGetNameFromFileStructPhPc        0x08001a76   Section        0  sdcard.o(i._Z23FSGetNameFromFileStructPhPc)
    i._Z3cmpPcS_                             0x08001ae4   Section        0  helpers.o(i._Z3cmpPcS_)
    i._Z3runPcS_                             0x08001b00   Section        0  vex_loader.o(i._Z3runPcS_)
    i._Z4cmpiPcS_                            0x08001b1e   Section        0  helpers.o(i._Z4cmpiPcS_)
    i._Z4freePv                              0x08001b48   Section        0  mem.o(i._Z4freePv)
    i._Z4itoaiPc                             0x08001bd4   Section        0  helpers.o(i._Z4itoaiPc)
    i._Z4randv                               0x08001c1e   Section        0  helpers.o(i._Z4randv)
    i._Z4sCmpPKcS0_                          0x08001c62   Section        0  vex_loader.o(i._Z4sCmpPKcS0_)
    i._Z6FSReadP10FileWorkerPvj              0x08001c90   Section        0  sdcard.o(i._Z6FSReadP10FileWorkerPvj)
    i._Z6SDInitv                             0x08001d44   Section        0  sdcard.o(i._Z6SDInitv)
    i._Z6getCmdPc                            0x08001df8   Section        0  vex_loader.o(i._Z6getCmdPc)
    i._Z6mallocj                             0x080023e4   Section        0  mem.o(i._Z6mallocj)
    i._Z6setFPSt                             0x080024b0   Section        0  vex_loader.o(i._Z6setFPSt)
    i._Z7FSCloseP10FileWorker                0x080024c4   Section        0  sdcard.o(i._Z7FSCloseP10FileWorker)
    i._Z7FSWriteP10FileWorkerPKvi            0x080024f8   Section        0  sdcard.o(i._Z7FSWriteP10FileWorkerPKvi)
    i._Z7messagePc                           0x080025a4   Section        0  main.o(i._Z7messagePc)
    i._Z7reversePc                           0x080025c4   Section        0  helpers.o(i._Z7reversePc)
    i._Z7runGamev                            0x080025ec   Section        0  vex_loader.o(i._Z7runGamev)
    i._Z7spiReadv                            0x08002628   Section        0  sdcard.o(i._Z7spiReadv)
    i._Z7spiSendh                            0x08002634   Section        0  sdcard.o(i._Z7spiSendh)
    i._Z7toUpperc                            0x08002668   Section        0  helpers.o(i._Z7toUpperc)
    i._Z8SDEnablev                           0x08002680   Section        0  sdcard.o(i._Z8SDEnablev)
    i._Z8__divsi3ii                          0x08002754   Section        0  helpers.o(i._Z8__divsi3ii)
    i._Z8__modsi3ii                          0x0800275c   Section        0  helpers.o(i._Z8__modsi3ii)
    i._Z8getTimerv                           0x08002768   Section        0  hardware.o(i._Z8getTimerv)
    i._Z8loadGamePcS_                        0x08002774   Section        0  vex_loader.o(i._Z8loadGamePcS_)
    i._Z8saveCodePKcS0_j                     0x080029a4   Section        0  vex_loader.o(i._Z8saveCodePKcS0_j)
    i._Z9FSReadDirPc                         0x080029fc   Section        0  sdcard.o(i._Z9FSReadDirPc)
    i._Z9SDGetBytej                          0x08002a48   Section        0  sdcard.o(i._Z9SDGetBytej)
    i._Z9SDGetWordj                          0x08002a58   Section        0  sdcard.o(i._Z9SDGetWordj)
    i._Z9SDSetWordjs                         0x08002a74   Section        0  sdcard.o(i._Z9SDSetWordjs)
    i._Z9__udivsi3jj                         0x08002a90   Section        0  helpers.o(i._Z9__udivsi3jj)
    i._Z9__umodsi3jj                         0x08002a98   Section        0  helpers.o(i._Z9__umodsi3jj)
    i._Z9getConfigP10CoreConfigj             0x08002aa4   Section        0  config.o(i._Z9getConfigP10CoreConfigj)
    i._ZN15Display_ILI934110writeData8Eh     0x08002ac8   Section        0  display_ili9341.o(i._ZN15Display_ILI934110writeData8Eh)
    i._ZN15Display_ILI934111writeData16Et    0x08002af4   Section        0  display_ili9341.o(i._ZN15Display_ILI934111writeData16Et)
    i._ZN15Display_ILI934112displayClearEh   0x08002b38   Section        0  display_ili9341.o(i._ZN15Display_ILI934112displayClearEh)
    i._ZN15Display_ILI934112initFPSTimerEt   0x08002bd8   Section        0  display_ili9341.o(i._ZN15Display_ILI934112initFPSTimerEt)
    i._ZN15Display_ILI93414drawEv            0x08002c38   Section        0  display_ili9341.o(i._ZN15Display_ILI93414drawEv)
    i._ZN15Display_ILI93414initEv            0x08002d64   Section        0  display_ili9341.o(i._ZN15Display_ILI93414initEv)
    i._ZN15Display_ILI93416setColEtt         0x08003094   Section        0  display_ili9341.o(i._ZN15Display_ILI93416setColEtt)
    i._ZN15Display_ILI93416setFPSEt          0x080030b6   Section        0  display_ili9341.o(i._ZN15Display_ILI93416setFPSEt)
    i._ZN15Display_ILI93417initDMAEPt        0x080030c8   Section        0  display_ili9341.o(i._ZN15Display_ILI93417initDMAEPt)
    i._ZN15Display_ILI93417sendCMDEh         0x08003128   Section        0  display_ili9341.o(i._ZN15Display_ILI93417sendCMDEh)
    i._ZN15Display_ILI93417setPageEtt        0x08003168   Section        0  display_ili9341.o(i._ZN15Display_ILI93417setPageEtt)
    i._ZN4Text13displayStringEPKchttb        0x0800318c   Section        0  text.o(i._ZN4Text13displayStringEPKchttb)
    i._ZN5Input8getStateEh                   0x08003298   Section        0  input.o(i._ZN5Input8getStateEh)
    i._ZN5Input8getXAxisEv                   0x080032c4   Section        0  input.o(i._ZN5Input8getXAxisEv)
    i._ZN5Input8getYAxisEv                   0x080032f0   Section        0  input.o(i._ZN5Input8getYAxisEv)
    i._ZN6Engine10setPaletteEPKt             0x0800331c   Section        0  engine.o(i._ZN6Engine10setPaletteEPKt)
    i._ZN6Engine11displayRectEhssssb         0x08003334   Section        0  engine.o(i._ZN6Engine11displayRectEhssssb)
    i._ZN6Engine12setFillColorEh             0x080033f4   Section        0  engine.o(i._ZN6Engine12setFillColorEh)
    i._ZN6Engine12setLineClearEb             0x08003410   Section        0  engine.o(i._ZN6Engine12setLineClearEb)
    i._ZN6Engine13displaySpriteEPKhsssshb    0x0800341c   Section        0  engine.o(i._ZN6Engine13displaySpriteEPKhsssshb)
    i._ZN6Engine14setSpriteLimitEt           0x08003520   Section        0  engine.o(i._ZN6Engine14setSpriteLimitEt)
    i._ZN6Engine15disableGraphicsEv          0x08003550   Section        0  engine.o(i._ZN6Engine15disableGraphicsEv)
    i._ZN6Engine17displayFilledRectEhssssb   0x08003580   Section        0  engine.o(i._ZN6Engine17displayFilledRectEhssssb)
    i._ZN6Engine19displaySpriteMatrixEPK6Matrixasssshb 0x08003640   Section        0  engine.o(i._ZN6Engine19displaySpriteMatrixEPK6Matrixasssshb)
    i._ZN6Engine20displaySpriteBitMaskEPKhhsshshb 0x080037cc   Section        0  engine.o(i._ZN6Engine20displaySpriteBitMaskEPKhhsshshb)
    i._ZN6Engine21displaySpriteByteMaskEPKhhsssshb 0x08003904   Section        0  engine.o(i._ZN6Engine21displaySpriteByteMaskEPKhhsssshb)
    i._ZN6Engine5clearEv                     0x08003a40   Section        0  engine.o(i._ZN6Engine5clearEv)
    i._ZN6Engine9parseLineEsPt               0x08003a4c   Section        0  engine.o(i._ZN6Engine9parseLineEsPt)
    i.main                                   0x0800428c   Section        0  main.o(i.main)
    .constdata                               0x080043ec   Section       20  engine.o(.constdata)
    defColorPallete                          0x080043ec   Data          20  engine.o(.constdata)
    .constdata                               0x08004400   Section       12  input.o(.constdata)
    butEqPin                                 0x08004400   Data          12  input.o(.constdata)
    .constdata                               0x0800440c   Section      540  text.o(.constdata)
    symbols                                  0x0800440c   Data         432  text.o(.constdata)
    minus                                    0x080045bc   Data          12  text.o(.constdata)
    plus                                     0x080045c8   Data          12  text.o(.constdata)
    quote                                    0x080045d4   Data          12  text.o(.constdata)
    dot                                      0x080045e0   Data          12  text.o(.constdata)
    comma                                    0x080045ec   Data          12  text.o(.constdata)
    ground                                   0x080045f8   Data          12  text.o(.constdata)
    tilda                                    0x08004604   Data          12  text.o(.constdata)
    slash                                    0x08004610   Data          12  text.o(.constdata)
    exclamation                              0x0800461c   Data          12  text.o(.constdata)
    .data                                    0x20000000   Section       16  engine.o(.data)
    .data                                    0x20000010   Section        4  hardware.o(.data)
    .data                                    0x20000014   Section       24  input.o(.data)
    .data                                    0x2000002c   Section        1  main.o(.data)
    .data                                    0x20000030   Section        6  mem.o(.data)
    .data                                    0x20000038   Section        6  vex_loader.o(.data)
    .data                                    0x20000040   Section       32  sdcard.o(.data)
    .data                                    0x20000060   Section        7  sound.o(.data)
    .data                                    0x20000067   Section        5  config.o(.data)
    .data                                    0x2000006c   Section        2  display_ili9341.o(.data)
    .data                                    0x2000006e   Section       20  stm32f10x_rcc.o(.data)
    APBAHBPrescTable                         0x2000006e   Data          16  stm32f10x_rcc.o(.data)
    ADCPrescTable                            0x2000007e   Data           4  stm32f10x_rcc.o(.data)
    .bss                                     0x20000084   Section    19456  mem.o(.bss)
    .bss                                     0x20004c84   Section       96  libspace.o(.bss)
    STACK                                    0x20004ce8   Section      640  startup_stm32f10x_md.o(STACK)
    Stack_Mem                                0x20004ce8   Data         640  startup_stm32f10x_md.o(STACK)
    __initial_sp                             0x20004f68   Data           0  startup_stm32f10x_md.o(STACK)

    Global Symbols

    Symbol Name                              Value     Ov Type        Size  Object(Section)

    BuildAttributes$$THM_ISAv4$P$D$K$B$S$PE$A:L22UL41UL21$X:L11$S22US41US21$IEEE1$IW$USESV6$~STKCKD$USESV7$~SHL$OSPACE$ROPI$EBA8$UX$STANDARDLIB$REQ8$PRES8$EABIv2 0x00000000   Number         0  anon$$obj.o ABSOLUTE
    __ARM_use_no_argv                        0x00000000   Number         0  main.o ABSOLUTE
    __ARM_exceptions_init                     - Undefined Weak Reference
    __alloca_initialize                       - Undefined Weak Reference
    __arm_preinit_                            - Undefined Weak Reference
    __cpp_initialize__aeabi_                  - Undefined Weak Reference
    __cxa_finalize                            - Undefined Weak Reference
    __rt_locale                               - Undefined Weak Reference
    __sigvec_lookup                           - Undefined Weak Reference
    _atexit_init                              - Undefined Weak Reference
    _call_atexit_fns                          - Undefined Weak Reference
    _clock_init                               - Undefined Weak Reference
    _fp_trap_init                             - Undefined Weak Reference
    _fp_trap_shutdown                         - Undefined Weak Reference
    _get_lc_collate                           - Undefined Weak Reference
    _get_lc_ctype                             - Undefined Weak Reference
    _get_lc_monetary                          - Undefined Weak Reference
    _get_lc_numeric                           - Undefined Weak Reference
    _get_lc_time                              - Undefined Weak Reference
    _getenv_init                              - Undefined Weak Reference
    _handle_redirection                       - Undefined Weak Reference
    _init_alloc                               - Undefined Weak Reference
    _init_user_alloc                          - Undefined Weak Reference
    _initio                                   - Undefined Weak Reference
    _rand_init                                - Undefined Weak Reference
    _signal_finish                            - Undefined Weak Reference
    _signal_init                              - Undefined Weak Reference
    _terminate_alloc                          - Undefined Weak Reference
    _terminate_user_alloc                     - Undefined Weak Reference
    _terminateio                              - Undefined Weak Reference
    __Vectors_Size                           0x000000ec   Number         0  startup_stm32f10x_md.o ABSOLUTE
    __Vectors                                0x08000000   Data           4  startup_stm32f10x_md.o(RESET)
    __Vectors_End                            0x080000ec   Data           0  startup_stm32f10x_md.o(RESET)
    __main                                   0x080000ed   Thumb Code     8  __main.o(!!!main)
    __scatterload                            0x080000f5   Thumb Code     0  __scatter.o(!!!scatter)
    __scatterload_rt2                        0x080000f5   Thumb Code    44  __scatter.o(!!!scatter)
    __scatterload_rt2_thumb_only             0x080000f5   Thumb Code     0  __scatter.o(!!!scatter)
    __scatterload_null                       0x08000103   Thumb Code     0  __scatter.o(!!!scatter)
    __scatterload_copy                       0x08000129   Thumb Code    26  __scatter_copy.o(!!handler_copy)
    __scatterload_zeroinit                   0x08000145   Thumb Code    28  __scatter_zi.o(!!handler_zi)
    __rt_lib_init                            0x08000161   Thumb Code     0  libinit.o(.ARM.Collect$$libinit$$00000000)
    __rt_lib_init_alloca_1                   0x08000163   Thumb Code     0  libinit2.o(.ARM.Collect$$libinit$$0000002E)
    __rt_lib_init_argv_1                     0x08000163   Thumb Code     0  libinit2.o(.ARM.Collect$$libinit$$0000002C)
    __rt_lib_init_atexit_1                   0x08000163   Thumb Code     0  libinit2.o(.ARM.Collect$$libinit$$0000001B)
    __rt_lib_init_clock_1                    0x08000163   Thumb Code     0  libinit2.o(.ARM.Collect$$libinit$$00000021)
    __rt_lib_init_cpp_1                      0x08000163   Thumb Code     0  libinit2.o(.ARM.Collect$$libinit$$00000032)
    __rt_lib_init_exceptions_1               0x08000163   Thumb Code     0  libinit2.o(.ARM.Collect$$libinit$$00000030)
    __rt_lib_init_fp_1                       0x08000163   Thumb Code     0  libinit2.o(.ARM.Collect$$libinit$$00000002)
    __rt_lib_init_fp_trap_1                  0x08000163   Thumb Code     0  libinit2.o(.ARM.Collect$$libinit$$0000001F)
    __rt_lib_init_getenv_1                   0x08000163   Thumb Code     0  libinit2.o(.ARM.Collect$$libinit$$00000023)
    __rt_lib_init_heap_1                     0x08000163   Thumb Code     0  libinit2.o(.ARM.Collect$$libinit$$0000000A)
    __rt_lib_init_lc_collate_1               0x08000163   Thumb Code     0  libinit2.o(.ARM.Collect$$libinit$$00000011)
    __rt_lib_init_lc_ctype_1                 0x08000163   Thumb Code     0  libinit2.o(.ARM.Collect$$libinit$$00000013)
    __rt_lib_init_lc_monetary_1              0x08000163   Thumb Code     0  libinit2.o(.ARM.Collect$$libinit$$00000015)
    __rt_lib_init_lc_numeric_1               0x08000163   Thumb Code     0  libinit2.o(.ARM.Collect$$libinit$$00000017)
    __rt_lib_init_lc_time_1                  0x08000163   Thumb Code     0  libinit2.o(.ARM.Collect$$libinit$$00000019)
    __rt_lib_init_preinit_1                  0x08000163   Thumb Code     0  libinit2.o(.ARM.Collect$$libinit$$00000004)
    __rt_lib_init_rand_1                     0x08000163   Thumb Code     0  libinit2.o(.ARM.Collect$$libinit$$0000000E)
    __rt_lib_init_return                     0x08000163   Thumb Code     0  libinit2.o(.ARM.Collect$$libinit$$00000033)
    __rt_lib_init_signal_1                   0x08000163   Thumb Code     0  libinit2.o(.ARM.Collect$$libinit$$0000001D)
    __rt_lib_init_stdio_1                    0x08000163   Thumb Code     0  libinit2.o(.ARM.Collect$$libinit$$00000025)
    __rt_lib_init_user_alloc_1               0x08000163   Thumb Code     0  libinit2.o(.ARM.Collect$$libinit$$0000000C)
    __rt_lib_shutdown                        0x08000165   Thumb Code     0  libshutdown.o(.ARM.Collect$$libshutdown$$00000000)
    __rt_lib_shutdown_cpp_1                  0x08000167   Thumb Code     0  libshutdown2.o(.ARM.Collect$$libshutdown$$00000002)
    __rt_lib_shutdown_fp_trap_1              0x08000167   Thumb Code     0  libshutdown2.o(.ARM.Collect$$libshutdown$$00000007)
    __rt_lib_shutdown_heap_1                 0x08000167   Thumb Code     0  libshutdown2.o(.ARM.Collect$$libshutdown$$0000000F)
    __rt_lib_shutdown_return                 0x08000167   Thumb Code     0  libshutdown2.o(.ARM.Collect$$libshutdown$$00000010)
    __rt_lib_shutdown_signal_1               0x08000167   Thumb Code     0  libshutdown2.o(.ARM.Collect$$libshutdown$$0000000A)
    __rt_lib_shutdown_stdio_1                0x08000167   Thumb Code     0  libshutdown2.o(.ARM.Collect$$libshutdown$$00000004)
    __rt_lib_shutdown_user_alloc_1           0x08000167   Thumb Code     0  libshutdown2.o(.ARM.Collect$$libshutdown$$0000000C)
    __rt_entry                               0x08000169   Thumb Code     0  __rtentry.o(.ARM.Collect$$rtentry$$00000000)
    __rt_entry_presh_1                       0x08000169   Thumb Code     0  __rtentry2.o(.ARM.Collect$$rtentry$$00000002)
    __rt_entry_sh                            0x08000169   Thumb Code     0  __rtentry4.o(.ARM.Collect$$rtentry$$00000004)
    __rt_entry_li                            0x0800016f   Thumb Code     0  __rtentry2.o(.ARM.Collect$$rtentry$$0000000A)
    __rt_entry_postsh_1                      0x0800016f   Thumb Code     0  __rtentry2.o(.ARM.Collect$$rtentry$$00000009)
    __rt_entry_main                          0x08000173   Thumb Code     0  __rtentry2.o(.ARM.Collect$$rtentry$$0000000D)
    __rt_entry_postli_1                      0x08000173   Thumb Code     0  __rtentry2.o(.ARM.Collect$$rtentry$$0000000C)
    __rt_exit                                0x0800017b   Thumb Code     0  rtexit.o(.ARM.Collect$$rtexit$$00000000)
    __rt_exit_ls                             0x0800017d   Thumb Code     0  rtexit2.o(.ARM.Collect$$rtexit$$00000003)
    __rt_exit_prels_1                        0x0800017d   Thumb Code     0  rtexit2.o(.ARM.Collect$$rtexit$$00000002)
    __rt_exit_exit                           0x08000181   Thumb Code     0  rtexit2.o(.ARM.Collect$$rtexit$$00000004)
    Reset_Handler                            0x08000189   Thumb Code     8  startup_stm32f10x_md.o(.text)
    NMI_Handler                              0x08000191   Thumb Code     2  startup_stm32f10x_md.o(.text)
    HardFault_Handler                        0x08000193   Thumb Code     2  startup_stm32f10x_md.o(.text)
    MemManage_Handler                        0x08000195   Thumb Code     2  startup_stm32f10x_md.o(.text)
    BusFault_Handler                         0x08000197   Thumb Code     2  startup_stm32f10x_md.o(.text)
    UsageFault_Handler                       0x08000199   Thumb Code     2  startup_stm32f10x_md.o(.text)
    SVC_Handler                              0x0800019b   Thumb Code     2  startup_stm32f10x_md.o(.text)
    DebugMon_Handler                         0x0800019d   Thumb Code     2  startup_stm32f10x_md.o(.text)
    PendSV_Handler                           0x0800019f   Thumb Code     2  startup_stm32f10x_md.o(.text)
    SysTick_Handler                          0x080001a1   Thumb Code     2  startup_stm32f10x_md.o(.text)
    ADC1_2_IRQHandler                        0x080001a3   Thumb Code     0  startup_stm32f10x_md.o(.text)
    CAN1_RX1_IRQHandler                      0x080001a3   Thumb Code     0  startup_stm32f10x_md.o(.text)
    CAN1_SCE_IRQHandler                      0x080001a3   Thumb Code     0  startup_stm32f10x_md.o(.text)
    DMA1_Channel1_IRQHandler                 0x080001a3   Thumb Code     0  startup_stm32f10x_md.o(.text)
    DMA1_Channel2_IRQHandler                 0x080001a3   Thumb Code     0  startup_stm32f10x_md.o(.text)
    DMA1_Channel4_IRQHandler                 0x080001a3   Thumb Code     0  startup_stm32f10x_md.o(.text)
    DMA1_Channel5_IRQHandler                 0x080001a3   Thumb Code     0  startup_stm32f10x_md.o(.text)
    DMA1_Channel6_IRQHandler                 0x080001a3   Thumb Code     0  startup_stm32f10x_md.o(.text)
    DMA1_Channel7_IRQHandler                 0x080001a3   Thumb Code     0  startup_stm32f10x_md.o(.text)
    EXTI0_IRQHandler                         0x080001a3   Thumb Code     0  startup_stm32f10x_md.o(.text)
    EXTI15_10_IRQHandler                     0x080001a3   Thumb Code     0  startup_stm32f10x_md.o(.text)
    EXTI1_IRQHandler                         0x080001a3   Thumb Code     0  startup_stm32f10x_md.o(.text)
    EXTI2_IRQHandler                         0x080001a3   Thumb Code     0  startup_stm32f10x_md.o(.text)
    EXTI3_IRQHandler                         0x080001a3   Thumb Code     0  startup_stm32f10x_md.o(.text)
    EXTI4_IRQHandler                         0x080001a3   Thumb Code     0  startup_stm32f10x_md.o(.text)
    EXTI9_5_IRQHandler                       0x080001a3   Thumb Code     0  startup_stm32f10x_md.o(.text)
    FLASH_IRQHandler                         0x080001a3   Thumb Code     0  startup_stm32f10x_md.o(.text)
    I2C1_ER_IRQHandler                       0x080001a3   Thumb Code     0  startup_stm32f10x_md.o(.text)
    I2C1_EV_IRQHandler                       0x080001a3   Thumb Code     0  startup_stm32f10x_md.o(.text)
    I2C2_ER_IRQHandler                       0x080001a3   Thumb Code     0  startup_stm32f10x_md.o(.text)
    I2C2_EV_IRQHandler                       0x080001a3   Thumb Code     0  startup_stm32f10x_md.o(.text)
    PVD_IRQHandler                           0x080001a3   Thumb Code     0  startup_stm32f10x_md.o(.text)
    RCC_IRQHandler                           0x080001a3   Thumb Code     0  startup_stm32f10x_md.o(.text)
    RTCAlarm_IRQHandler                      0x080001a3   Thumb Code     0  startup_stm32f10x_md.o(.text)
    RTC_IRQHandler                           0x080001a3   Thumb Code     0  startup_stm32f10x_md.o(.text)
    SPI1_IRQHandler                          0x080001a3   Thumb Code     0  startup_stm32f10x_md.o(.text)
    SPI2_IRQHandler                          0x080001a3   Thumb Code     0  startup_stm32f10x_md.o(.text)
    TAMPER_IRQHandler                        0x080001a3   Thumb Code     0  startup_stm32f10x_md.o(.text)
    TIM1_BRK_IRQHandler                      0x080001a3   Thumb Code     0  startup_stm32f10x_md.o(.text)
    TIM1_CC_IRQHandler                       0x080001a3   Thumb Code     0  startup_stm32f10x_md.o(.text)
    TIM1_TRG_COM_IRQHandler                  0x080001a3   Thumb Code     0  startup_stm32f10x_md.o(.text)
    TIM1_UP_IRQHandler                       0x080001a3   Thumb Code     0  startup_stm32f10x_md.o(.text)
    USART1_IRQHandler                        0x080001a3   Thumb Code     0  startup_stm32f10x_md.o(.text)
    USART2_IRQHandler                        0x080001a3   Thumb Code     0  startup_stm32f10x_md.o(.text)
    USART3_IRQHandler                        0x080001a3   Thumb Code     0  startup_stm32f10x_md.o(.text)
    USBWakeUp_IRQHandler                     0x080001a3   Thumb Code     0  startup_stm32f10x_md.o(.text)
    USB_HP_CAN1_TX_IRQHandler                0x080001a3   Thumb Code     0  startup_stm32f10x_md.o(.text)
    USB_LP_CAN1_RX0_IRQHandler               0x080001a3   Thumb Code     0  startup_stm32f10x_md.o(.text)
    WWDG_IRQHandler                          0x080001a3   Thumb Code     0  startup_stm32f10x_md.o(.text)
    __user_initial_stackheap                 0x080001a5   Thumb Code     0  startup_stm32f10x_md.o(.text)
    strlen                                   0x080001c5   Thumb Code    62  strlen.o(.text)
    __aeabi_memcpy                           0x08000203   Thumb Code     0  rt_memcpy_v6.o(.text)
    __rt_memcpy                              0x08000203   Thumb Code   138  rt_memcpy_v6.o(.text)
    _memcpy_lastbytes                        0x08000269   Thumb Code     0  rt_memcpy_v6.o(.text)
    memcpy                                   0x0800028d   Thumb Code     8  memcpy.o(.text)
    memset                                   0x08000295   Thumb Code    22  memset.o(.text)
    __aeabi_memset                           0x080002ab   Thumb Code    16  aeabi_memset.o(.text)
    __aeabi_memclr                           0x080002bb   Thumb Code     0  rt_memclr.o(.text)
    __rt_memclr                              0x080002bb   Thumb Code    68  rt_memclr.o(.text)
    _memset                                  0x080002bf   Thumb Code     0  rt_memclr.o(.text)
    __aeabi_memclr4                          0x080002ff   Thumb Code     0  rt_memclr_w.o(.text)
    __aeabi_memclr8                          0x080002ff   Thumb Code     0  rt_memclr_w.o(.text)
    __rt_memclr_w                            0x080002ff   Thumb Code    78  rt_memclr_w.o(.text)
    _memset_w                                0x08000303   Thumb Code     0  rt_memclr_w.o(.text)
    __use_two_region_memory                  0x0800034d   Thumb Code     2  heapauxi.o(.text)
    __rt_heap_escrow$2region                 0x0800034f   Thumb Code     2  heapauxi.o(.text)
    __rt_heap_expand$2region                 0x08000351   Thumb Code     2  heapauxi.o(.text)
    __aeabi_memcpy4                          0x08000353   Thumb Code     0  rt_memcpy_w.o(.text)
    __aeabi_memcpy8                          0x08000353   Thumb Code     0  rt_memcpy_w.o(.text)
    __rt_memcpy_w                            0x08000353   Thumb Code   100  rt_memcpy_w.o(.text)
    _memcpy_lastbytes_aligned                0x0800039b   Thumb Code     0  rt_memcpy_w.o(.text)
    __user_setup_stackheap                   0x080003b7   Thumb Code    74  sys_stackheap_outer.o(.text)
    exit                                     0x08000401   Thumb Code    18  exit.o(.text)
    __user_libspace                          0x08000415   Thumb Code     8  libspace.o(.text)
    __user_perproc_libspace                  0x08000415   Thumb Code     0  libspace.o(.text)
    __user_perthread_libspace                0x08000415   Thumb Code     0  libspace.o(.text)
    _sys_exit                                0x0800041d   Thumb Code     8  sys_exit.o(.text)
    __I$use$semihosting                      0x08000429   Thumb Code     0  use_no_semi.o(.text)
    __use_no_semihosting_swi                 0x08000429   Thumb Code     2  use_no_semi.o(.text)
    ADC_AutoInjectedConvCmd                  0x0800042b   Thumb Code    22  stm32f10x_adc.o(i.ADC_AutoInjectedConvCmd)
    __semihosting_library_function           0x0800042b   Thumb Code     0  indicate_semi.o(.text)
    ADC_Cmd                                  0x08000441   Thumb Code    22  stm32f10x_adc.o(i.ADC_Cmd)
    ADC_ExternalTrigInjectedConvConfig       0x08000457   Thumb Code    16  stm32f10x_adc.o(i.ADC_ExternalTrigInjectedConvConfig)
    ADC_GetCalibrationStatus                 0x08000467   Thumb Code    20  stm32f10x_adc.o(i.ADC_GetCalibrationStatus)
    ADC_GetInjectedConversionValue           0x0800047b   Thumb Code    28  stm32f10x_adc.o(i.ADC_GetInjectedConversionValue)
    ADC_GetResetCalibrationStatus            0x08000497   Thumb Code    20  stm32f10x_adc.o(i.ADC_GetResetCalibrationStatus)
    ADC_Init                                 0x080004ad   Thumb Code    70  stm32f10x_adc.o(i.ADC_Init)
    ADC_InjectedChannelConfig                0x080004fd   Thumb Code   130  stm32f10x_adc.o(i.ADC_InjectedChannelConfig)
    ADC_InjectedSequencerLengthConfig        0x0800057f   Thumb Code    24  stm32f10x_adc.o(i.ADC_InjectedSequencerLengthConfig)
    ADC_ResetCalibration                     0x08000597   Thumb Code    10  stm32f10x_adc.o(i.ADC_ResetCalibration)
    ADC_SoftwareStartInjectedConvCmd         0x080005a1   Thumb Code    22  stm32f10x_adc.o(i.ADC_SoftwareStartInjectedConvCmd)
    ADC_StartCalibration                     0x080005b7   Thumb Code    10  stm32f10x_adc.o(i.ADC_StartCalibration)
    DMA1_Channel3_IRQHandler                 0x080005c1   Thumb Code    36  display_ili9341.o(i.DMA1_Channel3_IRQHandler)
    DMA_ClearITPendingBit                    0x080005f1   Thumb Code    18  stm32f10x_dma.o(i.DMA_ClearITPendingBit)
    DMA_Cmd                                  0x0800060d   Thumb Code    24  stm32f10x_dma.o(i.DMA_Cmd)
    DMA_ITConfig                             0x08000625   Thumb Code    18  stm32f10x_dma.o(i.DMA_ITConfig)
    DMA_Init                                 0x08000637   Thumb Code    60  stm32f10x_dma.o(i.DMA_Init)
    GPIO_Init                                0x08000673   Thumb Code   278  stm32f10x_gpio.o(i.GPIO_Init)
    GPIO_WriteBit                            0x08000789   Thumb Code    10  stm32f10x_gpio.o(i.GPIO_WriteBit)
    RCC_ADCCLKConfig                         0x08000795   Thumb Code    18  stm32f10x_rcc.o(i.RCC_ADCCLKConfig)
    RCC_AHBPeriphClockCmd                    0x080007ad   Thumb Code    26  stm32f10x_rcc.o(i.RCC_AHBPeriphClockCmd)
    RCC_APB1PeriphClockCmd                   0x080007cd   Thumb Code    26  stm32f10x_rcc.o(i.RCC_APB1PeriphClockCmd)
    RCC_APB2PeriphClockCmd                   0x080007ed   Thumb Code    26  stm32f10x_rcc.o(i.RCC_APB2PeriphClockCmd)
    RCC_GetClocksFreq                        0x0800080d   Thumb Code   192  stm32f10x_rcc.o(i.RCC_GetClocksFreq)
    SPI_Cmd                                  0x080008e1   Thumb Code    24  stm32f10x_spi.o(i.SPI_Cmd)
    SPI_I2S_DMACmd                           0x080008f9   Thumb Code    18  stm32f10x_spi.o(i.SPI_I2S_DMACmd)
    SPI_I2S_GetFlagStatus                    0x0800090b   Thumb Code    18  stm32f10x_spi.o(i.SPI_I2S_GetFlagStatus)
    SPI_Init                                 0x0800091d   Thumb Code    60  stm32f10x_spi.o(i.SPI_Init)
    SystemInit                               0x08000a41   Thumb Code    78  system_stm32f10x.o(i.SystemInit)
    TIM2_IRQHandler                          0x08000aa1   Thumb Code    28  hardware.o(i.TIM2_IRQHandler)
    TIM3_IRQHandler                          0x08000ac1   Thumb Code    58  sound.o(i.TIM3_IRQHandler)
    TIM4_IRQHandler                          0x08000b15   Thumb Code    20  display_ili9341.o(i.TIM4_IRQHandler)
    FSCloseDir(DirectoryReader*)             0x08000b31   Thumb Code    20  sdcard.o(i._Z10FSCloseDirP15DirectoryReader)
    FSReadFile(char*)                        0x08000b45   Thumb Code    72  sdcard.o(i._Z10FSReadFilePc)
    SDGetDWord(unsigned)                     0x08000b8d   Thumb Code    46  sdcard.o(i._Z10SDGetDWordj)
    SDSetDWord(unsigned, int)                0x08000bc1   Thumb Code    44  sdcard.o(i._Z10SDSetDWordji)
    clearTimer()                             0x08000bf1   Thumb Code     8  hardware.o(i._Z10clearTimerv)
    configInit()                             0x08000bfd   Thumb Code    18  config.o(i._Z10configInitv)
    getFreeMem()                             0x08000c15   Thumb Code    62  mem.o(i._Z10getFreeMemv)
    readConfig(CoreConfig*, unsigned)        0x08000c5d   Thumb Code    60  config.o(i._Z10readConfigP10CoreConfigj)
    saveConfig()                             0x08000ca5   Thumb Code    58  config.o(i._Z10saveConfigv)
    FSWriteFile(const char*)                 0x08000cf1   Thumb Code   438  sdcard.o(i._Z11FSWriteFilePKc)
    applyConfig(CoreConfig*, unsigned)       0x08000ead   Thumb Code    30  config.o(i._Z11applyConfigP10CoreConfigj)
    checkHeader(VexMainHeader*)              0x08000ed1   Thumb Code    58  vex_loader.o(i._Z11checkHeaderP13VexMainHeader)
    clearMemory(const unsigned char*)        0x08000f0d   Thumb Code    68  vex_loader.o(i._Z11clearMemoryPKh)
    delayByLoop(unsigned)                    0x08000f55   Thumb Code    12  helpers.o(i._Z11delayByLoopj)
    displaySync()                            0x08000f61   Thumb Code    10  vex_loader.o(i._Z11displaySyncv)
    flash_ready()                            0x08000f71   Thumb Code    14  vex_loader.o(i._Z11flash_readyv)
    FSGetCluster(const char*, FileInfo*, int*, int*) 0x08000f85   Thumb Code   374  sdcard.o(i._Z12FSGetClusterPKcP8FileInfoPiS3_)
    SDReadSector(unsigned)                   0x0800110d   Thumb Code   140  sdcard.o(i._Z12SDReadSectorj)
    disableSound()                           0x080011a5   Thumb Code    68  sound.o(i._Z12disableSoundv)
    enableMemory(char*, unsigned short)      0x080011ed   Thumb Code    46  mem.o(i._Z12enableMemoryPct)
    initHardware()                           0x08001225   Thumb Code   518  hardware.o(i._Z12initHardwarev)
    unlockMemory()                           0x08001445   Thumb Code    12  vex_loader.o(i._Z12unlockMemoryv)
    SDClearBuffer()                          0x0800145d   Thumb Code    24  sdcard.o(i._Z13SDClearBufferv)
    SDSendCommand(unsigned char, unsigned)   0x08001479   Thumb Code   158  sdcard.o(i._Z13SDSendCommandhj)
    SDWriteSector(unsigned)                  0x0800151d   Thumb Code   198  sdcard.o(i._Z13SDWriteSectorj)
    debugInternal()                          0x080015ed   Thumb Code    56  vex_loader.o(i._Z13debugInternalv)
    FSClearCluster(int)                      0x08001635   Thumb Code    46  sdcard.o(i._Z14FSClearClusteri)
    FSReadNextFile(DirectoryReader*)         0x0800166d   Thumb Code   292  sdcard.o(i._Z14FSReadNextFileP15DirectoryReader)
    SDControlBuffer()                        0x0800179d   Thumb Code    42  sdcard.o(i._Z15SDControlBufferv)
    enableSoundMono(unsigned short, unsigned char, unsigned short(*)()) 0x080017d1   Thumb Code   176  sound.o(i._Z15enableSoundMonothPFtvE)
    FSGetStartSector(int)                    0x08001895   Thumb Code    18  sdcard.o(i._Z16FSGetStartSectori)
    FSMakeNewCluster()                       0x080018b1   Thumb Code    70  sdcard.o(i._Z16FSMakeNewClusterv)
    FSGetClusterValue(int)                   0x08001919   Thumb Code    46  sdcard.o(i._Z17FSGetClusterValuei)
    FSSetClusterValue(int, int)              0x0800194d   Thumb Code    60  sdcard.o(i._Z17FSSetClusterValueii)
    getTimerWithClear()                      0x0800198d   Thumb Code    12  hardware.o(i._Z17getTimerWithClearv)
    FSGetEmptyFilePlace(int, int*, int*)     0x0800199d   Thumb Code   120  sdcard.o(i._Z19FSGetEmptyFilePlaceiPiS_)
    getAdcValueForXAxis()                    0x08001a1d   Thumb Code    18  hardware.o(i._Z19getAdcValueForXAxisv)
    getAdcValueForYAxis()                    0x08001a35   Thumb Code    18  hardware.o(i._Z19getAdcValueForYAxisv)
    FSRemoveClusterChain(int)                0x08001a4d   Thumb Code    42  sdcard.o(i._Z20FSRemoveClusterChaini)
    FSGetNameFromFileStruct(unsigned char*, char*) 0x08001a77   Thumb Code   110  sdcard.o(i._Z23FSGetNameFromFileStructPhPc)
    cmp(char*, char*)                        0x08001ae5   Thumb Code    28  helpers.o(i._Z3cmpPcS_)
    run(char*, char*)                        0x08001b01   Thumb Code    30  vex_loader.o(i._Z3runPcS_)
    cmpi(char*, char*)                       0x08001b1f   Thumb Code    42  helpers.o(i._Z4cmpiPcS_)
    free(void*)                              0x08001b49   Thumb Code   130  mem.o(i._Z4freePv)
    itoa(int, char*)                         0x08001bd5   Thumb Code    74  helpers.o(i._Z4itoaiPc)
    rand()                                   0x08001c1f   Thumb Code    68  helpers.o(i._Z4randv)
    sCmp(const char*, const char*)           0x08001c63   Thumb Code    46  vex_loader.o(i._Z4sCmpPKcS0_)
    FSRead(FileWorker*, void*, unsigned)     0x08001c91   Thumb Code   172  sdcard.o(i._Z6FSReadP10FileWorkerPvj)
    SDInit()                                 0x08001d45   Thumb Code   176  sdcard.o(i._Z6SDInitv)
    getCmd(char*)                            0x08001df9   Thumb Code   708  vex_loader.o(i._Z6getCmdPc)
    malloc(unsigned)                         0x080023e5   Thumb Code   194  mem.o(i._Z6mallocj)
    setFPS(unsigned short)                   0x080024b1   Thumb Code    14  vex_loader.o(i._Z6setFPSt)
    FSClose(FileWorker*)                     0x080024c5   Thumb Code    52  sdcard.o(i._Z7FSCloseP10FileWorker)
    FSWrite(FileWorker*, const void*, int)   0x080024f9   Thumb Code   164  sdcard.o(i._Z7FSWriteP10FileWorkerPKvi)
    message(char*)                           0x080025a5   Thumb Code    28  main.o(i._Z7messagePc)
    reverse(char*)                           0x080025c5   Thumb Code    38  helpers.o(i._Z7reversePc)
    runGame()                                0x080025ed   Thumb Code    46  vex_loader.o(i._Z7runGamev)
    spiRead()                                0x08002629   Thumb Code    10  sdcard.o(i._Z7spiReadv)
    spiSend(unsigned char)                   0x08002635   Thumb Code    46  sdcard.o(i._Z7spiSendh)
    toUpper(char)                            0x08002669   Thumb Code    22  helpers.o(i._Z7toUpperc)
    SDEnable()                               0x08002681   Thumb Code   178  sdcard.o(i._Z8SDEnablev)
    __divsi3(int, int)                       0x08002755   Thumb Code     8  helpers.o(i._Z8__divsi3ii)
    __modsi3(int, int)                       0x0800275d   Thumb Code    12  helpers.o(i._Z8__modsi3ii)
    getTimer()                               0x08002769   Thumb Code     6  hardware.o(i._Z8getTimerv)
    loadGame(char*, char*)                   0x08002775   Thumb Code   542  vex_loader.o(i._Z8loadGamePcS_)
    saveCode(const char*, const char*, unsigned) 0x080029a5   Thumb Code    84  vex_loader.o(i._Z8saveCodePKcS0_j)
    FSReadDir(char*)                         0x080029fd   Thumb Code    74  sdcard.o(i._Z9FSReadDirPc)
    SDGetByte(unsigned)                      0x08002a49   Thumb Code    10  sdcard.o(i._Z9SDGetBytej)
    SDGetWord(unsigned)                      0x08002a59   Thumb Code    24  sdcard.o(i._Z9SDGetWordj)
    SDSetWord(unsigned, short)               0x08002a75   Thumb Code    22  sdcard.o(i._Z9SDSetWordjs)
    __udivsi3(unsigned, unsigned)            0x08002a91   Thumb Code     8  helpers.o(i._Z9__udivsi3jj)
    __umodsi3(unsigned, unsigned)            0x08002a99   Thumb Code    12  helpers.o(i._Z9__umodsi3jj)
    getConfig(CoreConfig*, unsigned)         0x08002aa5   Thumb Code    30  config.o(i._Z9getConfigP10CoreConfigj)
    Display_ILI9341::writeData8(unsigned char) 0x08002ac9   Thumb Code    36  display_ili9341.o(i._ZN15Display_ILI934110writeData8Eh)
    Display_ILI9341::writeData16(unsigned short) 0x08002af5   Thumb Code    58  display_ili9341.o(i._ZN15Display_ILI934111writeData16Et)
    Display_ILI9341::displayClear(unsigned char) 0x08002b39   Thumb Code   148  display_ili9341.o(i._ZN15Display_ILI934112displayClearEh)
    Display_ILI9341::initFPSTimer(unsigned short) 0x08002bd9   Thumb Code    92  display_ili9341.o(i._ZN15Display_ILI934112initFPSTimerEt)
    Display_ILI9341::draw()                  0x08002c39   Thumb Code   284  display_ili9341.o(i._ZN15Display_ILI93414drawEv)
    Display_ILI9341::init()                  0x08002d65   Thumb Code   806  display_ili9341.o(i._ZN15Display_ILI93414initEv)
    Display_ILI9341::setCol(unsigned short, unsigned short) 0x08003095   Thumb Code    34  display_ili9341.o(i._ZN15Display_ILI93416setColEtt)
    Display_ILI9341::setFPS(unsigned short)  0x080030b7   Thumb Code    18  display_ili9341.o(i._ZN15Display_ILI93416setFPSEt)
    Display_ILI9341::initDMA(unsigned short*) 0x080030c9   Thumb Code    88  display_ili9341.o(i._ZN15Display_ILI93417initDMAEPt)
    Display_ILI9341::sendCMD(unsigned char)  0x08003129   Thumb Code    56  display_ili9341.o(i._ZN15Display_ILI93417sendCMDEh)
    Display_ILI9341::setPage(unsigned short, unsigned short) 0x08003169   Thumb Code    34  display_ili9341.o(i._ZN15Display_ILI93417setPageEtt)
    Text::displayString(const char*, unsigned char, unsigned short, unsigned short, bool) 0x0800318d   Thumb Code   226  text.o(i._ZN4Text13displayStringEPKchttb)
    Input::getState(unsigned char)           0x08003299   Thumb Code    36  input.o(i._ZN5Input8getStateEh)
    Input::getXAxis()                        0x080032c5   Thumb Code    38  input.o(i._ZN5Input8getXAxisEv)
    Input::getYAxis()                        0x080032f1   Thumb Code    38  input.o(i._ZN5Input8getYAxisEv)
    Engine::setPalette(const unsigned short*) 0x0800331d   Thumb Code    16  engine.o(i._ZN6Engine10setPaletteEPKt)
    Engine::displayRect(unsigned char, short, short, short, short, bool) 0x08003335   Thumb Code   178  engine.o(i._ZN6Engine11displayRectEhssssb)
    Engine::setFillColor(unsigned char)      0x080033f5   Thumb Code    24  engine.o(i._ZN6Engine12setFillColorEh)
    Engine::setLineClear(bool)               0x08003411   Thumb Code     6  engine.o(i._ZN6Engine12setLineClearEb)
    Engine::displaySprite(const unsigned char*, short, short, short, short, unsigned char, bool) 0x0800341d   Thumb Code   248  engine.o(i._ZN6Engine13displaySpriteEPKhsssshb)
    Engine::setSpriteLimit(unsigned short)   0x08003521   Thumb Code    40  engine.o(i._ZN6Engine14setSpriteLimitEt)
    Engine::disableGraphics()                0x08003551   Thumb Code    34  engine.o(i._ZN6Engine15disableGraphicsEv)
    Engine::displayFilledRect(unsigned char, short, short, short, short, bool) 0x08003581   Thumb Code   178  engine.o(i._ZN6Engine17displayFilledRectEhssssb)
    Engine::displaySpriteMatrix(const Matrix*, signed char, short, short, short, short, unsigned char, bool) 0x08003641   Thumb Code   384  engine.o(i._ZN6Engine19displaySpriteMatrixEPK6Matrixasssshb)
    Engine::displaySpriteBitMask(const unsigned char*, unsigned char, short, short, unsigned char, short, unsigned char, bool) 0x080037cd   Thumb Code   300  engine.o(i._ZN6Engine20displaySpriteBitMaskEPKhhsshshb)
    Engine::displaySpriteByteMask(const unsigned char*, unsigned char, short, short, short, short, unsigned char, bool) 0x08003905   Thumb Code   302  engine.o(i._ZN6Engine21displaySpriteByteMaskEPKhhsssshb)
    Engine::clear()                          0x08003a41   Thumb Code     8  engine.o(i._ZN6Engine5clearEv)
    Engine::parseLine(short, unsigned short*) 0x08003a4d   Thumb Code  2112  engine.o(i._ZN6Engine9parseLineEsPt)
    main                                     0x0800428d   Thumb Code   204  main.o(i.main)
    Region$$Table$$Base                      0x08004628   Number         0  anon$$obj.o(Region$$Table)
    Region$$Table$$Limit                     0x08004648   Number         0  anon$$obj.o(Region$$Table)
    spriteCash                               0x20000000   Data           4  engine.o(.data)
    spriteCount                              0x20000004   Data           1  engine.o(.data)
    fillColor                                0x20000005   Data           1  engine.o(.data)
    maxSprites                               0x20000006   Data           2  engine.o(.data)
    lineClear                                0x20000008   Data           1  engine.o(.data)
    colorPallete                             0x2000000c   Data           4  engine.o(.data)
    tmrCounter                               0x20000010   Data           4  hardware.o(.data)
    butEqPort                                0x20000014   Data          24  input.o(.data)
    display                                  0x2000002c   Data           1  main.o(.data)
    mem                                      0x20000030   Data           4  mem.o(.data)
    blocksNum                                0x20000034   Data           2  mem.o(.data)
    entryPoint                               0x20000038   Data           4  vex_loader.o(.data)
    ramProgOccupied                          0x2000003c   Data           2  vex_loader.o(.data)
    buffer                                   0x20000040   Data           4  sdcard.o(.data)
    currentSector                            0x20000044   Data           4  sdcard.o(.data)
    SDHC                                     0x20000048   Data           1  sdcard.o(.data)
    SDError                                  0x20000049   Data           1  sdcard.o(.data)
    sectorsPerCluster                        0x2000004a   Data           1  sdcard.o(.data)
    fatCount                                 0x2000004b   Data           1  sdcard.o(.data)
    fatSize                                  0x2000004c   Data           4  sdcard.o(.data)
    fatStartAddr                             0x20000050   Data           4  sdcard.o(.data)
    cluster2Addr                             0x20000054   Data           4  sdcard.o(.data)
    rootClusterAddr                          0x20000058   Data           4  sdcard.o(.data)
    rootAddr                                 0x2000005c   Data           4  sdcard.o(.data)
    _callback                                0x20000060   Data           4  sound.o(.data)
    sample                                   0x20000064   Data           1  sound.o(.data)
    shLeft                                   0x20000065   Data           1  sound.o(.data)
    shRight                                  0x20000066   Data           1  sound.o(.data)
    sysConfig                                0x20000067   Data           5  config.o(.data)
    sendLineDone                             0x2000006c   Data           1  display_ili9341.o(.data)
    allowFrame                               0x2000006d   Data           1  display_ili9341.o(.data)
    ram                                      0x20000084   Data       19456  mem.o(.bss)
    __libspace_start                         0x20004c84   Data          96  libspace.o(.bss)
    __temporary_stack_top$libspace           0x20004ce4   Data           0  libspace.o(.bss)



==============================================================================

Memory Map of the image

  Image Entry point : 0x08000189

  Load Region LR_1 (Base: 0x08000000, Size: 0x000046cc, Max: 0xffffffff, ABSOLUTE)

    Execution Region ER_RO (Exec base: 0x08000000, Load base: 0x08000000, Size: 0x00004648, Max: 0xffffffff, ABSOLUTE)

    Exec Addr    Load Addr    Size         Type   Attr      Idx    E Section Name        Object

    0x08000000   0x08000000   0x000000ec   Data   RO         3106    RESET               startup_stm32f10x_md.o
    0x080000ec   0x080000ec   0x00000008   Code   RO         3175  * !!!main             c_w.l(__main.o)
    0x080000f4   0x080000f4   0x00000034   Code   RO         3334    !!!scatter          c_w.l(__scatter.o)
    0x08000128   0x08000128   0x0000001a   Code   RO         3336    !!handler_copy      c_w.l(__scatter_copy.o)
    0x08000142   0x08000142   0x00000002   PAD
    0x08000144   0x08000144   0x0000001c   Code   RO         3338    !!handler_zi        c_w.l(__scatter_zi.o)
    0x08000160   0x08000160   0x00000002   Code   RO         3204    .ARM.Collect$$libinit$$00000000  c_w.l(libinit.o)
    0x08000162   0x08000162   0x00000000   Code   RO         3211    .ARM.Collect$$libinit$$00000002  c_w.l(libinit2.o)
    0x08000162   0x08000162   0x00000000   Code   RO         3213    .ARM.Collect$$libinit$$00000004  c_w.l(libinit2.o)
    0x08000162   0x08000162   0x00000000   Code   RO         3216    .ARM.Collect$$libinit$$0000000A  c_w.l(libinit2.o)
    0x08000162   0x08000162   0x00000000   Code   RO         3218    .ARM.Collect$$libinit$$0000000C  c_w.l(libinit2.o)
    0x08000162   0x08000162   0x00000000   Code   RO         3220    .ARM.Collect$$libinit$$0000000E  c_w.l(libinit2.o)
    0x08000162   0x08000162   0x00000000   Code   RO         3223    .ARM.Collect$$libinit$$00000011  c_w.l(libinit2.o)
    0x08000162   0x08000162   0x00000000   Code   RO         3225    .ARM.Collect$$libinit$$00000013  c_w.l(libinit2.o)
    0x08000162   0x08000162   0x00000000   Code   RO         3227    .ARM.Collect$$libinit$$00000015  c_w.l(libinit2.o)
    0x08000162   0x08000162   0x00000000   Code   RO         3229    .ARM.Collect$$libinit$$00000017  c_w.l(libinit2.o)
    0x08000162   0x08000162   0x00000000   Code   RO         3231    .ARM.Collect$$libinit$$00000019  c_w.l(libinit2.o)
    0x08000162   0x08000162   0x00000000   Code   RO         3233    .ARM.Collect$$libinit$$0000001B  c_w.l(libinit2.o)
    0x08000162   0x08000162   0x00000000   Code   RO         3235    .ARM.Collect$$libinit$$0000001D  c_w.l(libinit2.o)
    0x08000162   0x08000162   0x00000000   Code   RO         3237    .ARM.Collect$$libinit$$0000001F  c_w.l(libinit2.o)
    0x08000162   0x08000162   0x00000000   Code   RO         3239    .ARM.Collect$$libinit$$00000021  c_w.l(libinit2.o)
    0x08000162   0x08000162   0x00000000   Code   RO         3241    .ARM.Collect$$libinit$$00000023  c_w.l(libinit2.o)
    0x08000162   0x08000162   0x00000000   Code   RO         3243    .ARM.Collect$$libinit$$00000025  c_w.l(libinit2.o)
    0x08000162   0x08000162   0x00000000   Code   RO         3247    .ARM.Collect$$libinit$$0000002C  c_w.l(libinit2.o)
    0x08000162   0x08000162   0x00000000   Code   RO         3249    .ARM.Collect$$libinit$$0000002E  c_w.l(libinit2.o)
    0x08000162   0x08000162   0x00000000   Code   RO         3251    .ARM.Collect$$libinit$$00000030  c_w.l(libinit2.o)
    0x08000162   0x08000162   0x00000000   Code   RO         3253    .ARM.Collect$$libinit$$00000032  c_w.l(libinit2.o)
    0x08000162   0x08000162   0x00000002   Code   RO         3254    .ARM.Collect$$libinit$$00000033  c_w.l(libinit2.o)
    0x08000164   0x08000164   0x00000002   Code   RO         3274    .ARM.Collect$$libshutdown$$00000000  c_w.l(libshutdown.o)
    0x08000166   0x08000166   0x00000000   Code   RO         3287    .ARM.Collect$$libshutdown$$00000002  c_w.l(libshutdown2.o)
    0x08000166   0x08000166   0x00000000   Code   RO         3289    .ARM.Collect$$libshutdown$$00000004  c_w.l(libshutdown2.o)
    0x08000166   0x08000166   0x00000000   Code   RO         3292    .ARM.Collect$$libshutdown$$00000007  c_w.l(libshutdown2.o)
    0x08000166   0x08000166   0x00000000   Code   RO         3295    .ARM.Collect$$libshutdown$$0000000A  c_w.l(libshutdown2.o)
    0x08000166   0x08000166   0x00000000   Code   RO         3297    .ARM.Collect$$libshutdown$$0000000C  c_w.l(libshutdown2.o)
    0x08000166   0x08000166   0x00000000   Code   RO         3300    .ARM.Collect$$libshutdown$$0000000F  c_w.l(libshutdown2.o)
    0x08000166   0x08000166   0x00000002   Code   RO         3301    .ARM.Collect$$libshutdown$$00000010  c_w.l(libshutdown2.o)
    0x08000168   0x08000168   0x00000000   Code   RO         3177    .ARM.Collect$$rtentry$$00000000  c_w.l(__rtentry.o)
    0x08000168   0x08000168   0x00000000   Code   RO         3181    .ARM.Collect$$rtentry$$00000002  c_w.l(__rtentry2.o)
    0x08000168   0x08000168   0x00000006   Code   RO         3193    .ARM.Collect$$rtentry$$00000004  c_w.l(__rtentry4.o)
    0x0800016e   0x0800016e   0x00000000   Code   RO         3183    .ARM.Collect$$rtentry$$00000009  c_w.l(__rtentry2.o)
    0x0800016e   0x0800016e   0x00000004   Code   RO         3184    .ARM.Collect$$rtentry$$0000000A  c_w.l(__rtentry2.o)
    0x08000172   0x08000172   0x00000000   Code   RO         3186    .ARM.Collect$$rtentry$$0000000C  c_w.l(__rtentry2.o)
    0x08000172   0x08000172   0x00000008   Code   RO         3187    .ARM.Collect$$rtentry$$0000000D  c_w.l(__rtentry2.o)
    0x0800017a   0x0800017a   0x00000002   Code   RO         3208    .ARM.Collect$$rtexit$$00000000  c_w.l(rtexit.o)
    0x0800017c   0x0800017c   0x00000000   Code   RO         3256    .ARM.Collect$$rtexit$$00000002  c_w.l(rtexit2.o)
    0x0800017c   0x0800017c   0x00000004   Code   RO         3257    .ARM.Collect$$rtexit$$00000003  c_w.l(rtexit2.o)
    0x08000180   0x08000180   0x00000006   Code   RO         3258    .ARM.Collect$$rtexit$$00000004  c_w.l(rtexit2.o)
    0x08000186   0x08000186   0x00000002   PAD
    0x08000188   0x08000188   0x0000003c   Code   RO         3107  * .text               startup_stm32f10x_md.o
    0x080001c4   0x080001c4   0x0000003e   Code   RO         3159    .text               c_w.l(strlen.o)
    0x08000202   0x08000202   0x0000008a   Code   RO         3161    .text               c_w.l(rt_memcpy_v6.o)
    0x0800028c   0x0800028c   0x00000008   Code   RO         3163    .text               c_w.l(memcpy.o)
    0x08000294   0x08000294   0x00000016   Code   RO         3165    .text               c_w.l(memset.o)
    0x080002aa   0x080002aa   0x00000010   Code   RO         3167    .text               c_w.l(aeabi_memset.o)
    0x080002ba   0x080002ba   0x00000044   Code   RO         3169    .text               c_w.l(rt_memclr.o)
    0x080002fe   0x080002fe   0x0000004e   Code   RO         3171    .text               c_w.l(rt_memclr_w.o)
    0x0800034c   0x0800034c   0x00000006   Code   RO         3173    .text               c_w.l(heapauxi.o)
    0x08000352   0x08000352   0x00000064   Code   RO         3178    .text               c_w.l(rt_memcpy_w.o)
    0x080003b6   0x080003b6   0x0000004a   Code   RO         3195    .text               c_w.l(sys_stackheap_outer.o)
    0x08000400   0x08000400   0x00000012   Code   RO         3197    .text               c_w.l(exit.o)
    0x08000412   0x08000412   0x00000002   PAD
    0x08000414   0x08000414   0x00000008   Code   RO         3205    .text               c_w.l(libspace.o)
    0x0800041c   0x0800041c   0x0000000c   Code   RO         3266    .text               c_w.l(sys_exit.o)
    0x08000428   0x08000428   0x00000002   Code   RO         3277    .text               c_w.l(use_no_semi.o)
    0x0800042a   0x0800042a   0x00000000   Code   RO         3279    .text               c_w.l(indicate_semi.o)
    0x0800042a   0x0800042a   0x00000016   Code   RO         1313    i.ADC_AutoInjectedConvCmd  stm32f10x_adc.o
    0x08000440   0x08000440   0x00000016   Code   RO         1316    i.ADC_Cmd           stm32f10x_adc.o
    0x08000456   0x08000456   0x00000010   Code   RO         1323    i.ADC_ExternalTrigInjectedConvConfig  stm32f10x_adc.o
    0x08000466   0x08000466   0x00000014   Code   RO         1324    i.ADC_GetCalibrationStatus  stm32f10x_adc.o
    0x0800047a   0x0800047a   0x0000001c   Code   RO         1329    i.ADC_GetInjectedConversionValue  stm32f10x_adc.o
    0x08000496   0x08000496   0x00000014   Code   RO         1330    i.ADC_GetResetCalibrationStatus  stm32f10x_adc.o
    0x080004aa   0x080004aa   0x00000002   PAD
    0x080004ac   0x080004ac   0x00000050   Code   RO         1334    i.ADC_Init          stm32f10x_adc.o
    0x080004fc   0x080004fc   0x00000082   Code   RO         1335    i.ADC_InjectedChannelConfig  stm32f10x_adc.o
    0x0800057e   0x0800057e   0x00000018   Code   RO         1337    i.ADC_InjectedSequencerLengthConfig  stm32f10x_adc.o
    0x08000596   0x08000596   0x0000000a   Code   RO         1339    i.ADC_ResetCalibration  stm32f10x_adc.o
    0x080005a0   0x080005a0   0x00000016   Code   RO         1342    i.ADC_SoftwareStartInjectedConvCmd  stm32f10x_adc.o
    0x080005b6   0x080005b6   0x0000000a   Code   RO         1343    i.ADC_StartCalibration  stm32f10x_adc.o
    0x080005c0   0x080005c0   0x00000030   Code   RO         1080    i.DMA1_Channel3_IRQHandler  display_ili9341.o
    0x080005f0   0x080005f0   0x0000001c   Code   RO         1545    i.DMA_ClearITPendingBit  stm32f10x_dma.o
    0x0800060c   0x0800060c   0x00000018   Code   RO         1546    i.DMA_Cmd           stm32f10x_dma.o
    0x08000624   0x08000624   0x00000012   Code   RO         1551    i.DMA_ITConfig      stm32f10x_dma.o
    0x08000636   0x08000636   0x0000003c   Code   RO         1552    i.DMA_Init          stm32f10x_dma.o
    0x08000672   0x08000672   0x00000116   Code   RO         1820    i.GPIO_Init         stm32f10x_gpio.o
    0x08000788   0x08000788   0x0000000a   Code   RO         1831    i.GPIO_WriteBit     stm32f10x_gpio.o
    0x08000792   0x08000792   0x00000002   PAD
    0x08000794   0x08000794   0x00000018   Code   RO         1940    i.RCC_ADCCLKConfig  stm32f10x_rcc.o
    0x080007ac   0x080007ac   0x00000020   Code   RO         1941    i.RCC_AHBPeriphClockCmd  stm32f10x_rcc.o
    0x080007cc   0x080007cc   0x00000020   Code   RO         1942    i.RCC_APB1PeriphClockCmd  stm32f10x_rcc.o
    0x080007ec   0x080007ec   0x00000020   Code   RO         1944    i.RCC_APB2PeriphClockCmd  stm32f10x_rcc.o
    0x0800080c   0x0800080c   0x000000d4   Code   RO         1952    i.RCC_GetClocksFreq  stm32f10x_rcc.o
    0x080008e0   0x080008e0   0x00000018   Code   RO         2157    i.SPI_Cmd           stm32f10x_spi.o
    0x080008f8   0x080008f8   0x00000012   Code   RO         2163    i.SPI_I2S_DMACmd    stm32f10x_spi.o
    0x0800090a   0x0800090a   0x00000012   Code   RO         2165    i.SPI_I2S_GetFlagStatus  stm32f10x_spi.o
    0x0800091c   0x0800091c   0x0000003c   Code   RO         2170    i.SPI_Init          stm32f10x_spi.o
    0x08000958   0x08000958   0x00000008   Code   RO         3114    i.SetSysClock       system_stm32f10x.o
    0x08000960   0x08000960   0x000000e0   Code   RO         3115    i.SetSysClockTo72   system_stm32f10x.o
    0x08000a40   0x08000a40   0x00000060   Code   RO         3117    i.SystemInit        system_stm32f10x.o
    0x08000aa0   0x08000aa0   0x00000020   Code   RO          180    i.TIM2_IRQHandler   hardware.o
    0x08000ac0   0x08000ac0   0x00000054   Code   RO          984    i.TIM3_IRQHandler   sound.o
    0x08000b14   0x08000b14   0x0000001c   Code   RO         1081    i.TIM4_IRQHandler   display_ili9341.o
    0x08000b30   0x08000b30   0x00000014   Code   RO          710    i._Z10FSCloseDirP15DirectoryReader  sdcard.o
    0x08000b44   0x08000b44   0x00000048   Code   RO          711    i._Z10FSReadFilePc  sdcard.o
    0x08000b8c   0x08000b8c   0x00000034   Code   RO          712    i._Z10SDGetDWordj   sdcard.o
    0x08000bc0   0x08000bc0   0x00000030   Code   RO          713    i._Z10SDSetDWordji  sdcard.o
    0x08000bf0   0x08000bf0   0x0000000c   Code   RO          181    i._Z10clearTimerv   hardware.o
    0x08000bfc   0x08000bfc   0x00000018   Code   RO         1027    i._Z10configInitv   config.o
    0x08000c14   0x08000c14   0x00000048   Code   RO          471    i._Z10getFreeMemv   mem.o
    0x08000c5c   0x08000c5c   0x00000048   Code   RO         1028    i._Z10readConfigP10CoreConfigj  config.o
    0x08000ca4   0x08000ca4   0x0000004c   Code   RO         1029    i._Z10saveConfigv   config.o
    0x08000cf0   0x08000cf0   0x000001bc   Code   RO          715    i._Z11FSWriteFilePKc  sdcard.o
    0x08000eac   0x08000eac   0x00000024   Code   RO         1030    i._Z11applyConfigP10CoreConfigj  config.o
    0x08000ed0   0x08000ed0   0x0000003a   Code   RO          531    i._Z11checkHeaderP13VexMainHeader  vex_loader.o
    0x08000f0a   0x08000f0a   0x00000002   PAD
    0x08000f0c   0x08000f0c   0x00000048   Code   RO          532    i._Z11clearMemoryPKh  vex_loader.o
    0x08000f54   0x08000f54   0x0000000c   Code   RO          258    i._Z11delayByLoopj  helpers.o
    0x08000f60   0x08000f60   0x00000010   Code   RO          533    i._Z11displaySyncv  vex_loader.o
    0x08000f70   0x08000f70   0x00000014   Code   RO          534    i._Z11flash_readyv  vex_loader.o
    0x08000f84   0x08000f84   0x00000188   Code   RO          716    i._Z12FSGetClusterPKcP8FileInfoPiS3_  sdcard.o
    0x0800110c   0x0800110c   0x00000098   Code   RO          717    i._Z12SDReadSectorj  sdcard.o
    0x080011a4   0x080011a4   0x00000048   Code   RO          985    i._Z12disableSoundv  sound.o
    0x080011ec   0x080011ec   0x00000038   Code   RO          472    i._Z12enableMemoryPct  mem.o
    0x08001224   0x08001224   0x00000220   Code   RO          182    i._Z12initHardwarev  hardware.o
    0x08001444   0x08001444   0x00000018   Code   RO          535    i._Z12unlockMemoryv  vex_loader.o
    0x0800145c   0x0800145c   0x0000001c   Code   RO          718    i._Z13SDClearBufferv  sdcard.o
    0x08001478   0x08001478   0x000000a4   Code   RO          719    i._Z13SDSendCommandhj  sdcard.o
    0x0800151c   0x0800151c   0x000000d0   Code   RO          720    i._Z13SDWriteSectorj  sdcard.o
    0x080015ec   0x080015ec   0x00000048   Code   RO          536    i._Z13debugInternalv  vex_loader.o
    0x08001634   0x08001634   0x00000038   Code   RO          721    i._Z14FSClearClusteri  sdcard.o
    0x0800166c   0x0800166c   0x00000130   Code   RO          722    i._Z14FSReadNextFileP15DirectoryReader  sdcard.o
    0x0800179c   0x0800179c   0x00000034   Code   RO          723    i._Z15SDControlBufferv  sdcard.o
    0x080017d0   0x080017d0   0x000000c4   Code   RO          986    i._Z15enableSoundMonothPFtvE  sound.o
    0x08001894   0x08001894   0x0000001c   Code   RO          724    i._Z16FSGetStartSectori  sdcard.o
    0x080018b0   0x080018b0   0x0000004c   Code   RO          725    i._Z16FSMakeNewClusterv  sdcard.o
    0x080018fc   0x080018fc   0x0000001a   Code   RO         1082    i._Z16__NVIC_EnableIRQ4IRQn  display_ili9341.o
    0x08001916   0x08001916   0x00000002   PAD
    0x08001918   0x08001918   0x00000034   Code   RO          726    i._Z17FSGetClusterValuei  sdcard.o
    0x0800194c   0x0800194c   0x00000040   Code   RO          727    i._Z17FSSetClusterValueii  sdcard.o
    0x0800198c   0x0800198c   0x00000010   Code   RO          183    i._Z17getTimerWithClearv  hardware.o
    0x0800199c   0x0800199c   0x00000080   Code   RO          728    i._Z19FSGetEmptyFilePlaceiPiS_  sdcard.o
    0x08001a1c   0x08001a1c   0x00000018   Code   RO          184    i._Z19getAdcValueForXAxisv  hardware.o
    0x08001a34   0x08001a34   0x00000018   Code   RO          185    i._Z19getAdcValueForYAxisv  hardware.o
    0x08001a4c   0x08001a4c   0x0000002a   Code   RO          729    i._Z20FSRemoveClusterChaini  sdcard.o
    0x08001a76   0x08001a76   0x0000006e   Code   RO          730    i._Z23FSGetNameFromFileStructPhPc  sdcard.o
    0x08001ae4   0x08001ae4   0x0000001c   Code   RO          259    i._Z3cmpPcS_        helpers.o
    0x08001b00   0x08001b00   0x0000001e   Code   RO          537    i._Z3runPcS_        vex_loader.o
    0x08001b1e   0x08001b1e   0x0000002a   Code   RO          260    i._Z4cmpiPcS_       helpers.o
    0x08001b48   0x08001b48   0x0000008c   Code   RO          474    i._Z4freePv         mem.o
    0x08001bd4   0x08001bd4   0x0000004a   Code   RO          261    i._Z4itoaiPc        helpers.o
    0x08001c1e   0x08001c1e   0x00000044   Code   RO          262    i._Z4randv          helpers.o
    0x08001c62   0x08001c62   0x0000002e   Code   RO          538    i._Z4sCmpPKcS0_     vex_loader.o
    0x08001c90   0x08001c90   0x000000b4   Code   RO          731    i._Z6FSReadP10FileWorkerPvj  sdcard.o
    0x08001d44   0x08001d44   0x000000b4   Code   RO          733    i._Z6SDInitv        sdcard.o
    0x08001df8   0x08001df8   0x000005ec   Code   RO          539    i._Z6getCmdPc       vex_loader.o
    0x080023e4   0x080023e4   0x000000cc   Code   RO          475    i._Z6mallocj        mem.o
    0x080024b0   0x080024b0   0x00000014   Code   RO          541    i._Z6setFPSt        vex_loader.o
    0x080024c4   0x080024c4   0x00000034   Code   RO          735    i._Z7FSCloseP10FileWorker  sdcard.o
    0x080024f8   0x080024f8   0x000000ac   Code   RO          736    i._Z7FSWriteP10FileWorkerPKvi  sdcard.o
    0x080025a4   0x080025a4   0x00000020   Code   RO          401    i._Z7messagePc      main.o
    0x080025c4   0x080025c4   0x00000026   Code   RO          263    i._Z7reversePc      helpers.o
    0x080025ea   0x080025ea   0x00000002   PAD
    0x080025ec   0x080025ec   0x0000003c   Code   RO          542    i._Z7runGamev       vex_loader.o
    0x08002628   0x08002628   0x0000000a   Code   RO          737    i._Z7spiReadv       sdcard.o
    0x08002632   0x08002632   0x00000002   PAD
    0x08002634   0x08002634   0x00000034   Code   RO          738    i._Z7spiSendh       sdcard.o
    0x08002668   0x08002668   0x00000016   Code   RO          264    i._Z7toUpperc       helpers.o
    0x0800267e   0x0800267e   0x00000002   PAD
    0x08002680   0x08002680   0x000000d4   Code   RO          739    i._Z8SDEnablev      sdcard.o
    0x08002754   0x08002754   0x00000008   Code   RO          265    i._Z8__divsi3ii     helpers.o
    0x0800275c   0x0800275c   0x0000000c   Code   RO          266    i._Z8__modsi3ii     helpers.o
    0x08002768   0x08002768   0x0000000c   Code   RO          186    i._Z8getTimerv      hardware.o
    0x08002774   0x08002774   0x00000230   Code   RO          543    i._Z8loadGamePcS_   vex_loader.o
    0x080029a4   0x080029a4   0x00000058   Code   RO          544    i._Z8saveCodePKcS0_j  vex_loader.o
    0x080029fc   0x080029fc   0x0000004a   Code   RO          740    i._Z9FSReadDirPc    sdcard.o
    0x08002a46   0x08002a46   0x00000002   PAD
    0x08002a48   0x08002a48   0x00000010   Code   RO          742    i._Z9SDGetBytej     sdcard.o
    0x08002a58   0x08002a58   0x0000001c   Code   RO          743    i._Z9SDGetWordj     sdcard.o
    0x08002a74   0x08002a74   0x0000001c   Code   RO          745    i._Z9SDSetWordjs    sdcard.o
    0x08002a90   0x08002a90   0x00000008   Code   RO          267    i._Z9__udivsi3jj    helpers.o
    0x08002a98   0x08002a98   0x0000000c   Code   RO          268    i._Z9__umodsi3jj    helpers.o
    0x08002aa4   0x08002aa4   0x00000024   Code   RO         1031    i._Z9getConfigP10CoreConfigj  config.o
    0x08002ac8   0x08002ac8   0x0000002c   Code   RO         1083    i._ZN15Display_ILI934110writeData8Eh  display_ili9341.o
    0x08002af4   0x08002af4   0x00000044   Code   RO         1084    i._ZN15Display_ILI934111writeData16Et  display_ili9341.o
    0x08002b38   0x08002b38   0x000000a0   Code   RO         1085    i._ZN15Display_ILI934112displayClearEh  display_ili9341.o
    0x08002bd8   0x08002bd8   0x00000060   Code   RO         1086    i._ZN15Display_ILI934112initFPSTimerEt  display_ili9341.o
    0x08002c38   0x08002c38   0x0000012c   Code   RO         1087    i._ZN15Display_ILI93414drawEv  display_ili9341.o
    0x08002d64   0x08002d64   0x00000330   Code   RO         1088    i._ZN15Display_ILI93414initEv  display_ili9341.o
    0x08003094   0x08003094   0x00000022   Code   RO         1091    i._ZN15Display_ILI93416setColEtt  display_ili9341.o
    0x080030b6   0x080030b6   0x00000012   Code   RO         1092    i._ZN15Display_ILI93416setFPSEt  display_ili9341.o
    0x080030c8   0x080030c8   0x00000060   Code   RO         1093    i._ZN15Display_ILI93417initDMAEPt  display_ili9341.o
    0x08003128   0x08003128   0x00000040   Code   RO         1094    i._ZN15Display_ILI93417sendCMDEh  display_ili9341.o
    0x08003168   0x08003168   0x00000022   Code   RO         1095    i._ZN15Display_ILI93417setPageEtt  display_ili9341.o
    0x0800318a   0x0800318a   0x00000002   PAD
    0x0800318c   0x0800318c   0x0000010c   Code   RO          445    i._ZN4Text13displayStringEPKchttb  text.o
    0x08003298   0x08003298   0x0000002c   Code   RO          353    i._ZN5Input8getStateEh  input.o
    0x080032c4   0x080032c4   0x0000002c   Code   RO          354    i._ZN5Input8getXAxisEv  input.o
    0x080032f0   0x080032f0   0x0000002c   Code   RO          355    i._ZN5Input8getYAxisEv  input.o
    0x0800331c   0x0800331c   0x00000018   Code   RO            4    i._ZN6Engine10setPaletteEPKt  engine.o
    0x08003334   0x08003334   0x000000c0   Code   RO            5    i._ZN6Engine11displayRectEhssssb  engine.o
    0x080033f4   0x080033f4   0x0000001c   Code   RO            6    i._ZN6Engine12setFillColorEh  engine.o
    0x08003410   0x08003410   0x0000000c   Code   RO            7    i._ZN6Engine12setLineClearEb  engine.o
    0x0800341c   0x0800341c   0x00000104   Code   RO            8    i._ZN6Engine13displaySpriteEPKhsssshb  engine.o
    0x08003520   0x08003520   0x00000030   Code   RO            9    i._ZN6Engine14setSpriteLimitEt  engine.o
    0x08003550   0x08003550   0x00000030   Code   RO           10    i._ZN6Engine15disableGraphicsEv  engine.o
    0x08003580   0x08003580   0x000000c0   Code   RO           11    i._ZN6Engine17displayFilledRectEhssssb  engine.o
    0x08003640   0x08003640   0x0000018c   Code   RO           12    i._ZN6Engine19displaySpriteMatrixEPK6Matrixasssshb  engine.o
    0x080037cc   0x080037cc   0x00000138   Code   RO           13    i._ZN6Engine20displaySpriteBitMaskEPKhhsshshb  engine.o
    0x08003904   0x08003904   0x0000013c   Code   RO           14    i._ZN6Engine21displaySpriteByteMaskEPKhhsssshb  engine.o
    0x08003a40   0x08003a40   0x0000000c   Code   RO           15    i._ZN6Engine5clearEv  engine.o
    0x08003a4c   0x08003a4c   0x00000840   Code   RO           16    i._ZN6Engine9parseLineEsPt  engine.o
    0x0800428c   0x0800428c   0x00000160   Code   RO          402    i.main              main.o
    0x080043ec   0x080043ec   0x00000014   Data   RO           30    .constdata          engine.o
    0x08004400   0x08004400   0x0000000c   Data   RO          359    .constdata          input.o
    0x0800440c   0x0800440c   0x0000021c   Data   RO          447    .constdata          text.o
    0x08004628   0x08004628   0x00000020   Data   RO         3332    Region$$Table       anon$$obj.o


    Execution Region ER_RW (Exec base: 0x20000000, Load base: 0x08004648, Size: 0x00000084, Max: 0xffffffff, ABSOLUTE)

    Exec Addr    Load Addr    Size         Type   Attr      Idx    E Section Name        Object

    0x20000000   0x08004648   0x00000010   Data   RW           31    .data               engine.o
    0x20000010   0x08004658   0x00000004   Data   RW          194    .data               hardware.o
    0x20000014   0x0800465c   0x00000018   Data   RW          360    .data               input.o
    0x2000002c   0x08004674   0x00000001   Data   RW          405    .data               main.o
    0x2000002d   0x08004675   0x00000003   PAD
    0x20000030   0x08004678   0x00000006   Data   RW          482    .data               mem.o
    0x20000036   0x0800467e   0x00000002   PAD
    0x20000038   0x08004680   0x00000006   Data   RW          559    .data               vex_loader.o
    0x2000003e   0x08004686   0x00000002   PAD
    0x20000040   0x08004688   0x00000020   Data   RW          782    .data               sdcard.o
    0x20000060   0x080046a8   0x00000007   Data   RW          990    .data               sound.o
    0x20000067   0x080046af   0x00000005   Data   RW         1037    .data               config.o
    0x2000006c   0x080046b4   0x00000002   Data   RW         1114    .data               display_ili9341.o
    0x2000006e   0x080046b6   0x00000014   Data   RW         1972    .data               stm32f10x_rcc.o


    Execution Region ER_ZI (Exec base: 0x20000084, Load base: 0x080046cc, Size: 0x00004ee4, Max: 0xffffffff, ABSOLUTE)

    Exec Addr    Load Addr    Size         Type   Attr      Idx    E Section Name        Object

    0x20000084        -       0x00004c00   Zero   RW          481    .bss                mem.o
    0x20004c84        -       0x00000060   Zero   RW         3206    .bss                c_w.l(libspace.o)
    0x20004ce4   0x080046cc   0x00000004   PAD
    0x20004ce8        -       0x00000280   Zero   RW         3105    STACK               startup_stm32f10x_md.o


==============================================================================

Image component sizes


      Code (inc. data)   RO Data    RW Data    ZI Data      Debug   Object Name

       244         48          0          5          0       3505   config.o
      1832         96          0          2          0       8531   display_ili9341.o
      3952        158         20         16          0     261581   engine.o
       664         56          0          4          0      29905   hardware.o
       324          0          0          0          0       5367   helpers.o
       132         20         12         24          0       1992   input.o
       384        152          0          1          0       3543   main.o
       472         40          0          6      19456       3256   mem.o
         0          0          0          0          0     249692   misc.o
      3496        208          0         32          0      21278   sdcard.o
       352         50          0          7          0      27160   sound.o
        60         18        236          0        640        788   startup_stm32f10x_md.o
       404         10          0          0          0       9753   stm32f10x_adc.o
       130         10          0          0          0       4080   stm32f10x_dma.o
       288          0          0          0          0       2668   stm32f10x_gpio.o
       332         44          0         20          0       5753   stm32f10x_rcc.o
       120          0          0          0          0       3530   stm32f10x_spi.o
       328         28          0          0          0       1881   system_stm32f10x.o
       268         42        540          0          0       1768   text.o
      2582        894          0          6          0       9513   vex_loader.o

    ----------------------------------------------------------------------
     16382       1874        840        132      20096     655544   Object Totals
         0          0         32          0          0          0   (incl. Generated)
        18          0          0          9          0          0   (incl. Padding)

    ----------------------------------------------------------------------

      Code (inc. data)   RO Data    RW Data    ZI Data      Debug   Library Member Name

         8          0          0          0          0         68   __main.o
         0          0          0          0          0          0   __rtentry.o
        12          0          0          0          0          0   __rtentry2.o
         6          0          0          0          0          0   __rtentry4.o
        52          8          0          0          0          0   __scatter.o
        26          0          0          0          0          0   __scatter_copy.o
        28          0          0          0          0          0   __scatter_zi.o
        16          0          0          0          0         68   aeabi_memset.o
        18          0          0          0          0         80   exit.o
         6          0          0          0          0        152   heapauxi.o
         0          0          0          0          0          0   indicate_semi.o
         2          0          0          0          0          0   libinit.o
         2          0          0          0          0          0   libinit2.o
         2          0          0          0          0          0   libshutdown.o
         2          0          0          0          0          0   libshutdown2.o
         8          4          0          0         96         68   libspace.o
         8          0          0          0          0         76   memcpy.o
        22          0          0          0          0         76   memset.o
        68          0          0          0          0         68   rt_memclr.o
        78          0          0          0          0         80   rt_memclr_w.o
       138          0          0          0          0         68   rt_memcpy_v6.o
       100          0          0          0          0         80   rt_memcpy_w.o
         2          0          0          0          0          0   rtexit.o
        10          0          0          0          0          0   rtexit2.o
        62          0          0          0          0         76   strlen.o
        12          4          0          0          0         68   sys_exit.o
        74          0          0          0          0         80   sys_stackheap_outer.o
         2          0          0          0          0         68   use_no_semi.o

    ----------------------------------------------------------------------
       770         16          0          0        100       1176   Library Totals
         6          0          0          0          4          0   (incl. Padding)

    ----------------------------------------------------------------------

      Code (inc. data)   RO Data    RW Data    ZI Data      Debug   Library Name

       764         16          0          0         96       1176   c_w.l

    ----------------------------------------------------------------------
       770         16          0          0        100       1176   Library Totals

    ----------------------------------------------------------------------

==============================================================================


      Code (inc. data)   RO Data    RW Data    ZI Data      Debug   

     17152       1890        840        132      20196     649228   Grand Totals
     17152       1890        840        132      20196     649228   ELF Image Totals
     17152       1890        840        132          0          0   ROM Totals

==============================================================================

    Total RO  Size (Code + RO Data)                17992 (  17.57kB)
    Total RW  Size (RW Data + ZI Data)             20328 (  19.85kB)
    Total ROM Size (Code + RO Data + RW Data)      18124 (  17.70kB)

==============================================================================

